
 Start         Length     Name                   Class
 0001:00401000 0009959CH .text                   CODE
 0002:0049B000 00000C6CH .itext                  ICODE
 0003:0049C000 00011A28H .data                   DATA
 0004:004AE000 00005130H .bss                    BSS
 0005:00000000 00000000H .tls                    TLS


Detailed map of segments

 0001:00000000 0000985D C=CODE     S=.text    G=(none)   M=System   ACBP=A9
 0001:00009860 000001A8 C=CODE     S=.text    G=(none)   M=SysInit  ACBP=A9
 0001:00009A08 00000350 C=CODE     S=.text    G=(none)   M=SysConst ACBP=A9
 0001:00009D58 00000649 C=CODE     S=.text    G=(none)   M=Windows  ACBP=A9
 0001:0000A3A4 00000170 C=CODE     S=.text    G=(none)   M=RTLConsts ACBP=A9
 0001:0000A514 000001D0 C=CODE     S=.text    G=(none)   M=Character ACBP=A9
 0001:0000A6E4 00000131 C=CODE     S=.text    G=(none)   M=StrUtils ACBP=A9
 0001:0000A818 0000E03F C=CODE     S=.text    G=(none)   M=SysUtils ACBP=A9
 0001:00018858 000007D3 C=CODE     S=.text    G=(none)   M=VarUtils ACBP=A9
 0001:0001902C 0000818C C=CODE     S=.text    G=(none)   M=Variants ACBP=A9
 0001:000211B8 0000180B C=CODE     S=.text    G=(none)   M=TypInfo  ACBP=A9
 0001:000229C4 000172B8 C=CODE     S=.text    G=(none)   M=Classes  ACBP=A9
 0001:00039C7C 00000460 C=CODE     S=.text    G=(none)   M=_Int_DLL ACBP=A9
 0001:0003A0DC 00000423 C=CODE     S=.text    G=(none)   M=TlHelp32 ACBP=A9
 0001:0003A500 000008D3 C=CODE     S=.text    G=(none)   M=SyncObjs ACBP=A9
 0001:0003ADD4 00011AE4 C=CODE     S=.text    G=(none)   M=pcre     ACBP=A9
 0001:0004C8B8 00002FEC C=CODE     S=.text    G=(none)   M=PerlRegEx ACBP=A9
 0001:0004F8A4 000002F0 C=CODE     S=.text    G=(none)   M=DateUtils ACBP=A9
 0001:0004FB94 00000AC4 C=CODE     S=.text    G=(none)   M=IOUtils  ACBP=A9
 0001:00050658 000022BB C=CODE     S=.text    G=(none)   M=IniFiles ACBP=A9
 0001:00052914 000007EF C=CODE     S=.text    G=(none)   M=IdException ACBP=A9
 0001:00053104 000004F7 C=CODE     S=.text    G=(none)   M=IdStreamVCL ACBP=A9
 0001:000535FC 00000228 C=CODE     S=.text    G=(none)   M=IdResourceStrings ACBP=A9
 0001:00053824 000074AA C=CODE     S=.text    G=(none)   M=IdGlobal ACBP=A9
 0001:0005ACD0 00000398 C=CODE     S=.text    G=(none)   M=IdBaseComponent ACBP=A9
 0001:0005B068 00008D93 C=CODE     S=.text    G=(none)   M=IdWinsock2 ACBP=A9
 0001:00063DFC 0000103E C=CODE     S=.text    G=(none)   M=IdWship6 ACBP=A9
 0001:00064E3C 000003EA C=CODE     S=.text    G=(none)   M=IdIDN    ACBP=A9
 0001:00065228 00001621 C=CODE     S=.text    G=(none)   M=IdStackBSDBase ACBP=A9
 0001:0006684C 00003AF7 C=CODE     S=.text    G=(none)   M=IdStackWindows ACBP=A9
 0001:0006A344 00003C6F C=CODE     S=.text    G=(none)   M=IdStack  ACBP=A9
 0001:0006DFB4 00000918 C=CODE     S=.text    G=(none)   M=IdComponent ACBP=A9
 0001:0006E8CC 000004B4 C=CODE     S=.text    G=(none)   M=IdAntiFreezeBase ACBP=A9
 0001:0006ED80 00001C16 C=CODE     S=.text    G=(none)   M=IdSocketHandle ACBP=A9
 0001:00070998 00000DAC C=CODE     S=.text    G=(none)   M=IdUDPBase ACBP=A9
 0001:00071744 00000148 C=CODE     S=.text    G=(none)   M=IdResourceStringsCore ACBP=A9
 0001:0007188C 000021B2 C=CODE     S=.text    G=(none)   M=IdBuffer ACBP=A9
 0001:00073A40 00000724 C=CODE     S=.text    G=(none)   M=IdIntercept ACBP=A9
 0001:00074164 0000176B C=CODE     S=.text    G=(none)   M=IdExceptionCore ACBP=A9
 0001:000758D0 00005B3B C=CODE     S=.text    G=(none)   M=IdIOHandler ACBP=A9
 0001:0007B40C 00000C5C C=CODE     S=.text    G=(none)   M=IdCustomTransparentProxy ACBP=A9
 0001:0007C068 00000D1A C=CODE     S=.text    G=(none)   M=IdReply  ACBP=A9
 0001:0007CD84 00000741 C=CODE     S=.text    G=(none)   M=IdReplyRFC ACBP=A9
 0001:0007D4C8 00000C53 C=CODE     S=.text    G=(none)   M=IdIOHandlerStack ACBP=A9
 0001:0007E11C 000014D1 C=CODE     S=.text    G=(none)   M=IdTCPConnection ACBP=A9
 0001:0007F5F0 0000116A C=CODE     S=.text    G=(none)   M=IdTCPClient ACBP=A9
 0001:0008075C 00000688 C=CODE     S=.text    G=(none)   M=IdIPAddress ACBP=A9
 0001:00080DE4 00000D79 C=CODE     S=.text    G=(none)   M=IdIOHandlerSocket ACBP=A9
 0001:00081B60 00003160 C=CODE     S=.text    G=(none)   M=IdSocks  ACBP=A9
 0001:00084CC0 00001380 C=CODE     S=.text    G=(none)   M=IdUDPClient ACBP=A9
 0001:00086040 000081B5 C=CODE     S=.text    G=(none)   M=IdCharsets ACBP=A9
 0001:0008E1F8 000001C6 C=CODE     S=.text    G=(none)   M=Registry ACBP=A9
 0001:0008E3C0 00002566 C=CODE     S=.text    G=(none)   M=IdGlobalProtocols ACBP=A9
 0001:00090928 00000890 C=CODE     S=.text    G=(none)   M=IdSNTP   ACBP=A9
 0001:000911B8 00000006 C=CODE     S=.text    G=(none)   M=ShellAPI ACBP=A9
 0001:000911C0 000051AD C=CODE     S=.text    G=(none)   M=Unit_AppFunc ACBP=A9
 0001:00096370 0000322A C=CODE     S=.text    G=(none)   M=AppFunc  ACBP=A9
 0002:00000000 000000AA C=ICODE    S=.itext   G=(none)   M=System   ACBP=A9
 0002:000000AC 00000016 C=ICODE    S=.itext   G=(none)   M=Windows  ACBP=A9
 0002:000000C4 000000B4 C=ICODE    S=.itext   G=(none)   M=SysUtils ACBP=A9
 0002:00000178 0000000F C=ICODE    S=.itext   G=(none)   M=VarUtils ACBP=A9
 0002:00000188 000000AA C=ICODE    S=.itext   G=(none)   M=Variants ACBP=A9
 0002:00000234 00000008 C=ICODE    S=.itext   G=(none)   M=TypInfo  ACBP=A9
 0002:0000023C 0000009D C=ICODE    S=.itext   G=(none)   M=Classes  ACBP=A9
 0002:000002DC 0000000F C=ICODE    S=.itext   G=(none)   M=SyncObjs ACBP=A9
 0002:000002EC 00000460 C=ICODE    S=.itext   G=(none)   M=IOUtils  ACBP=A9
 0002:0000074C 00000008 C=ICODE    S=.itext   G=(none)   M=IniFiles ACBP=A9
 0002:00000754 00000060 C=ICODE    S=.itext   G=(none)   M=IdGlobal ACBP=A9
 0002:000007B4 00000254 C=ICODE    S=.itext   G=(none)   M=IdWinsock2 ACBP=A9
 0002:00000A08 00000008 C=ICODE    S=.itext   G=(none)   M=IdWship6 ACBP=A9
 0002:00000A10 00000008 C=ICODE    S=.itext   G=(none)   M=IdIDN    ACBP=A9
 0002:00000A18 0000008C C=ICODE    S=.itext   G=(none)   M=IdStackWindows ACBP=A9
 0002:00000AA4 0000002F C=ICODE    S=.itext   G=(none)   M=IdStack  ACBP=A9
 0002:00000AD4 00000014 C=ICODE    S=.itext   G=(none)   M=IdComponent ACBP=A9
 0002:00000AE8 00000008 C=ICODE    S=.itext   G=(none)   M=IdIOHandler ACBP=A9
 0002:00000AF0 00000014 C=ICODE    S=.itext   G=(none)   M=IdIOHandlerStack ACBP=A9
 0002:00000B04 00000008 C=ICODE    S=.itext   G=(none)   M=IdCharsets ACBP=A9
 0002:00000B0C 00000008 C=ICODE    S=.itext   G=(none)   M=Registry ACBP=A9
 0002:00000B14 000000D4 C=ICODE    S=.itext   G=(none)   M=IdGlobalProtocols ACBP=A9
 0002:00000BE8 0000006C C=ICODE    S=.itext   G=(none)   M=Unit_AppFunc ACBP=A9
 0002:00000C54 00000015 C=ICODE    S=.itext   G=(none)   M=AppFunc  ACBP=A9
 0003:00000000 000009F8 C=DATA     S=.data    G=DGROUP   M=System   ACBP=A9
 0003:000009F8 00000034 C=DATA     S=.data    G=DGROUP   M=SysInit  ACBP=A9
 0003:00000A2C 0000000C C=DATA     S=.data    G=DGROUP   M=Windows  ACBP=A9
 0003:00000A38 00000100 C=DATA     S=.data    G=DGROUP   M=Character ACBP=A9
 0003:00000B38 000002DC C=DATA     S=.data    G=DGROUP   M=SysUtils ACBP=A9
 0003:00000E14 00000008 C=DATA     S=.data    G=DGROUP   M=VarUtils ACBP=A9
 0003:00000E1C 00000152 C=DATA     S=.data    G=DGROUP   M=Variants ACBP=A9
 0003:00000F70 0000000C C=DATA     S=.data    G=DGROUP   M=TypInfo  ACBP=A9
 0003:00000F7C 000000E8 C=DATA     S=.data    G=DGROUP   M=Classes  ACBP=A9
 0003:00001064 0000E6B0 C=DATA     S=.data    G=DGROUP   M=pcre     ACBP=A9
 0003:0000F714 00000030 C=DATA     S=.data    G=DGROUP   M=IOUtils  ACBP=A9
 0003:0000F744 0000000C C=DATA     S=.data    G=DGROUP   M=IniFiles ACBP=A9
 0003:0000F750 00000078 C=DATA     S=.data    G=DGROUP   M=IdGlobal ACBP=A9
 0003:0000F7C8 00000278 C=DATA     S=.data    G=DGROUP   M=IdWinsock2 ACBP=A9
 0003:0000FA40 00000048 C=DATA     S=.data    G=DGROUP   M=IdWship6 ACBP=A9
 0003:0000FA88 00000008 C=DATA     S=.data    G=DGROUP   M=IdStackConsts ACBP=A9
 0003:0000FA90 00000028 C=DATA     S=.data    G=DGROUP   M=IdIDN    ACBP=A9
 0003:0000FAB8 0000000C C=DATA     S=.data    G=DGROUP   M=IdStackBSDBase ACBP=A9
 0003:0000FAC4 00000024 C=DATA     S=.data    G=DGROUP   M=IdStackWindows ACBP=A9
 0003:0000FAE8 00000014 C=DATA     S=.data    G=DGROUP   M=IdStack  ACBP=A9
 0003:0000FAFC 00000024 C=DATA     S=.data    G=DGROUP   M=IdComponent ACBP=A9
 0003:0000FB20 00000004 C=DATA     S=.data    G=DGROUP   M=IdAntiFreezeBase ACBP=A9
 0003:0000FB24 00000008 C=DATA     S=.data    G=DGROUP   M=IdIOHandler ACBP=A9
 0003:0000FB2C 00000E40 C=DATA     S=.data    G=DGROUP   M=IdCharsets ACBP=A9
 0003:0001096C 00000024 C=DATA     S=.data    G=DGROUP   M=Registry ACBP=A9
 0003:00010990 00000AF8 C=DATA     S=.data    G=DGROUP   M=IdGlobalProtocols ACBP=A9
 0003:00011488 00000034 C=DATA     S=.data    G=DGROUP   M=Unit_AppFunc ACBP=A9
 0004:00000000 00002C34 C=BSS      S=.bss     G=DGROUP   M=System   ACBP=A9
 0004:00002C34 00000010 C=BSS      S=.bss     G=DGROUP   M=SysInit  ACBP=A9
 0004:00002C44 00000008 C=BSS      S=.bss     G=DGROUP   M=Windows  ACBP=A9
 0004:00002C4C 0000001C C=BSS      S=.bss     G=DGROUP   M=Character ACBP=A9
 0004:00002C68 00002240 C=BSS      S=.bss     G=DGROUP   M=SysUtils ACBP=A9
 0004:00004EA8 0000005C C=BSS      S=.bss     G=DGROUP   M=VarUtils ACBP=A9
 0004:00004F04 00000040 C=BSS      S=.bss     G=DGROUP   M=Variants ACBP=A9
 0004:00004F44 00000004 C=BSS      S=.bss     G=DGROUP   M=TypInfo  ACBP=A9
 0004:00004F48 00000048 C=BSS      S=.bss     G=DGROUP   M=Classes  ACBP=A9
 0004:00004F90 00000054 C=BSS      S=.bss     G=DGROUP   M=TlHelp32 ACBP=A9
 0004:00004FE4 00000014 C=BSS      S=.bss     G=DGROUP   M=SyncObjs ACBP=A9
 0004:00004FF8 00000008 C=BSS      S=.bss     G=DGROUP   M=pcre     ACBP=A9
 0004:00005000 00000024 C=BSS      S=.bss     G=DGROUP   M=IOUtils  ACBP=A9
 0004:00005024 00000004 C=BSS      S=.bss     G=DGROUP   M=IniFiles ACBP=A9
 0004:00005028 00000004 C=BSS      S=.bss     G=DGROUP   M=IdGlobal ACBP=A9
 0004:0000502C 000000BC C=BSS      S=.bss     G=DGROUP   M=IdWinsock2 ACBP=A9
 0004:000050E8 00000004 C=BSS      S=.bss     G=DGROUP   M=IdWship6 ACBP=A9
 0004:000050EC 00000004 C=BSS      S=.bss     G=DGROUP   M=IdIDN    ACBP=A9
 0004:000050F0 00000004 C=BSS      S=.bss     G=DGROUP   M=IdStackWindows ACBP=A9
 0004:000050F4 00000008 C=BSS      S=.bss     G=DGROUP   M=IdStack  ACBP=A9
 0004:000050FC 00000004 C=BSS      S=.bss     G=DGROUP   M=IdComponent ACBP=A9
 0004:00005100 00000004 C=BSS      S=.bss     G=DGROUP   M=IdIOHandler ACBP=A9
 0004:00005104 00000004 C=BSS      S=.bss     G=DGROUP   M=IdIOHandlerStack ACBP=A9
 0004:00005108 00000004 C=BSS      S=.bss     G=DGROUP   M=IdCharsets ACBP=A9
 0004:0000510C 00000004 C=BSS      S=.bss     G=DGROUP   M=Registry ACBP=A9
 0004:00005110 00000010 C=BSS      S=.bss     G=DGROUP   M=IdGlobalProtocols ACBP=A9
 0004:00005120 0000000F C=BSS      S=.bss     G=DGROUP   M=Unit_AppFunc ACBP=A9
 0005:00000000 00000008 C=TLS      S=.tls     G=(none)   M=System   ACBP=A9
 0005:00000008 0000000C C=TLS      S=.tls     G=(none)   M=Classes  ACBP=A9


  Address             Publics by Name

 0002:00000C54       AppFunc.AppFunc
 0001:00096394       AppFunc.Finalization
 0001:00096370       AppFunc.TAPPFunc_Create
 0004:00002C58       Character.CategoryTable
 0004:00002C50       Character.CatIndexPrimary
 0004:00002C54       Character.CatIndexSecondary
 0004:00002C4C       Character.DataTable
 0003:00000A38       Character.Latin1Categories
 0004:00002C64       Character.NumericValueTable
 0004:00002C5C       Character.NumIndexPrimary
 0004:00002C60       Character.NumIndexSecondary
 0001:0000A514       Character.TCharacter.CheckLetter
 0001:0000A520       Character.TCharacter.CheckLetterOrDigit
 0001:0000A63C       Character.TCharacter.Initialize
 0001:0000A630       Character.TCharacter.IsAscii
 0001:0000A530       Character.TCharacter.IsLatin1
 0001:0000A53C       Character.TCharacter.IsLetter
 0001:0000A5C8       Character.TCharacter.IsLetterOrDigit
 0004:00004F58       Classes..66
 0001:00022EDC       Classes..EClassNotFound
 0001:0002314C       Classes..EComponentError
 0001:00022BE4       Classes..EFCreateError
 0001:00022D18       Classes..EFilerError
 0001:00022AE8       Classes..EFileStreamError
 0001:00022C80       Classes..EFOpenError
 0001:00022F78       Classes..EInvalidImage
 0001:00023014       Classes..EListError
 0001:00022DB0       Classes..EReadError
 0001:00022A4C       Classes..EStreamError
 0001:000230A8       Classes..EStringListError
 0001:00029588       Classes..EThread
 0001:00022E44       Classes..EWriteError
 0001:0002AEB0       Classes..TBasicAction
 0001:0002AC94       Classes..TBasicActionLink
 0001:00026E88       Classes..TClassFinder
 0001:00024478       Classes..TCollection
 0001:000242D4       Classes..TCollectionEnumerator
 0001:00024068       Classes..TCollectionItem
 0001:0002A34C       Classes..TComponent
 0001:00038F88       Classes..TComponent.FindComponent$ActRec
 0001:00029F74       Classes..TComponentEnumerator
 0001:000269AC       Classes..TCustomMemoryStream
 0001:0002725C       Classes..TFiler
 0001:000267C8       Classes..TFileStream
 0001:000265B0       Classes..THandleStream
 0001:00023524       Classes..TList
 0001:0002D3F4       Classes..TList.Sort$ActRec
 0001:00023350       Classes..TListEnumerator
 0001:00026BF4       Classes..TMemoryStream
 0001:00024910       Classes..TOwnedCollection
 0001:00023EF0       Classes..TPersistent
 0001:00031484       Classes..TPropFixup
 0001:000316B0       Classes..TPropIntfFixup
 0001:00027C74       Classes..TReader
 0001:0002B2BC       Classes..TRegGroup
 0001:0002B71C       Classes..TRegGroups
 0001:00025FA4       Classes..TStream
 0001:00025928       Classes..TStringList
 0001:00024CB0       Classes..TStrings
 0001:00024B08       Classes..TStringsEnumerator
 0001:0002977C       Classes..TThread
 0001:00023C38       Classes..TThreadList
 0001:00028B7C       Classes..TWriter
 0001:000319DC       Classes.AddFinished
 0001:00031A14       Classes.AddNotFinished
 0001:00032680       Classes.AddSubComponentsToLoaded
 0001:00035C1C       Classes.AncestorIsValid
 0001:00037668       Classes.BinToHex
 0001:000326BC       Classes.CheckSubComponents
 0001:00037840       Classes.CheckSynchronize
 0002:0000024C       Classes.Classes
 0001:0002C8AC       Classes.ClassNotFound
 0001:00039A2C       Classes.CleanupInstFreeList
 0001:0002CBD4       Classes.CollectionsEqual
 0001:0003279C       Classes.ComponentCreated
 0003:00000FB4       Classes.Convert
 0003:00000FD4       Classes.Convert
 0001:000346BC       Classes.CopyBinary
 0001:0003462C       Classes.CopyBytes
 0001:000345E0       Classes.CopyList
 0001:00034558       Classes.CopySetBody
 0001:0003281C       Classes.CreateComponent
 0003:00000F7C       Classes.CreateVCLComObjectProc
 0001:00037768       Classes.DoneThreadSynchronization
 0001:0002E82C       Classes.DoWrite
 0003:00000F8C       Classes.Dummy32bitResHeader
 0001:00039AFC       Classes.EFileStreamError.Create
 0001:0002C350       Classes.Error
 0004:00004F84       Classes.ExternalThreads
 0003:00000F88       Classes.FilerSignature
 0001:00039BAC       Classes.Finalization
 0001:0003530C       Classes.FindAncestor
 0001:0002C984       Classes.FindClass
 0001:000329CC       Classes.FindExistingComponent
 0001:0002CB04       Classes.FindGlobalComponent
 0004:00004F64       Classes.FindGlobalComponentProcs
 0001:0002CA88       Classes.FindIdentToInt
 0001:0002CA0C       Classes.FindIntToIdent
 0001:00036090       Classes.FindMethodName
 0001:000318E4       Classes.FindNestedComponent
 0001:00033A48       Classes.FindUniqueName
 0001:00037780       Classes.FreeExternalThreads
 0001:000399AC       Classes.FreeIntConstList
 0001:0002C918       Classes.GetClass
 0001:00036784       Classes.GetComponentValue
 0001:0002DC40       Classes.GetDesigner
 0001:0002C8A0       Classes.GetFieldClassTable
 0001:00039A68       Classes.GetFreeInstBlockItemCount
 0004:00004F68       Classes.GlobalFixupList
 0001:00031A5C       Classes.GlobalFixupReferences
 0005:00000010       Classes.GlobalLists
 0005:0000000C       Classes.GlobalLoaded
 0004:00004F4C       Classes.GlobalNameSpace
 0001:000331DC       Classes.HandleException
 0001:000376A8       Classes.HexToBin
 0001:00037734       Classes.InitThreadSynchronization
 0004:00004F88       Classes.InstBlockList
 0004:00004F8C       Classes.InstFreeList
 0004:00004F5C       Classes.IntConstList
 0001:00035E10       Classes.IsDefault
 0001:00035C8C       Classes.IsDefaultFloatProp
 0001:00035CE8       Classes.IsDefaultInt64Prop
 0001:00035FB4       Classes.IsDefaultInterfaceProp
 0001:000360E8       Classes.IsDefaultMethodProp
 0001:00035E68       Classes.IsDefaultObjectProp
 0001:00035C34       Classes.IsDefaultOrdProp
 0001:00036220       Classes.IsDefaultPropertyValue
 0001:00035D40       Classes.IsDefaultStrProp
 0001:00035EE8       Classes.IsDefaultValue
 0001:00036188       Classes.IsDefaultVariantProp
 0001:0002CB44       Classes.IsUniqueGlobalComponentName
 0004:00004F50       Classes.IsUniqueGlobalComponentNameProc
 0001:00039A24       Classes.ModuleUnload
 0003:00000FAC       Classes.NilMethod
 0001:0002DCE4       Classes.NotifyDesigner
 0001:00035DD0       Classes.ObjectAncestorMatch
 0001:0003676C       Classes.OwnedBy
 0003:00001048       Classes.Priorities
 0001:00031D9C       Classes.PropertyNotFound
 0001:000332AC       Classes.PropPathError
 0001:00031D90       Classes.PropValueError
 0001:0002D2BC       Classes.QuickSort
 0001:00030674       Classes.RaiseException
 0001:00034BA4       Classes.ReadCustomVariant
 0001:00031D78       Classes.ReadError
 0001:000327BC       Classes.Recover
 0004:00004F60       Classes.RegGroups
 0001:00039A98       Classes.ReleaseObjectInstanceBlocks
 0001:00031C30       Classes.RemoveFixupReferences
 0001:00031CE4       Classes.RemoveFixups
 0001:000320E0       Classes.RemoveGlobalFixup
 0001:0003780C       Classes.ResetSyncEvent
 0001:0002CE38       Classes.ReturnAddr
 0001:0002E998       Classes.ReturnAddr
 0001:0003292C       Classes.SetCompName
 0001:00031DC8       Classes.SetElementValue
 0001:00033624       Classes.SetInterfaceReference
 0001:00033540       Classes.SetIntIdent
 0001:00033588       Classes.SetObjectIdent
 0001:00032734       Classes.SetSubComponentState
 0001:000335C8       Classes.SetVariantReference
 0001:00037834       Classes.SignalSyncEvent
 0001:00034314       Classes.SkipBinary
 0001:00034344       Classes.SkipCollection
 0001:000342E8       Classes.SkipList
 0001:00030460       Classes.StringListCompareStrings
 0004:00004F54       Classes.SyncEvent
 0003:00001044       Classes.SyncList
 0001:00039920       Classes.TBasicAction.Change
 0001:000397AC       Classes.TBasicAction.Create
 0001:000397F0       Classes.TBasicAction.Destroy
 0001:0003988C       Classes.TBasicAction.Execute
 0001:0003985C       Classes.TBasicAction.ExecuteTarget
 0001:00039858       Classes.TBasicAction.HandlesTarget
 0001:00039860       Classes.TBasicAction.Notification
 0001:00039934       Classes.TBasicAction.RegisterChanges
 0001:00039980       Classes.TBasicAction.SetActionComponent
 0001:000398C4       Classes.TBasicAction.SetOnExecute
 0001:00039940       Classes.TBasicAction.UnRegisterChanges
 0001:000398A8       Classes.TBasicAction.Update
 0001:00039888       Classes.TBasicAction.UpdateTarget
 0001:000396FC       Classes.TBasicActionLink.AssignClient
 0001:00039734       Classes.TBasicActionLink.Change
 0001:000396B8       Classes.TBasicActionLink.Create
 0001:00039700       Classes.TBasicActionLink.Destroy
 0001:0003974C       Classes.TBasicActionLink.Execute
 0001:00039794       Classes.TBasicActionLink.IsOnExecuteLinked
 0001:00039768       Classes.TBasicActionLink.SetAction
 0001:00039798       Classes.TBasicActionLink.SetOnExecute
 0001:000397A0       Classes.TBasicActionLink.Update
 0001:0002C60C       Classes.TClassFinder.Create
 0001:0002C74C       Classes.TClassFinder.Destroy
 0001:0002C77C       Classes.TClassFinder.GetClass
 0001:0002C818       Classes.TClassFinder.GetClasses
 0001:0002E014       Classes.TCollection.Add
 0001:0002E530       Classes.TCollection.Added
 0001:0002E034       Classes.TCollection.Assign
 0001:0002E0DC       Classes.TCollection.BeginUpdate
 0001:0002E0E0       Classes.TCollection.Changed
 0001:0002E0F0       Classes.TCollection.Clear
 0001:0002DF7C       Classes.TCollection.Create
 0001:0002E4F4       Classes.TCollection.Delete
 0001:0002E534       Classes.TCollection.Deleting
 0001:0002DFC8       Classes.TCollection.Destroy
 0001:0002E158       Classes.TCollection.EndUpdate
 0001:0002E164       Classes.TCollection.FindItemID
 0001:0002E198       Classes.TCollection.GetAttr
 0001:0002E194       Classes.TCollection.GetAttrCount
 0001:0002E1B8       Classes.TCollection.GetCapacity
 0001:0002E1E0       Classes.TCollection.GetCount
 0001:0002E1A8       Classes.TCollection.GetEnumerator
 0001:0002E1E8       Classes.TCollection.GetItem
 0001:0002E1C0       Classes.TCollection.GetItemAttr
 0001:0002E1FC       Classes.TCollection.GetNamePath
 0001:0002E2B0       Classes.TCollection.GetPropName
 0001:0002E404       Classes.TCollection.Insert
 0001:0002E420       Classes.TCollection.InsertItem
 0001:0002E538       Classes.TCollection.Notify
 0001:0002E524       Classes.TCollection.Owner
 0001:0002E488       Classes.TCollection.RemoveItem
 0001:0002E4DC       Classes.TCollection.SetCapacity
 0001:0002E4EC       Classes.TCollection.SetItemName
 0001:0002E4F0       Classes.TCollection.Update
 0001:0002DF10       Classes.TCollectionEnumerator.Create
 0001:0002DF54       Classes.TCollectionEnumerator.GetCurrent
 0001:0002DF60       Classes.TCollectionEnumerator.MoveNext
 0001:0002DDB0       Classes.TCollectionItem.Changed
 0001:0002DD48       Classes.TCollectionItem.Create
 0001:0002DD80       Classes.TCollectionItem.Destroy
 0001:0002DDEC       Classes.TCollectionItem.GetDisplayName
 0001:0002DDD4       Classes.TCollectionItem.GetIndex
 0001:0002DE00       Classes.TCollectionItem.GetNamePath
 0001:0002DEAC       Classes.TCollectionItem.GetOwner
 0001:0002DEB0       Classes.TCollectionItem.SetCollection
 0001:0002DED8       Classes.TCollectionItem.SetDisplayName
 0001:0002DEE0       Classes.TCollectionItem.SetIndex
 0001:000391B0       Classes.TComponent.AddSortedComponent
 0001:000389CC       Classes.TComponent.BeforeDestruction
 0001:00039264       Classes.TComponent.ChangeName
 0001:00038938       Classes.TComponent.Create
 0001:00038D78       Classes.TComponent.DefineProperties
 0001:00038984       Classes.TComponent.Destroy
 0001:00038BFC       Classes.TComponent.DestroyComponents
 0001:00038C68       Classes.TComponent.Destroying
 0001:000393C0       Classes.TComponent.ExecuteAction
 0001:0003904C       Classes.TComponent.FindComponent
 0001:00039040       Classes.TComponent.FindComponent$ActRec.$0$Body
 0001:00039138       Classes.TComponent.FindSortedComponent
 0001:00038A18       Classes.TComponent.FreeNotification
 0001:000394F4       Classes.TComponent.FreeOnRelease
 0001:00038E1C       Classes.TComponent.GetChildOwner
 0001:00038E20       Classes.TComponent.GetChildParent
 0001:00038E14       Classes.TComponent.GetChildren
 0001:00039424       Classes.TComponent.GetComObject
 0001:000392B8       Classes.TComponent.GetComponent
 0001:000392E4       Classes.TComponent.GetComponentCount
 0001:0003929C       Classes.TComponent.GetComponentIndex
 0001:00038E24       Classes.TComponent.GetEnumerator
 0001:00038E34       Classes.TComponent.GetNamePath
 0001:00038E48       Classes.TComponent.GetOwner
 0001:00038E50       Classes.TComponent.GetParentComponent
 0001:00038E10       Classes.TComponent.HasParent
 0001:00038AAC       Classes.TComponent.Insert
 0001:00038B60       Classes.TComponent.InsertComponent
 0001:0003958C       Classes.TComponent.IntfGetComponent
 0001:00039590       Classes.TComponent.IsImplementorOf
 0001:00038E70       Classes.TComponent.Loaded
 0001:00038D18       Classes.TComponent.Notification
 0001:00038E7C       Classes.TComponent.PaletteCreated
 0001:0003950C       Classes.TComponent.QueryInterface
 0001:00038A6C       Classes.TComponent.ReadLeft
 0001:00038E80       Classes.TComponent.ReadState
 0001:00038A80       Classes.TComponent.ReadTop
 0001:00039610       Classes.TComponent.ReferenceInterface
 0001:00038AE8       Classes.TComponent.Remove
 0001:00038BC4       Classes.TComponent.RemoveComponent
 0001:00038CFC       Classes.TComponent.RemoveFreeNotification
 0001:000389D8       Classes.TComponent.RemoveFreeNotifications
 0001:00038CA4       Classes.TComponent.RemoveNotification
 0001:000394DC       Classes.TComponent.SafeCallException
 0001:00038E4C       Classes.TComponent.SetChildOrder
 0001:000392F4       Classes.TComponent.SetComponentIndex
 0001:00039348       Classes.TComponent.SetDesigning
 0001:000391D4       Classes.TComponent.SetName
 0001:00038E54       Classes.TComponent.SetParentComponent
 0001:00039398       Classes.TComponent.SetReference
 0001:00039410       Classes.TComponent.SetSubComponent
 0001:000393E8       Classes.TComponent.UpdateAction
 0001:00038E64       Classes.TComponent.Updated
 0001:00039504       Classes.TComponent.UpdateRegistry
 0001:00038E58       Classes.TComponent.Updating
 0001:00038F18       Classes.TComponent.ValidateContainer
 0001:00038F2C       Classes.TComponent.ValidateInsert
 0001:00038E90       Classes.TComponent.ValidateRename
 0001:00038A94       Classes.TComponent.WriteLeft
 0001:00038E88       Classes.TComponent.WriteState
 0001:00038AA0       Classes.TComponent.WriteTop
 0001:0003954C       Classes.TComponent._AddRef
 0001:0003956C       Classes.TComponent._Release
 0001:000388CC       Classes.TComponentEnumerator.Create
 0001:00038910       Classes.TComponentEnumerator.GetCurrent
 0001:0003891C       Classes.TComponentEnumerator.MoveNext
 0001:00031150       Classes.TCustomMemoryStream.Read
 0001:000311C4       Classes.TCustomMemoryStream.SaveToFile
 0001:000311AC       Classes.TCustomMemoryStream.SaveToStream
 0001:00031188       Classes.TCustomMemoryStream.Seek
 0001:00031148       Classes.TCustomMemoryStream.SetPointer
 0001:00031410       Classes.TFiler.Create
 0001:00027614       Classes.TFiler.DefineBinaryProperty
 0001:0002760C       Classes.TFiler.DefineProperty
 0001:00031458       Classes.TFiler.Destroy
 0001:0002761C       Classes.TFiler.FlushBuffer
 0001:00031480       Classes.TFiler.SetRoot
 0001:00030F5C       Classes.TFileStream.Create
 0001:00030FA0       Classes.TFileStream.Create
 0001:00031114       Classes.TFileStream.Destroy
 0001:00030E98       Classes.THandleStream.Create
 0001:00030ED4       Classes.THandleStream.Read
 0001:00030EF4       Classes.THandleStream.Seek
 0001:00030F34       Classes.THandleStream.SetSize
 0001:00030F20       Classes.THandleStream.SetSize
 0001:00030EE4       Classes.THandleStream.Write
 0004:00004F6C       Classes.ThreadLock
 0001:00037A34       Classes.ThreadProc
 0001:0002CD78       Classes.TList.Add
 0001:0002D5B4       Classes.TList.Assign
 0001:0002CDB8       Classes.TList.Clear
 0001:0002CDD0       Classes.TList.Delete
 0001:0002CD58       Classes.TList.Destroy
 0001:0002CE3C       Classes.TList.Error
 0001:0002CE74       Classes.TList.Error
 0001:0002CEC8       Classes.TList.Exchange
 0001:0002CF18       Classes.TList.Expand
 0001:0002D558       Classes.TList.Extract
 0001:0002D560       Classes.TList.ExtractItem
 0001:0002CF30       Classes.TList.First
 0001:0002CF38       Classes.TList.Get
 0001:0002CF5C       Classes.TList.GetEnumerator
 0001:0002CF6C       Classes.TList.Grow
 0001:0002CFA0       Classes.TList.IndexOf
 0001:0002CFC4       Classes.TList.IndexOfItem
 0001:0002CFF0       Classes.TList.Insert
 0001:0002D068       Classes.TList.Last
 0001:0002D08C       Classes.TList.Move
 0001:0002D5B0       Classes.TList.Notify
 0001:0002D168       Classes.TList.Pack
 0001:0002D0E4       Classes.TList.Put
 0001:0002D140       Classes.TList.Remove
 0001:0002D148       Classes.TList.RemoveItem
 0001:0002D1DC       Classes.TList.SetCapacity
 0001:0002D218       Classes.TList.SetCount
 0001:0002D4B8       Classes.TList.Sort
 0001:0002D4AC       Classes.TList.Sort$ActRec.$0$Body
 0001:0002D538       Classes.TList.SortList
 0001:0002CCF0       Classes.TListEnumerator.Create
 0001:0002CD34       Classes.TListEnumerator.GetCurrent
 0001:0002CD40       Classes.TListEnumerator.MoveNext
 0001:00031248       Classes.TMemoryStream.Clear
 0001:0003121C       Classes.TMemoryStream.Destroy
 0001:00031298       Classes.TMemoryStream.LoadFromFile
 0001:00031260       Classes.TMemoryStream.LoadFromStream
 0001:00031340       Classes.TMemoryStream.Realloc
 0001:000312EC       Classes.TMemoryStream.SetCapacity
 0001:00031314       Classes.TMemoryStream.SetSize
 0001:000313C0       Classes.TMemoryStream.Write
 0001:0002E55C       Classes.TOwnedCollection.Create
 0001:0002E5A0       Classes.TOwnedCollection.GetOwner
 0001:0002DAC8       Classes.TPersistent.Assign
 0001:0002DADC       Classes.TPersistent.AssignError
 0001:0002DB98       Classes.TPersistent.AssignTo
 0001:0002DBA0       Classes.TPersistent.DefineProperties
 0001:0002DA9C       Classes.TPersistent.Destroy
 0001:0002DBA4       Classes.TPersistent.GetNamePath
 0001:0002DC3C       Classes.TPersistent.GetOwner
 0001:00031798       Classes.TPropFixup.Create
 0001:000317F0       Classes.TPropFixup.MakeGlobalReference
 0001:00031850       Classes.TPropFixup.ResolveReference
 0001:00031860       Classes.TPropIntfFixup.ResolveReference
 0001:00031E1C       Classes.TReader.BeginReferences
 0001:00031E84       Classes.TReader.CheckValue
 0001:00034714       Classes.TReader.CopyValue
 0001:00031EE4       Classes.TReader.DefineBinaryProperty
 0001:00031EA8       Classes.TReader.DefineProperty
 0001:00031DE0       Classes.TReader.Destroy
 0001:00032168       Classes.TReader.DoFixupReferences
 0001:00031FCC       Classes.TReader.EndOfList
 0001:00031FE0       Classes.TReader.EndReferences
 0001:00031FFC       Classes.TReader.Error
 0001:000349F0       Classes.TReader.FindAncestorComponent
 0001:00034AE8       Classes.TReader.FindComponentClass
 0001:00032090       Classes.TReader.FindMethod
 0001:00032020       Classes.TReader.FindMethodInstance
 0001:000322AC       Classes.TReader.FixupReferences
 0001:000322E4       Classes.TReader.FlushBuffer
 0001:00032308       Classes.TReader.FreeFixups
 0001:00032344       Classes.TReader.GetFieldClass
 0001:000323D8       Classes.TReader.GetPosition
 0001:000323F0       Classes.TReader.NextValue
 0001:00032400       Classes.TReader.PropertyError
 0001:00032414       Classes.TReader.Read
 0001:0003249C       Classes.TReader.ReadBoolean
 0001:00032460       Classes.TReader.ReadBuffer
 0001:000324B0       Classes.TReader.ReadChar
 0001:000325A4       Classes.TReader.ReadCollection
 0001:00032A70       Classes.TReader.ReadComponent
 0001:00033DE4       Classes.TReader.ReadComponents
 0001:00032EB0       Classes.TReader.ReadCurrency
 0001:00032CB0       Classes.TReader.ReadData
 0001:00032D20       Classes.TReader.ReadDataInner
 0001:00032F00       Classes.TReader.ReadDate
 0001:00032E28       Classes.TReader.ReadDouble
 0001:00032DF0       Classes.TReader.ReadFloat
 0001:00032F44       Classes.TReader.ReadIdent
 0001:00033148       Classes.TReader.ReadInt64
 0001:000330DC       Classes.TReader.ReadInteger
 0001:0003318C       Classes.TReader.ReadListBegin
 0001:00033194       Classes.TReader.ReadListEnd
 0001:0003319C       Classes.TReader.ReadPrefix
 0001:000332C8       Classes.TReader.ReadProperty
 0001:000336E4       Classes.TReader.ReadPropValue
 0001:00033AB0       Classes.TReader.ReadRootComponent
 0001:00033ED4       Classes.TReader.ReadSet
 0001:00033F90       Classes.TReader.ReadSignature
 0001:00032E6C       Classes.TReader.ReadSingle
 0001:00033FB4       Classes.TReader.ReadStr
 0001:00034044       Classes.TReader.ReadString
 0001:0003426C       Classes.TReader.ReadValue
 0001:00034D6C       Classes.TReader.ReadVariant
 0001:00032544       Classes.TReader.ReadWideChar
 0001:0003412C       Classes.TReader.ReadWideString
 0001:00034AA8       Classes.TReader.ReferenceName
 0001:00034AC0       Classes.TReader.SetName
 0001:00034280       Classes.TReader.SetPosition
 0001:00034B5C       Classes.TReader.SkipBytes
 0001:00034944       Classes.TReader.SkipComponent
 0001:000348FC       Classes.TReader.SkipProperty
 0001:000342A0       Classes.TReader.SkipSetBody
 0001:000343A8       Classes.TReader.SkipValue
 0001:0002BBF8       Classes.TRegGroup.AddClass
 0001:0002BC04       Classes.TRegGroup.BestClass
 0001:0002BC64       Classes.TRegGroup.BestGroup
 0001:0002BCD4       Classes.TRegGroup.Create
 0001:0002BD30       Classes.TRegGroup.Destroy
 0001:0002BD70       Classes.TRegGroup.GetClass
 0001:0002BDC0       Classes.TRegGroup.GetClasses
 0001:0002BE08       Classes.TRegGroup.IndexOfClass
 0001:0002BE80       Classes.TRegGroup.InGroup
 0001:0002BEC4       Classes.TRegGroup.RegisterClass
 0001:0002BF78       Classes.TRegGroup.RegisterClassAlias
 0001:0002BFB0       Classes.TRegGroup.Registered
 0001:0002BFC8       Classes.TRegGroup.UnregisterClass
 0001:0002C028       Classes.TRegGroup.UnregisterModuleClasses
 0001:0002C168       Classes.TRegGroups.Activate
 0001:0002C1B4       Classes.TRegGroups.AddClass
 0001:0002C1D4       Classes.TRegGroups.Create
 0001:0002C248       Classes.TRegGroups.Destroy
 0001:0002C2A8       Classes.TRegGroups.FindGroup
 0001:0002C2EC       Classes.TRegGroups.GetClass
 0001:0002C330       Classes.TRegGroups.GroupedWith
 0001:0002C3D4       Classes.TRegGroups.GroupWith
 0001:0002C4A8       Classes.TRegGroups.Lock
 0001:0002C4B4       Classes.TRegGroups.RegisterClass
 0001:0002C4CC       Classes.TRegGroups.RegisterClassAlias
 0001:0002C4EC       Classes.TRegGroups.Registered
 0001:0002C530       Classes.TRegGroups.StartGroup
 0001:0002C580       Classes.TRegGroups.Unlock
 0001:0002C58C       Classes.TRegGroups.UnregisterClass
 0001:0002C5BC       Classes.TRegGroups.UnregisterModuleClasses
 0001:0003084C       Classes.TStream.CopyFrom
 0001:00030CB4       Classes.TStream.FixupResourceHeader
 0001:00030588       Classes.TStream.GetPosition
 0001:000305BC       Classes.TStream.GetSize
 0001:000265A0       Classes.TStream.Read
 0001:000307DC       Classes.TStream.ReadBuffer
 0001:00030940       Classes.TStream.ReadComponent
 0001:00030A04       Classes.TStream.ReadComponentRes
 0001:00030DAC       Classes.TStream.ReadResHeader
 0001:0003076C       Classes.TStream.Seek
 0001:000306E8       Classes.TStream.Seek
 0001:000305A8       Classes.TStream.SetPosition
 0001:00030608       Classes.TStream.SetSize
 0001:00030620       Classes.TStream.SetSize
 0001:0003060C       Classes.TStream.SetSize64
 0001:000265A8       Classes.TStream.Write
 0001:00030814       Classes.TStream.WriteBuffer
 0001:000309A0       Classes.TStream.WriteComponent
 0001:00030A20       Classes.TStream.WriteComponentRes
 0001:000309A8       Classes.TStream.WriteDescendent
 0001:00030D78       Classes.TStream.WriteDescendentRes
 0001:00030A28       Classes.TStream.WriteResourceHeader
 0001:0002FE70       Classes.TStringList.Add
 0001:0002FE80       Classes.TStringList.AddObject
 0001:0002FEE4       Classes.TStringList.Changed
 0001:0002FF00       Classes.TStringList.Changing
 0001:0002FF1C       Classes.TStringList.Clear
 0001:000304C8       Classes.TStringList.CompareStrings
 0001:000304E4       Classes.TStringList.Create
 0001:0003051C       Classes.TStringList.Create
 0001:00030490       Classes.TStringList.CustomSort
 0001:0002FF84       Classes.TStringList.Delete
 0001:0002FDEC       Classes.TStringList.Destroy
 0001:00030004       Classes.TStringList.Exchange
 0001:00030060       Classes.TStringList.ExchangeItems
 0001:00030084       Classes.TStringList.Find
 0001:00030108       Classes.TStringList.Get
 0001:00030138       Classes.TStringList.GetCapacity
 0001:0003013C       Classes.TStringList.GetCount
 0001:00030140       Classes.TStringList.GetObject
 0001:00030164       Classes.TStringList.Grow
 0001:00030198       Classes.TStringList.IndexOf
 0001:000301D4       Classes.TStringList.Insert
 0001:00030238       Classes.TStringList.InsertItem
 0001:000301E4       Classes.TStringList.InsertObject
 0001:000302B4       Classes.TStringList.Put
 0001:0003030C       Classes.TStringList.PutObject
 0001:00030348       Classes.TStringList.QuickSort
 0001:000303E0       Classes.TStringList.SetCapacity
 0001:00030560       Classes.TStringList.SetCaseSensitive
 0001:00030420       Classes.TStringList.SetSorted
 0001:00030440       Classes.TStringList.SetUpdateState
 0001:00030480       Classes.TStringList.Sort
 0001:0002E64C       Classes.TStrings.Add
 0001:0002E670       Classes.TStrings.AddObject
 0001:0002E6A0       Classes.TStrings.AddStrings
 0001:0002E694       Classes.TStrings.Append
 0001:0002E758       Classes.TStrings.Assign
 0001:0002E814       Classes.TStrings.BeginUpdate
 0001:00025828       Classes.TStrings.Clear
 0001:0002FDA4       Classes.TStrings.CompareStrings
 0001:0002E884       Classes.TStrings.DefineProperties
 0001:00025830       Classes.TStrings.Delete
 0001:0002E61C       Classes.TStrings.Destroy
 0001:0002E8DC       Classes.TStrings.EndUpdate
 0001:0002E8F0       Classes.TStrings.Equals
 0001:0002E99C       Classes.TStrings.Error
 0001:0002E9D4       Classes.TStrings.Error
 0001:0002EA2C       Classes.TStrings.Exchange
 0001:0002EB18       Classes.TStrings.ExtractName
 0001:0002EB94       Classes.TStrings.GetCapacity
 0001:0002EB9C       Classes.TStrings.GetCommaText
 0001:0002EC34       Classes.TStrings.GetDelimitedText
 0001:0002FC90       Classes.TStrings.GetDelimiter
 0001:0002EEA4       Classes.TStrings.GetEnumerator
 0001:0002FCAC       Classes.TStrings.GetLineBreak
 0001:0002EEB4       Classes.TStrings.GetName
 0001:0002FDB0       Classes.TStrings.GetNameValueSeparator
 0001:0002EF14       Classes.TStrings.GetObject
 0001:0002FCE8       Classes.TStrings.GetQuoteChar
 0001:0002FD04       Classes.TStrings.GetStrictDelimiter
 0001:0002EF18       Classes.TStrings.GetText
 0001:0002EF6C       Classes.TStrings.GetTextStr
 0001:0002F104       Classes.TStrings.GetValue
 0001:0002F1BC       Classes.TStrings.IndexOf
 0001:0002F248       Classes.TStrings.IndexOfName
 0001:0002F31C       Classes.TStrings.IndexOfObject
 0001:00025838       Classes.TStrings.Insert
 0001:0002F350       Classes.TStrings.InsertObject
 0001:0002F3D4       Classes.TStrings.LoadFromFile
 0001:0002F380       Classes.TStrings.LoadFromFile
 0001:0002F43C       Classes.TStrings.LoadFromStream
 0001:0002F430       Classes.TStrings.LoadFromStream
 0001:0002F530       Classes.TStrings.Move
 0001:0002F5E0       Classes.TStrings.Put
 0001:0002F610       Classes.TStrings.PutObject
 0001:0002F614       Classes.TStrings.ReadData
 0001:0002F6D4       Classes.TStrings.SaveToFile
 0001:0002F6C4       Classes.TStrings.SaveToFile
 0001:0002F744       Classes.TStrings.SaveToStream
 0001:0002F734       Classes.TStrings.SaveToStream
 0001:0002F7FC       Classes.TStrings.SetCapacity
 0001:0002F800       Classes.TStrings.SetCommaText
 0001:0002FAE0       Classes.TStrings.SetDelimitedText
 0001:0002FD1C       Classes.TStrings.SetDelimiter
 0001:0002FD3C       Classes.TStrings.SetLineBreak
 0001:0002FDCC       Classes.TStrings.SetNameValueSeparator
 0001:0002FD68       Classes.TStrings.SetQuoteChar
 0001:0002FD88       Classes.TStrings.SetStrictDelimiter
 0001:0002F828       Classes.TStrings.SetStringsAdapter
 0001:0002F85C       Classes.TStrings.SetText
 0001:0002F8AC       Classes.TStrings.SetTextStr
 0001:0002FA58       Classes.TStrings.SetUpdateState
 0001:0002FA5C       Classes.TStrings.WriteData
 0001:0002E5A4       Classes.TStringsEnumerator.Create
 0001:0002E5E8       Classes.TStringsEnumerator.GetCurrent
 0001:0002E600       Classes.TStringsEnumerator.MoveNext
 0004:00004F48       Classes.TThread.$ClassInitFlag
 0001:00037C88       Classes.TThread.AfterConstruction
 0001:00037D30       Classes.TThread.CallOnTerminate
 0001:00037D18       Classes.TThread.CheckThreadError
 0001:00037C9C       Classes.TThread.CheckThreadError
 0001:00037AE8       Classes.TThread.Create
 0002:0000023C       Classes.TThread.Create@
 0001:00037BEC       Classes.TThread.Destroy
 0001:00037C60       Classes.TThread.Destroy@
 0001:00037D44       Classes.TThread.DoTerminate
 0005:00000008       Classes.TThread.FCurrentThread
 0001:00037D58       Classes.TThread.GetPriority
 0001:00037D94       Classes.TThread.InternalStart
 0001:0003882C       Classes.TThread.NameThreadForDebugging
 0001:00037EF4       Classes.TThread.Queue
 0001:00037E6C       Classes.TThread.Queue
 0001:00038428       Classes.TThread.Queue
 0001:00037FC0       Classes.TThread.Queue
 0001:00038060       Classes.TThread.RemoveQueuedEvents
 0001:00038660       Classes.TThread.RemoveQueuedEvents
 0001:000385BC       Classes.TThread.RemoveQueuedEvents
 0001:00038720       Classes.TThread.Resume
 0001:00037E40       Classes.TThread.SetPriority
 0001:00038674       Classes.TThread.SetSuspended
 0001:0003868C       Classes.TThread.SpinWait
 0001:000386A8       Classes.TThread.Start
 0001:00038124       Classes.TThread.StaticQueue
 0001:000385A8       Classes.TThread.StaticSynchronize
 0001:000386B0       Classes.TThread.Suspend
 0001:00038398       Classes.TThread.Synchronize
 0001:0003850C       Classes.TThread.Synchronize
 0001:000382FC       Classes.TThread.Synchronize
 0001:00038138       Classes.TThread.Synchronize
 0001:00038330       Classes.TThread.Synchronize
 0001:00038748       Classes.TThread.Terminate
 0001:0003876C       Classes.TThread.WaitFor
 0001:0002D950       Classes.TThreadList.Add
 0001:0002D9D8       Classes.TThreadList.Clear
 0001:0002D880       Classes.TThreadList.Create
 0001:0002D8D4       Classes.TThreadList.Destroy
 0001:0002DA20       Classes.TThreadList.LockList
 0001:0002DA34       Classes.TThreadList.Remove
 0001:0002DA3C       Classes.TThreadList.RemoveItem
 0001:0002DA90       Classes.TThreadList.UnlockList
 0001:00034FB8       Classes.TWriter.AddAncestor
 0001:00034FEC       Classes.TWriter.DefineBinaryProperty
 0001:00034FC4       Classes.TWriter.DefineProperty
 0001:00034F8C       Classes.TWriter.Destroy
 0001:00035028       Classes.TWriter.FindMethodName
 0001:00035070       Classes.TWriter.FlushBuffer
 0001:00037644       Classes.TWriter.GetLookupInfo
 0001:00035018       Classes.TWriter.GetPosition
 0001:00035078       Classes.TWriter.SetPosition
 0001:000350B4       Classes.TWriter.SetRoot
 0001:000350CC       Classes.TWriter.Write
 0001:00035118       Classes.TWriter.WriteBinary
 0001:000351B8       Classes.TWriter.WriteBoolean
 0001:000351A0       Classes.TWriter.WriteBuffer
 0001:000351CC       Classes.TWriter.WriteChar
 0001:0003526C       Classes.TWriter.WriteCollection
 0001:0003535C       Classes.TWriter.WriteComponent
 0001:00035904       Classes.TWriter.WriteCurrency
 0001:000354B0       Classes.TWriter.WriteData
 0001:00035928       Classes.TWriter.WriteDate
 0001:00035870       Classes.TWriter.WriteDescendent
 0001:000358E0       Classes.TWriter.WriteDouble
 0001:00035898       Classes.TWriter.WriteFloat
 0001:0003594C       Classes.TWriter.WriteIdent
 0001:00035A30       Classes.TWriter.WriteInteger
 0001:00035AA4       Classes.TWriter.WriteInteger
 0001:00035AFC       Classes.TWriter.WriteListBegin
 0001:00035B04       Classes.TWriter.WriteListEnd
 0001:00037308       Classes.TWriter.WriteMinStr
 0001:00035B0C       Classes.TWriter.WritePrefix
 0001:00035B54       Classes.TWriter.WriteProperties
 0001:00036CAC       Classes.TWriter.WriteProperty
 0001:000371E0       Classes.TWriter.WritePropName
 0001:00037234       Classes.TWriter.WriteRootComponent
 0001:0003723C       Classes.TWriter.WriteSignature
 0001:000358BC       Classes.TWriter.WriteSingle
 0001:0003724C       Classes.TWriter.WriteStr
 0001:0003743C       Classes.TWriter.WriteString
 0001:00037554       Classes.TWriter.WriteUTF8Str
 0001:00037630       Classes.TWriter.WriteValue
 0001:00036E00       Classes.TWriter.WriteVariant
 0001:0003521C       Classes.TWriter.WriteWideChar
 0001:00037628       Classes.TWriter.WriteWideString
 0001:0002C9A4       Classes.UnRegisterModuleClasses
 0001:00037818       Classes.WaitForSyncEvent
 0003:00000F80       Classes.WakeMainThread
 0001:0002CB68       Classes.WriteCollection
 0001:000364DC       Classes.WriteCollectionProp
 0001:00036678       Classes.WriteFloatProp
 0001:000366B8       Classes.WriteInt64Prop
 0001:00036ADC       Classes.WriteInterfaceProp
 0001:00036470       Classes.WriteIntProp
 0001:00036BB8       Classes.WriteMethodProp
 0001:000368C8       Classes.WriteObjectProp
 0001:00036580       Classes.WriteOrdProp
 0001:00036384       Classes.WritePropPath
 0001:000363DC       Classes.WriteSet
 0001:000366F4       Classes.WriteStrProp
 0001:00036C48       Classes.WriteVariantProp
 0001:0004F8A4       DateUtils.EncodeDateTime
 0001:0004F9CC       DateUtils.InvalidDateTimeError
 0001:0004F978       DateUtils.Translate
 0001:0004F90C       DateUtils.TryEncodeDateTime
 0001:0006E8CC       IdAntiFreezeBase..TIdAntiFreezeBase
 0003:0000FB20       IdAntiFreezeBase.GAntiFreeze
 0001:0006EC04       IdAntiFreezeBase.TIdAntiFreezeBase.Destroy
 0001:0006EC38       IdAntiFreezeBase.TIdAntiFreezeBase.DoProcess
 0001:0006EC70       IdAntiFreezeBase.TIdAntiFreezeBase.InitComponent
 0001:0006EBFC       IdAntiFreezeBase.TIdAntiFreezeBase.Process
 0001:0006ECFC       IdAntiFreezeBase.TIdAntiFreezeBase.ShouldUse
 0001:0006ED24       IdAntiFreezeBase.TIdAntiFreezeBase.Sleep
 0001:0005AE28       IdBaseComponent..TIdBaseComponent
 0001:0005ACD0       IdBaseComponent..TIdInitializerComponent
 0001:0005AFFC       IdBaseComponent.TIdBaseComponent.Create
 0001:0005B034       IdBaseComponent.TIdBaseComponent.GetIndyVersion
 0001:0005AFAC       IdBaseComponent.TIdInitializerComponent.Create
 0001:0005AF6C       IdBaseComponent.TIdInitializerComponent.Create
 0001:0005AFF4       IdBaseComponent.TIdInitializerComponent.GetIsDesignTime
 0001:0005AFEC       IdBaseComponent.TIdInitializerComponent.GetIsLoading
 0001:0005AFE8       IdBaseComponent.TIdInitializerComponent.InitComponent
 0001:0007188C       IdBuffer..EIdNotEnoughDataInBuffer
 0001:00071944       IdBuffer..EIdTooMuchDataInBuffer
 0001:00071A6C       IdBuffer..TIdBuffer
 0001:00072778       IdBuffer.TIdBuffer.CheckAdd
 0001:000727EC       IdBuffer.TIdBuffer.CheckByteCount
 0001:000728BC       IdBuffer.TIdBuffer.Clear
 0001:00072DCC       IdBuffer.TIdBuffer.CompactHead
 0001:00073378       IdBuffer.TIdBuffer.Create
 0001:00072970       IdBuffer.TIdBuffer.Create
 0001:000728EC       IdBuffer.TIdBuffer.Create
 0001:00072928       IdBuffer.TIdBuffer.Create
 0001:00072A04       IdBuffer.TIdBuffer.Destroy
 0001:00072A3C       IdBuffer.TIdBuffer.Extract
 0001:00073638       IdBuffer.TIdBuffer.ExtractToByte
 0001:00072B44       IdBuffer.TIdBuffer.ExtractToBytes
 0001:00072C24       IdBuffer.TIdBuffer.ExtractToIdBuffer
 0001:000734B8       IdBuffer.TIdBuffer.ExtractToIPv6
 0001:000735B0       IdBuffer.TIdBuffer.ExtractToLongWord
 0001:00072C88       IdBuffer.TIdBuffer.ExtractToStream
 0001:00072A94       IdBuffer.TIdBuffer.ExtractToString
 0001:000735B8       IdBuffer.TIdBuffer.ExtractToUInt16
 0001:0007356C       IdBuffer.TIdBuffer.ExtractToUInt32
 0001:00073510       IdBuffer.TIdBuffer.ExtractToUInt64
 0001:00073604       IdBuffer.TIdBuffer.ExtractToUInt8
 0001:000735FC       IdBuffer.TIdBuffer.ExtractToWord
 0001:00073A28       IdBuffer.TIdBuffer.GetAsString
 0001:000732D0       IdBuffer.TIdBuffer.GetCapacity
 0001:0007317C       IdBuffer.TIdBuffer.IndexOf
 0001:00072F5C       IdBuffer.TIdBuffer.IndexOf
 0001:00072FE4       IdBuffer.TIdBuffer.IndexOf
 0001:000733C8       IdBuffer.TIdBuffer.PeekByte
 0001:00072D7C       IdBuffer.TIdBuffer.Remove
 0001:00073490       IdBuffer.TIdBuffer.SaveToStream
 0001:000732DC       IdBuffer.TIdBuffer.SetCapacity
 0001:000736B0       IdBuffer.TIdBuffer.Write
 0001:0007371C       IdBuffer.TIdBuffer.Write
 0001:0007379C       IdBuffer.TIdBuffer.Write
 0001:00073820       IdBuffer.TIdBuffer.Write
 0001:00073890       IdBuffer.TIdBuffer.Write
 0001:00072E48       IdBuffer.TIdBuffer.Write
 0001:00073640       IdBuffer.TIdBuffer.Write
 0001:00072E6C       IdBuffer.TIdBuffer.Write
 0001:00073248       IdBuffer.TIdBuffer.Write
 0004:00005108       IdCharsets..2
 0001:0008E1B0       IdCharsets.Finalization
 0003:0000FB2C       IdCharsets.IdCharsetNames
 0002:00000B04       IdCharsets.IdCharsets
 0004:000050FC       IdComponent..3
 0001:0006E2D8       IdComponent..TIdComponent
 0001:0006E814       IdComponent.Finalization
 0002:00000AD4       IdComponent.IdComponent
 0003:0000FAFC       IdComponent.IdStati
 0001:0006E6A4       IdComponent.TIdComponent.BeginWork
 0001:0006E5AC       IdComponent.TIdComponent.Destroy
 0001:0006E5DC       IdComponent.TIdComponent.DoStatus
 0001:0006E5E8       IdComponent.TIdComponent.DoStatus
 0001:0006E710       IdComponent.TIdComponent.DoWork
 0001:0006E770       IdComponent.TIdComponent.EndWork
 0001:0006E7B0       IdComponent.TIdComponent.InitComponent
 0001:0006E7C0       IdComponent.TIdComponent.Notification
 0001:0006E7E0       IdComponent.TIdComponent.SetWorkTarget
 0001:0007B40C       IdCustomTransparentProxy..EIdTransparentProxyCircularLink
 0001:0007B4E0       IdCustomTransparentProxy..EIdTransparentProxyUDPNotSupported
 0001:0007B5BC       IdCustomTransparentProxy..TIdCustomTransparentProxy
 0001:0007BC48       IdCustomTransparentProxy.TIdCustomTransparentProxy.Assign
 0001:0007BD8C       IdCustomTransparentProxy.TIdCustomTransparentProxy.Bind
 0001:0007BDE4       IdCustomTransparentProxy.TIdCustomTransparentProxy.Bind
 0001:0007BF08       IdCustomTransparentProxy.TIdCustomTransparentProxy.CloseUDP
 0001:0007BCBC       IdCustomTransparentProxy.TIdCustomTransparentProxy.Connect
 0001:0007BD34       IdCustomTransparentProxy.TIdCustomTransparentProxy.Listen
 0001:0007BE1C       IdCustomTransparentProxy.TIdCustomTransparentProxy.Notification
 0001:0007BF5C       IdCustomTransparentProxy.TIdCustomTransparentProxy.OpenUDP
 0001:0007BFB4       IdCustomTransparentProxy.TIdCustomTransparentProxy.RecvFromUDP
 0001:0007C010       IdCustomTransparentProxy.TIdCustomTransparentProxy.SendToUDP
 0001:0007BE3C       IdCustomTransparentProxy.TIdCustomTransparentProxy.SetChainedProxy
 0001:0007BE18       IdCustomTransparentProxy.TIdCustomTransparentProxy.SetEnabled
 0001:00052E7C       IdException..EIdCanNotBindPortInRange
 0001:00052FE8       IdException..EIdCannotSetIPVersionWhenConnected
 0001:00052AFC       IdException..EIdConnClosedGracefully
 0001:00052DC8       IdException..EIdCouldNotBindSocket
 0001:00052914       IdException..EIdException
 0001:00052F38       IdException..EIdInvalidPortRange
 0001:00052D1C       IdException..EIdNotAllBytesSent
 0001:00052C68       IdException..EIdPackageSizeTooBig
 0001:00052A50       IdException..EIdSilentException
 0001:00052BB4       IdException..EIdSocketHandleError
 0001:000530B4       IdException.EIdException.Create
 0001:000530EC       IdException.EIdException.Toss
 0001:00074164       IdExceptionCore..EIdAlreadyConnected
 0001:00074218       IdExceptionCore..EIdClosedSocket
 0001:00074A88       IdExceptionCore..EIdConnectException
 0001:000749D8       IdExceptionCore..EIdConnectTimeout
 0001:00074880       IdExceptionCore..EIdFileNotFound
 0001:000745B0       IdExceptionCore..EIdHostRequired
 0001:00075810       IdExceptionCore..EIdMaxCaptureLineExceeded
 0001:000747D4       IdExceptionCore..EIdNoDataToRead
 0001:0007492C       IdExceptionCore..EIdNotConnected
 0001:00074714       IdExceptionCore..EIdObjectTypeNotSupported
 0001:00074504       IdExceptionCore..EIdPortRequired
 0001:0007436C       IdExceptionCore..EIdReadLnMaxLineLengthExceeded
 0001:00074434       IdExceptionCore..EIdReadLnWaitMaxAttemptsExceeded
 0001:000742C4       IdExceptionCore..EIdReadTimeout
 0001:00075118       IdExceptionCore..EIdSocksAuthError
 0001:0007505C       IdExceptionCore..EIdSocksAuthMethodError
 0001:00074C00       IdExceptionCore..EIdSocksError
 0001:00074CA8       IdExceptionCore..EIdSocksRequestFailed
 0001:00074E24       IdExceptionCore..EIdSocksRequestIdentFailed
 0001:00074D60       IdExceptionCore..EIdSocksRequestServerFailed
 0001:00075750       IdExceptionCore..EIdSocksServerAddressError
 0001:00075690       IdExceptionCore..EIdSocksServerCommandError
 0001:000754F0       IdExceptionCore..EIdSocksServerConnectionRefusedError
 0001:000751C8       IdExceptionCore..EIdSocksServerGeneralError
 0001:00075420       IdExceptionCore..EIdSocksServerHostUnreachableError
 0001:00075350       IdExceptionCore..EIdSocksServerNetUnreachableError
 0001:00075288       IdExceptionCore..EIdSocksServerPermissionError
 0001:00074F9C       IdExceptionCore..EIdSocksServerRespondError
 0001:000755C8       IdExceptionCore..EIdSocksServerTTLExpiredError
 0001:00074EE4       IdExceptionCore..EIdSocksUnknownError
 0001:0007465C       IdExceptionCore..EIdTCPConnectionError
 0001:00074B3C       IdExceptionCore..EIdTransparentProxyCantBind
 0004:00005028       IdGlobal..61
 0001:00053B28       IdGlobal..EIdFailedToRetreiveTimeZoneInfo
 0001:00053A78       IdGlobal..EIdInvalidIPv6Address
 0001:00055BE0       IdGlobal..TId8BitEncoding
 0001:000558BC       IdGlobal..TIdASCIIEncoding
 0001:000539D0       IdGlobal..TIdCriticalSection
 0001:00054B94       IdGlobal..TIdMBCSEncoding
 0001:000538C4       IdGlobal..TIdReadFileExclusiveStream
 0001:00053F0C       IdGlobal..TIdTextEncodingBase
 0001:000556C0       IdGlobal..TIdUTF16BigEndianEncoding
 0001:00055348       IdGlobal..TIdUTF16LittleEndianEncoding
 0001:00054FFC       IdGlobal..TIdUTF7Encoding
 0001:00055184       IdGlobal..TIdUTF8Encoding
 0001:00059FC0       IdGlobal.BytesToInt16
 0001:00059B3C       IdGlobal.BytesToInt32
 0001:00059C50       IdGlobal.BytesToInt64
 0001:0005A0D8       IdGlobal.BytesToIPv4Str
 0001:0005A294       IdGlobal.BytesToIPv6
 0001:0005A4CC       IdGlobal.BytesToString
 0001:0005A524       IdGlobal.BytesToString
 0001:00059EA8       IdGlobal.BytesToUInt16
 0001:0005A3B8       IdGlobal.BytesToUInt32
 0001:00059D7C       IdGlobal.BytesToUInt64
 0001:0005AA54       IdGlobal.CharIsInSet
 0001:000576BC       IdGlobal.CopyTIdBytes
 0001:00057834       IdGlobal.CopyTIdIPV6Address
 0001:0005780C       IdGlobal.CopyTIdUInt16
 0001:00057814       IdGlobal.CopyTIdUInt32
 0001:0005781C       IdGlobal.CopyTIdUInt64
 0001:00053CE0       IdGlobal.EnsureEncoding
 0001:00057844       IdGlobal.Fetch
 0001:00057934       IdGlobal.FetchCaseInsensitive
 0001:00057590       IdGlobal.FillBytes
 0001:0005AC24       IdGlobal.Finalization
 0001:00057ADC       IdGlobal.GetElapsedTicks
 0001:00057A48       IdGlobal.GetImpl
 0003:0000F778       IdGlobal.GetTickCount64
 0003:0000F760       IdGlobal.GId8BitEncoding
 0003:0000F764       IdGlobal.GIdASCIIEncoding
 0003:0000F750       IdGlobal.GIdDefaultTextEncoding
 0003:0000F75C       IdGlobal.GIdOSDefaultEncoding
 0003:0000F758       IdGlobal.GIdPorts
 0003:0000F768       IdGlobal.GIdUTF16BigEndianEncoding
 0003:0000F76C       IdGlobal.GIdUTF16LittleEndianEncoding
 0003:0000F770       IdGlobal.GIdUTF7Encoding
 0003:0000F774       IdGlobal.GIdUTF8Encoding
 0001:0005758C       IdGlobal.HostToLittleEndian
 0001:0005AC1C       IdGlobal.IdDisposeAndNil
 0002:00000754       IdGlobal.IdGlobal
 0001:00057B54       IdGlobal.iif
 0001:00057B60       IdGlobal.iif
 0001:00057A2C       IdGlobal.Impl_GetTickCount64
 0001:0005AB60       IdGlobal.IndyAddPair
 0001:0005ABF0       IdGlobal.IndyCheckWindowsVersion
 0001:00058C94       IdGlobal.IndyFormat
 0001:00059468       IdGlobal.IndyIncludeTrailingPathDelimiter
 0001:000589F4       IdGlobal.IndyLength
 0001:00058888       IdGlobal.IndyLength
 0001:00058820       IdGlobal.IndyMax
 0001:00058828       IdGlobal.IndyMin
 0001:00058830       IdGlobal.IndyMin
 0003:0000F754       IdGlobal.IndyPos
 0001:0005751C       IdGlobal.IndyRaiseLastError
 0001:00057524       IdGlobal.IndyRaiseOuterException
 0001:0005AB58       IdGlobal.IndyRegisterExpectedMemoryLeak
 0001:00058880       IdGlobal.IndySleep
 0001:000594AC       IdGlobal.IndyStrToInt
 0001:000594FC       IdGlobal.IndyStrToInt
 0001:00057058       IdGlobal.IndyTextEncoding
 0001:0005718C       IdGlobal.IndyTextEncoding_8Bit
 0001:00057224       IdGlobal.IndyTextEncoding_ASCII
 0001:000570D4       IdGlobal.IndyTextEncoding_Default
 0001:000570F4       IdGlobal.IndyTextEncoding_OSDefault
 0001:000572BC       IdGlobal.IndyTextEncoding_UTF16BE
 0001:00057354       IdGlobal.IndyTextEncoding_UTF16LE
 0001:000573EC       IdGlobal.IndyTextEncoding_UTF7
 0001:00057484       IdGlobal.IndyTextEncoding_UTF8
 0001:0005ABD8       IdGlobal.IndyWindowsMajorVersion
 0001:0005ABE0       IdGlobal.IndyWindowsMinorVersion
 0001:0005ABE8       IdGlobal.IndyWindowsPlatform
 0001:00057BA0       IdGlobal.InMainThread
 0001:0005753C       IdGlobal.InterlockedCompareExchangeIntf
 0001:0005752C       IdGlobal.InterlockedExchangeTHandle
 0001:00058878       IdGlobal.InternalAnsiPos
 0001:00057CD4       IdGlobal.IPv4ToUInt32
 0001:00058070       IdGlobal.IPv6AddressToStr
 0001:00058648       IdGlobal.IPv6ToIdIPv6Address
 0001:000586C4       IdGlobal.IPv6ToIdIPv6Address
 0001:00057CA4       IdGlobal.IsNumeric
 0001:00057CC0       IdGlobal.IsNumeric
 0001:00058110       IdGlobal.MakeCanonicalIPv6Address
 0001:00057BB4       IdGlobal.MakeUInt32IntoIPv4Address
 0003:0000F798       IdGlobal.monthnames
 0001:000575FC       IdGlobal.OctalToInt64
 0001:00059330       IdGlobal.OffsetFromUTC
 0001:000575E0       IdGlobal.PosInSmallIntArray
 0001:0005947C       IdGlobal.ReplaceOnlyFirst
 0001:00058870       IdGlobal.SBPos
 0001:00057A9C       IdGlobal.Stub_GetTickCount64
 0001:0005A99C       IdGlobal.TextEndsWith
 0001:0005A8E0       IdGlobal.TextIsSame
 0001:0005A8F8       IdGlobal.TextStartsWith
 0001:00057AC0       IdGlobal.Ticks64
 0001:00056F8C       IdGlobal.TId8BitEncoding.Create
 0001:00056FCC       IdGlobal.TId8BitEncoding.GetByteCount
 0001:00056FD0       IdGlobal.TId8BitEncoding.GetBytes
 0001:00057014       IdGlobal.TId8BitEncoding.GetCharCount
 0001:00057018       IdGlobal.TId8BitEncoding.GetChars
 0001:00057050       IdGlobal.TId8BitEncoding.GetMaxByteCount
 0001:00057054       IdGlobal.TId8BitEncoding.GetMaxCharCount
 0001:00056EAC       IdGlobal.TIdASCIIEncoding.Create
 0001:00056EEC       IdGlobal.TIdASCIIEncoding.GetByteCount
 0001:00056EF0       IdGlobal.TIdASCIIEncoding.GetBytes
 0001:00056F34       IdGlobal.TIdASCIIEncoding.GetCharCount
 0001:00056F38       IdGlobal.TIdASCIIEncoding.GetChars
 0001:00056F84       IdGlobal.TIdASCIIEncoding.GetMaxByteCount
 0001:00056F88       IdGlobal.TIdASCIIEncoding.GetMaxCharCount
 0001:000569F8       IdGlobal.TIdMBCSEncoding.Create
 0001:000569B4       IdGlobal.TIdMBCSEncoding.Create
 0001:00056974       IdGlobal.TIdMBCSEncoding.Create
 0001:00056ADC       IdGlobal.TIdMBCSEncoding.GetByteCount
 0001:00056AF4       IdGlobal.TIdMBCSEncoding.GetBytes
 0001:00056B18       IdGlobal.TIdMBCSEncoding.GetCharCount
 0001:00056B2C       IdGlobal.TIdMBCSEncoding.GetChars
 0001:00056B4C       IdGlobal.TIdMBCSEncoding.GetMaxByteCount
 0001:00056B54       IdGlobal.TIdMBCSEncoding.GetMaxCharCount
 0001:00056B58       IdGlobal.TIdMBCSEncoding.GetPreamble
 0001:000575A8       IdGlobal.TIdReadFileExclusiveStream.Create
 0001:00056160       IdGlobal.TIdTextEncodingBase.GetByteCount
 0001:00056230       IdGlobal.TIdTextEncodingBase.GetByteCount
 0001:000561C0       IdGlobal.TIdTextEncodingBase.GetByteCount
 0001:00054B64       IdGlobal.TIdTextEncodingBase.GetByteCount
 0001:00056184       IdGlobal.TIdTextEncodingBase.GetByteCount
 0001:0005626C       IdGlobal.TIdTextEncodingBase.GetBytes
 0001:000562A0       IdGlobal.TIdTextEncodingBase.GetBytes
 0001:00056310       IdGlobal.TIdTextEncodingBase.GetBytes
 0001:00056348       IdGlobal.TIdTextEncodingBase.GetBytes
 0001:0005647C       IdGlobal.TIdTextEncodingBase.GetBytes
 0001:0005651C       IdGlobal.TIdTextEncodingBase.GetBytes
 0001:0005658C       IdGlobal.TIdTextEncodingBase.GetBytes
 0001:00054B6C       IdGlobal.TIdTextEncodingBase.GetBytes
 0001:000563AC       IdGlobal.TIdTextEncodingBase.GetBytes
 0001:000565F4       IdGlobal.TIdTextEncodingBase.GetCharCount
 0001:000565D0       IdGlobal.TIdTextEncodingBase.GetCharCount
 0001:00054B74       IdGlobal.TIdTextEncodingBase.GetCharCount
 0001:00056718       IdGlobal.TIdTextEncodingBase.GetChars
 0001:00056770       IdGlobal.TIdTextEncodingBase.GetChars
 0001:00054B7C       IdGlobal.TIdTextEncodingBase.GetChars
 0001:000566D4       IdGlobal.TIdTextEncodingBase.GetChars
 0001:00056630       IdGlobal.TIdTextEncodingBase.GetChars
 0001:00056664       IdGlobal.TIdTextEncodingBase.GetChars
 0001:00056864       IdGlobal.TIdTextEncodingBase.GetIsSingleByte
 0001:00054B84       IdGlobal.TIdTextEncodingBase.GetMaxByteCount
 0001:00054B8C       IdGlobal.TIdTextEncodingBase.GetMaxCharCount
 0001:0005686C       IdGlobal.TIdTextEncodingBase.GetPreamble
 0001:00056888       IdGlobal.TIdTextEncodingBase.GetString
 0001:0005691C       IdGlobal.TIdTextEncodingBase.GetString
 0001:000568B8       IdGlobal.TIdTextEncodingBase.GetString
 0001:00056E10       IdGlobal.TIdUTF16BigEndianEncoding.GetBytes
 0001:00056E48       IdGlobal.TIdUTF16BigEndianEncoding.GetChars
 0001:00056E84       IdGlobal.TIdUTF16BigEndianEncoding.GetPreamble
 0001:00056D3C       IdGlobal.TIdUTF16LittleEndianEncoding.Create
 0001:00056D7C       IdGlobal.TIdUTF16LittleEndianEncoding.GetByteCount
 0001:00056D84       IdGlobal.TIdUTF16LittleEndianEncoding.GetBytes
 0001:00056DA0       IdGlobal.TIdUTF16LittleEndianEncoding.GetCharCount
 0001:00056DAC       IdGlobal.TIdUTF16LittleEndianEncoding.GetChars
 0001:00056DD0       IdGlobal.TIdUTF16LittleEndianEncoding.GetMaxByteCount
 0001:00056DD8       IdGlobal.TIdUTF16LittleEndianEncoding.GetMaxCharCount
 0001:00056DE8       IdGlobal.TIdUTF16LittleEndianEncoding.GetPreamble
 0001:00056C7C       IdGlobal.TIdUTF7Encoding.Create
 0001:00056CB8       IdGlobal.TIdUTF7Encoding.GetMaxByteCount
 0001:00056CC0       IdGlobal.TIdUTF7Encoding.GetMaxCharCount
 0001:00056CC4       IdGlobal.TIdUTF8Encoding.Create
 0001:00056D00       IdGlobal.TIdUTF8Encoding.GetMaxByteCount
 0001:00056D08       IdGlobal.TIdUTF8Encoding.GetMaxCharCount
 0001:00056D0C       IdGlobal.TIdUTF8Encoding.GetPreamble
 0001:00059934       IdGlobal.ToBytes
 0001:0005990C       IdGlobal.ToBytes
 0001:000598E4       IdGlobal.ToBytes
 0001:000598C0       IdGlobal.ToBytes
 0001:0005989C       IdGlobal.ToBytes
 0001:0005986C       IdGlobal.ToBytes
 0001:0005983C       IdGlobal.ToBytes
 0001:000597A4       IdGlobal.ToBytes
 0001:000595AC       IdGlobal.ToBytes
 0001:00059550       IdGlobal.ToBytes
 0001:00059958       IdGlobal.ToBytes
 0001:00056008       IdGlobal.ValidateBytes
 0001:00055F9C       IdGlobal.ValidateBytes
 0001:00055F00       IdGlobal.ValidateChars
 0001:0005607C       IdGlobal.ValidateStr
 0003:0000F77C       IdGlobal.wdays
 0001:0005A6B8       IdGlobal.WriteStringToStream
 0001:0005A710       IdGlobal.WriteStringToStream
 0004:00005118       IdGlobalProtocols..8
 0003:00010CAC       IdGlobalProtocols.cTimeZones
 0001:00090820       IdGlobalProtocols.Finalization
 0004:0000511C       IdGlobalProtocols.GTempPath
 0003:00011460       IdGlobalProtocols.HTML_HeadDocAttrs
 0003:00011454       IdGlobalProtocols.HTML_MainDocParts
 0003:00011470       IdGlobalProtocols.HTML_MetaAttrs
 0002:00000B14       IdGlobalProtocols.IdGlobalProtocols
 0004:00005110       IdGlobalProtocols.IndyFalseBoolStrs
 0001:0008E630       IdGlobalProtocols.IndySetLocalTime
 0004:00005114       IdGlobalProtocols.IndyTrueBoolStrs
 0003:000109AC       IdGlobalProtocols.monthnames
 0003:000109DC       IdGlobalProtocols.Months
 0003:00011478       IdGlobalProtocols.QuoteSpecials
 0001:0008E59C       IdGlobalProtocols.TempPath
 0001:0008E61C       IdGlobalProtocols.TimeZoneBias
 0003:00010990       IdGlobalProtocols.wdays
 0004:000050EC       IdIDN..1
 0001:000651C8       IdIDN.CloseIDNLibrary
 0003:0000FA90       IdIDN.DownlevelGetLocaleScripts
 0003:0000FA94       IdIDN.DownlevelGetStringScripts
 0003:0000FA98       IdIDN.DownlevelVerifyScripts
 0001:00065218       IdIDN.Finalization
 0003:0000FAB0       IdIDN.hIdnDL
 0003:0000FAB4       IdIDN.hNormaliz
 0002:00000A10       IdIDN.IdIDN
 0003:0000FAAC       IdIDN.IdnToAscii
 0003:0000FAA8       IdIDN.IdnToNameprepUnicode
 0001:00064E6C       IdIDN.IDNToPunnyCode
 0003:0000FAA4       IdIDN.IdnToUnicode
 0001:00064F44       IdIDN.InitIDNLibrary
 0003:0000FA9C       IdIDN.IsNormalizedString
 0003:0000FAA0       IdIDN.NormalizeString
 0001:00064E3C       IdIDN.UseIDNAPI
 0001:00073A40       IdIntercept..EIdInterceptCircularLink
 0001:00073BE4       IdIntercept..TIdConnectionIntercept
 0001:00073FFC       IdIntercept.TIdConnectionIntercept.Connect
 0001:00073FD4       IdIntercept.TIdConnectionIntercept.Disconnect
 0001:00074154       IdIntercept.TIdConnectionIntercept.InitComponent
 0001:0007413C       IdIntercept.TIdConnectionIntercept.Notification
 0001:00074028       IdIntercept.TIdConnectionIntercept.Receive
 0001:00074050       IdIntercept.TIdConnectionIntercept.Send
 0001:00074078       IdIntercept.TIdConnectionIntercept.SetIntercept
 0004:00005100       IdIOHandler..5
 0001:000758D0       IdIOHandler..EIdIOHandler
 0001:00075974       IdIOHandler..EIdIOHandlerRequiresLargeStream
 0001:00075A3C       IdIOHandler..EIdIOHandlerStreamDataTooLarge
 0001:00075B20       IdIOHandler..TIdIOHandler
 0001:00079D2C       IdIOHandler.AdjustStreamSize
 0001:0007B3F8       IdIOHandler.Finalization
 0003:0000FB24       IdIOHandler.GIOHandlerClassDefault
 0003:0000FB28       IdIOHandler.GIOHandlerClassList
 0002:00000AE8       IdIOHandler.IdIOHandler
 0001:00077C9C       IdIOHandler.TIdIOHandler.AfterAccept
 0001:0007A550       IdIOHandler.TIdIOHandler.AllData
 0001:00077F08       IdIOHandler.TIdIOHandler.BufferRemoveNotify
 0001:0007AE98       IdIOHandler.TIdIOHandler.Capture
 0001:0007AC8C       IdIOHandler.TIdIOHandler.Capture
 0001:0007AD58       IdIOHandler.TIdIOHandler.Capture
 0001:0007AE28       IdIOHandler.TIdIOHandler.Capture
 0001:0007ADC8       IdIOHandler.TIdIOHandler.Capture
 0001:0007ACF8       IdIOHandler.TIdIOHandler.Capture
 0001:00079718       IdIOHandler.TIdIOHandler.CheckForDataOnSource
 0001:00077BF8       IdIOHandler.TIdIOHandler.CheckForDisconnect
 0001:00077C00       IdIOHandler.TIdIOHandler.Close
 0001:0007B1D4       IdIOHandler.TIdIOHandler.CloseGracefully
 0001:00079CEC       IdIOHandler.TIdIOHandler.Connected
 0001:00077C54       IdIOHandler.TIdIOHandler.Destroy
 0001:0007A17C       IdIOHandler.TIdIOHandler.Discard
 0001:0007A374       IdIOHandler.TIdIOHandler.DiscardAll
 0001:00077ED8       IdIOHandler.TIdIOHandler.GetDestination
 0001:0007B1DC       IdIOHandler.TIdIOHandler.InitComponent
 0001:0007A4C0       IdIOHandler.TIdIOHandler.InputBufferAsString
 0001:0007AF08       IdIOHandler.TIdIOHandler.InputBufferIsEmpty
 0001:0007AEF8       IdIOHandler.TIdIOHandler.InputBufferToStream
 0001:0007A880       IdIOHandler.TIdIOHandler.InputLn
 0001:00077D98       IdIOHandler.TIdIOHandler.MakeDefaultIOHandler
 0001:00077DE4       IdIOHandler.TIdIOHandler.MakeIOHandler
 0001:00077CD0       IdIOHandler.TIdIOHandler.Notification
 0001:00077CA0       IdIOHandler.TIdIOHandler.Open
 0001:0007A664       IdIOHandler.TIdIOHandler.PerformCapture
 0001:0007A46C       IdIOHandler.TIdIOHandler.RaiseConnClosedGracefully
 0001:00079CC8       IdIOHandler.TIdIOHandler.Readable
 0001:00078B00       IdIOHandler.TIdIOHandler.ReadByte
 0001:00079990       IdIOHandler.TIdIOHandler.ReadBytes
 0001:00078870       IdIOHandler.TIdIOHandler.ReadChar
 0001:00079424       IdIOHandler.TIdIOHandler.ReadFromSource
 0001:000787F4       IdIOHandler.TIdIOHandler.ReadInt16
 0001:00078B68       IdIOHandler.TIdIOHandler.ReadInt32
 0001:00078BE4       IdIOHandler.TIdIOHandler.ReadInt64
 0001:00078D84       IdIOHandler.TIdIOHandler.ReadLn
 0001:00078DF4       IdIOHandler.TIdIOHandler.ReadLn
 0001:00078E68       IdIOHandler.TIdIOHandler.ReadLn
 0001:00079198       IdIOHandler.TIdIOHandler.ReadLnRFC
 0001:00079114       IdIOHandler.TIdIOHandler.ReadLnRFC
 0001:0007923C       IdIOHandler.TIdIOHandler.ReadLnSplit
 0001:00079308       IdIOHandler.TIdIOHandler.ReadLnWait
 0001:00078BDC       IdIOHandler.TIdIOHandler.ReadLongInt
 0001:00078D7C       IdIOHandler.TIdIOHandler.ReadLongWord
 0001:00078868       IdIOHandler.TIdIOHandler.ReadSmallInt
 0001:00079D74       IdIOHandler.TIdIOHandler.ReadStream
 0001:00078604       IdIOHandler.TIdIOHandler.ReadString
 0001:000786C0       IdIOHandler.TIdIOHandler.ReadStrings
 0001:00078778       IdIOHandler.TIdIOHandler.ReadUInt16
 0001:00078D08       IdIOHandler.TIdIOHandler.ReadUInt32
 0001:00078C7C       IdIOHandler.TIdIOHandler.ReadUInt64
 0001:000787EC       IdIOHandler.TIdIOHandler.ReadWord
 0001:00077DA8       IdIOHandler.TIdIOHandler.RegisterIOHandler
 0001:00077D24       IdIOHandler.TIdIOHandler.SetDefaultClass
 0001:00077D30       IdIOHandler.TIdIOHandler.SetDefStringEncoding
 0001:00077EF0       IdIOHandler.TIdIOHandler.SetDestination
 0001:00079CCC       IdIOHandler.TIdIOHandler.SetHost
 0001:00077CF0       IdIOHandler.TIdIOHandler.SetIntercept
 0001:00079CE4       IdIOHandler.TIdIOHandler.SetPort
 0001:00077E7C       IdIOHandler.TIdIOHandler.TryMakeIOHandler
 0001:0007AB24       IdIOHandler.TIdIOHandler.WaitFor
 0001:000782CC       IdIOHandler.TIdIOHandler.Write
 0001:00079760       IdIOHandler.TIdIOHandler.Write
 0001:000781E4       IdIOHandler.TIdIOHandler.Write
 0001:00078140       IdIOHandler.TIdIOHandler.Write
 0001:000783DC       IdIOHandler.TIdIOHandler.Write
 0001:00078030       IdIOHandler.TIdIOHandler.Write
 0001:000780E0       IdIOHandler.TIdIOHandler.Write
 0001:00078258       IdIOHandler.TIdIOHandler.Write
 0001:00078590       IdIOHandler.TIdIOHandler.Write
 0001:0007AF18       IdIOHandler.TIdIOHandler.Write
 0001:0007851C       IdIOHandler.TIdIOHandler.Write
 0001:0007835C       IdIOHandler.TIdIOHandler.Write
 0001:00078014       IdIOHandler.TIdIOHandler.WriteBufferCancel
 0001:00078000       IdIOHandler.TIdIOHandler.WriteBufferClear
 0001:00077F50       IdIOHandler.TIdIOHandler.WriteBufferClose
 0001:0007B284       IdIOHandler.TIdIOHandler.WriteBufferFlush
 0001:00077F94       IdIOHandler.TIdIOHandler.WriteBufferFlush
 0001:0007B1C8       IdIOHandler.TIdIOHandler.WriteBufferingActive
 0001:00077F1C       IdIOHandler.TIdIOHandler.WriteBufferOpen
 0001:0007B290       IdIOHandler.TIdIOHandler.WriteBufferOpen
 0001:0007B29C       IdIOHandler.TIdIOHandler.WriteDirect
 0001:0007B094       IdIOHandler.TIdIOHandler.WriteFile
 0001:00079B94       IdIOHandler.TIdIOHandler.WriteLn
 0001:00079B40       IdIOHandler.TIdIOHandler.WriteLn
 0001:00079C20       IdIOHandler.TIdIOHandler.WriteLnRFC
 0001:0007AFA4       IdIOHandler.TIdIOHandler.WriteRFCStrings
 0001:00080DE4       IdIOHandlerSocket..TIdIOHandlerSocket
 0001:000814C0       IdIOHandlerSocket.TIdIOHandlerSocket.AfterAccept
 0001:00081830       IdIOHandlerSocket.TIdIOHandlerSocket.BindingAllocated
 0001:00081B14       IdIOHandlerSocket.TIdIOHandlerSocket.CheckForError
 0001:000814DC       IdIOHandlerSocket.TIdIOHandlerSocket.Close
 0001:000814F8       IdIOHandlerSocket.TIdIOHandlerSocket.ConnectClient
 0001:00081598       IdIOHandlerSocket.TIdIOHandlerSocket.Connected
 0001:000815C4       IdIOHandlerSocket.TIdIOHandlerSocket.Destroy
 0001:00081620       IdIOHandlerSocket.TIdIOHandlerSocket.DoAfterBind
 0001:00081600       IdIOHandlerSocket.TIdIOHandlerSocket.DoBeforeBind
 0001:00081640       IdIOHandlerSocket.TIdIOHandlerSocket.DoSocketAllocated
 0001:00081660       IdIOHandlerSocket.TIdIOHandlerSocket.GetDestination
 0001:00081914       IdIOHandlerSocket.TIdIOHandlerSocket.GetReuseSocket
 0001:00081A70       IdIOHandlerSocket.TIdIOHandlerSocket.GetTransparentProxy
 0001:00081A9C       IdIOHandlerSocket.TIdIOHandlerSocket.GetUseNagle
 0001:00081AF0       IdIOHandlerSocket.TIdIOHandlerSocket.InitComponent
 0001:00081ACC       IdIOHandlerSocket.TIdIOHandlerSocket.Notification
 0001:000816F4       IdIOHandlerSocket.TIdIOHandlerSocket.Open
 0001:00081B50       IdIOHandlerSocket.TIdIOHandlerSocket.RaiseError
 0001:00081760       IdIOHandlerSocket.TIdIOHandlerSocket.SetDestination
 0001:0008192C       IdIOHandlerSocket.TIdIOHandlerSocket.SetReuseSocket
 0001:00081940       IdIOHandlerSocket.TIdIOHandlerSocket.SetTransparentProxy
 0001:00081AB4       IdIOHandlerSocket.TIdIOHandlerSocket.SetUseNagle
 0001:00081B0C       IdIOHandlerSocket.TIdIOHandlerSocket.SourceIsAvailable
 0001:00081848       IdIOHandlerSocket.TIdIOHandlerSocket.WriteFile
 0004:00005104       IdIOHandlerStack..2
 0001:0007D778       IdIOHandlerStack..TIdConnectThread
 0001:0007D4C8       IdIOHandlerStack..TIdIOHandlerStack
 0001:0007D970       IdIOHandlerStack.DoConnectTimeout
 0001:0007E114       IdIOHandlerStack.Finalization
 0002:00000AF0       IdIOHandlerStack.IdIOHandlerStack
 0001:0007E0E8       IdIOHandlerStack.TIdConnectThread.CheckForConnectError
 0001:0007E018       IdIOHandlerStack.TIdConnectThread.Create
 0001:0007E054       IdIOHandlerStack.TIdConnectThread.Destroy
 0001:0007E0D4       IdIOHandlerStack.TIdConnectThread.DoTerminate
 0001:0007E084       IdIOHandlerStack.TIdConnectThread.Execute
 0001:0007DFB8       IdIOHandlerStack.TIdIOHandlerStack.CheckForDisconnect
 0001:0007DAEC       IdIOHandlerStack.TIdIOHandlerStack.ConnectClient
 0001:0007D954       IdIOHandlerStack.TIdIOHandlerStack.Connected
 0001:0007DD54       IdIOHandlerStack.TIdIOHandlerStack.Readable
 0001:0007DE94       IdIOHandlerStack.TIdIOHandlerStack.ReadDataFromSource
 0001:0007DD60       IdIOHandlerStack.TIdIOHandlerStack.WriteDataToTarget
 0001:0008075C       IdIPAddress..TIdIPAddress
 0001:00080A6C       IdIPAddress.TIdIPAddress.CompareAddress
 0001:00080B5C       IdIPAddress.TIdIPAddress.Create
 0001:00080C10       IdIPAddress.TIdIPAddress.GetIPAddress
 0001:00080C34       IdIPAddress.TIdIPAddress.GetIPv4AsString
 0001:00080C5C       IdIPAddress.TIdIPAddress.GetIPv6AsString
 0001:00080B9C       IdIPAddress.TIdIPAddress.HToNBytes
 0001:00080C84       IdIPAddress.TIdIPAddress.MakeAddressObject
 0001:00080D30       IdIPAddress.TIdIPAddress.MakeAddressObject
 0001:0007C760       IdReply..EIdReplyError
 0001:0007C4FC       IdReply..TIdReplies
 0001:0007C068       IdReply..TIdReply
 0001:0007CC2C       IdReply.TIdReplies.Add
 0001:0007CBD0       IdReply.TIdReplies.Add
 0001:0007CBC4       IdReply.TIdReplies.Add
 0001:0007CC88       IdReply.TIdReplies.Create
 0001:0007CCC8       IdReply.TIdReplies.Find
 0001:0007CD3C       IdReply.TIdReplies.GetItem
 0001:0007CD50       IdReply.TIdReplies.UpdateText
 0001:0007C800       IdReply.TIdReply.AssignTo
 0001:0007CB94       IdReply.TIdReply.CheckIfCodeIsValid
 0001:0007C83C       IdReply.TIdReply.Clear
 0001:0007C910       IdReply.TIdReply.CommonInit
 0001:0007C89C       IdReply.TIdReply.Create
 0001:0007C854       IdReply.TIdReply.CreateWithReplyTexts
 0001:0007C8D8       IdReply.TIdReply.Destroy
 0001:0007C934       IdReply.TIdReply.GetDisplayName
 0001:0007CB9C       IdReply.TIdReply.GetFormattedReply
 0001:0007CBA4       IdReply.TIdReply.GetFormattedReplyStrings
 0001:0007CA80       IdReply.TIdReply.GetNumericCode
 0001:0007CB98       IdReply.TIdReply.IsEndMarker
 0001:0007C4D8       IdReply.TIdReply.RaiseReplyError
 0001:0007C9BC       IdReply.TIdReply.ReplyExists
 0001:0007CA8C       IdReply.TIdReply.SetCode
 0001:0007C9C8       IdReply.TIdReply.SetNumericCode
 0001:0007CB78       IdReply.TIdReply.SetReply
 0001:0007CA28       IdReply.TIdReply.SetReply
 0001:0007CA18       IdReply.TIdReply.SetText
 0001:0007CBB4       IdReply.TIdReply.UpdateText
 0001:0007CF10       IdReplyRFC..EIdReplyRFCError
 0001:0007CD84       IdReplyRFC..TIdReplyRFC
 0001:0007D480       IdReplyRFC.EIdReplyRFCError.CreateError
 0001:0007D068       IdReplyRFC.TIdReplyRFC.AssignTo
 0001:0007D0AC       IdReplyRFC.TIdReplyRFC.CheckIfCodeIsValid
 0001:0007D118       IdReplyRFC.TIdReplyRFC.GetFormattedReply
 0001:0007D284       IdReplyRFC.TIdReplyRFC.IsEndMarker
 0001:0007D304       IdReplyRFC.TIdReplyRFC.RaiseReplyError
 0001:0007D364       IdReplyRFC.TIdReplyRFC.ReplyExists
 0001:0007D388       IdReplyRFC.TIdReplyRFC.SetFormattedReply
 0001:00090928       IdSNTP..TIdSNTP
 0001:00090BF8       IdSNTP.TIdSNTP.DateTimeToNTP
 0001:00090DC0       IdSNTP.TIdSNTP.Disregard
 0001:00090E3C       IdSNTP.TIdSNTP.GetAdjustmentTime
 0001:00090E58       IdSNTP.TIdSNTP.GetDateTime
 0001:00090DA4       IdSNTP.TIdSNTP.InitComponent
 0001:00090CBC       IdSNTP.TIdSNTP.NTPToDateTime
 0001:00091178       IdSNTP.TIdSNTP.SyncTime
 0001:0006ED80       IdSocketHandle..TIdSocketHandle
 0001:000704F0       IdSocketHandle.CheckIsReadable
 0001:000703E8       IdSocketHandle.TIdSocketHandle.Accept
 0001:00070874       IdSocketHandle.TIdSocketHandle.AddMulticastMembership
 0001:0006FCEC       IdSocketHandle.TIdSocketHandle.AllocateSocket
 0001:000705EC       IdSocketHandle.TIdSocketHandle.Assign
 0001:00070050       IdSocketHandle.TIdSocketHandle.Bind
 0001:0007071C       IdSocketHandle.TIdSocketHandle.BindPortReserved
 0001:0007022C       IdSocketHandle.TIdSocketHandle.Broadcast
 0001:000701B8       IdSocketHandle.TIdSocketHandle.Broadcast
 0001:00070330       IdSocketHandle.TIdSocketHandle.BroadcastEnabledChanged
 0001:0006FD48       IdSocketHandle.TIdSocketHandle.CloseSocket
 0001:0006FDB0       IdSocketHandle.TIdSocketHandle.Connect
 0001:0007046C       IdSocketHandle.TIdSocketHandle.Create
 0001:0006FE38       IdSocketHandle.TIdSocketHandle.Destroy
 0001:0006FD34       IdSocketHandle.TIdSocketHandle.Disconnect
 0001:0007089C       IdSocketHandle.TIdSocketHandle.DropMulticastMembership
 0001:00070750       IdSocketHandle.TIdSocketHandle.GetSockOpt
 0001:000703D0       IdSocketHandle.TIdSocketHandle.Listen
 0001:00070564       IdSocketHandle.TIdSocketHandle.Readable
 0001:0006FE74       IdSocketHandle.TIdSocketHandle.Receive
 0001:00070024       IdSocketHandle.TIdSocketHandle.RecvFrom
 0001:00070680       IdSocketHandle.TIdSocketHandle.Reset
 0001:00070778       IdSocketHandle.TIdSocketHandle.Select
 0001:0006FF08       IdSocketHandle.TIdSocketHandle.Send
 0001:0006FE8C       IdSocketHandle.TIdSocketHandle.Send
 0001:0006FFD4       IdSocketHandle.TIdSocketHandle.SendTo
 0001:0006FFF0       IdSocketHandle.TIdSocketHandle.SendTo
 0001:0006FF58       IdSocketHandle.TIdSocketHandle.SendTo
 0001:00070364       IdSocketHandle.TIdSocketHandle.SetBinding
 0001:0007038C       IdSocketHandle.TIdSocketHandle.SetBroadcastEnabled
[...]
   714 0001:00083BD5   718 0001:00083C53   719 0001:00083C5D   723 0001:00083D05
   724 0001:00083D12   728 0001:00083D89   734 0001:00083DC4   735 0001:00083DE8
   736 0001:00083E00   737 0001:00083E0F   738 0001:00083E17   740 0001:00083E2B
   742 0001:00083E5B   743 0001:00083E7E   744 0001:00083EA1   745 0001:00083EC4
   749 0001:00083EE5   750 0001:00083EF9   752 0001:00083F72   756 0001:00083FAC
   757 0001:00083FB6   759 0001:00083FC0   766 0001:00083FC4   767 0001:00083FEA
   768 0001:00083FF7   769 0001:0008400E   770 0001:00084026   771 0001:00084039
   772 0001:00084041   773 0001:0008404F   774 0001:0008406A   778 0001:0008407B
   779 0001:00084081   781 0001:000840A5   784 0001:000840C7   785 0001:000840E0
   786 0001:000840EE   788 0001:00084118   791 0001:0008413E   793 0001:00084191
   794 0001:000841B7   795 0001:000841DD   796 0001:00084203   797 0001:00084229
   798 0001:0008424F   799 0001:00084272   800 0001:00084295   802 0001:000842B8
   804 0001:000842D9   806 0001:000842F4   809 0001:0008431C   810 0001:00084323
   813 0001:00084329   816 0001:00084352   817 0001:00084359   820 0001:0008435D
   822 0001:0008436B   823 0001:00084384   824 0001:0008440A   826 0001:00084421
   829 0001:00084456   830 0001:00084467   832 0001:00084471   835 0001:000844D8
   836 0001:000844EB   837 0001:000844FC   838 0001:0008451F   840 0001:00084524
   844 0001:00084544   845 0001:00084558   846 0001:00084569   847 0001:0008458C
   849 0001:00084591   878 0001:000845B4   879 0001:000845DB   883 0001:000845EB
   886 0001:0008460F   887 0001:00084614   888 0001:0008462E   892 0001:00084639
   893 0001:0008465A   896 0001:00084675   901 0001:000846AB   902 0001:000846B0
   903 0001:000846BF   904 0001:000846C9   905 0001:000846DB   903 0001:000846DE
   906 0001:000846E3   907 0001:000846F9   910 0001:000846FF   911 0001:00084758
   912 0001:00084762   913 0001:00084789   914 0001:000847A8   943 0001:000847D4
   944 0001:000847F3   945 0001:0008480E   946 0001:00084827   947 0001:00084843
   953 0001:0008485F   954 0001:0008486E   956 0001:00084878   957 0001:00084886
   958 0001:0008488F   960 0001:000848AD   962 0001:000848C9   963 0001:000848D0
   964 0001:000848DB   965 0001:000848F3   967 0001:00084912   971 0001:00084922
   972 0001:0008492E   973 0001:0008494A   974 0001:00084983   975 0001:000849A1
   977 0001:000849CD   981 0001:000849F6   982 0001:00084A11   985 0001:00084A1C
   986 0001:00084A45   987 0001:00084A5F   994 0001:00084A8C   995 0001:00084AB2
   996 0001:00084ABE   998 0001:00084ADF  1000 0001:00084B0C  1001 0001:00084B1A
  1002 0001:00084B1C  1003 0001:00084B25  1004 0001:00084B2D  1005 0001:00084B33
  1007 0001:00084B35  1008 0001:00084B4B  1009 0001:00084B62  1010 0001:00084B8B
  1011 0001:00084B95  1012 0001:00084BA5  1018 0001:00084BEC  1019 0001:00084C0A
  1020 0001:00084C16  1022 0001:00084C37  1023 0001:00084C4C  1024 0001:00084C5A
  1027 0001:00084C90  1028 0001:00084C9B  1029 0001:00084CA6  1030 0001:00084CB2
  1032 0001:00084CC7

Line numbers for IdUDPClient(IdUDPClient.pas) segment .text

   163 0001:000855AC   164 0001:000855AF   165 0001:000855C3   166 0001:000855D7
   168 0001:000855DE   175 0001:000855E0   176 0001:00085602   177 0001:0008560D
   179 0001:00085617   180 0001:0008561D   181 0001:00085621   184 0001:0008562C
   185 0001:00085655   186 0001:0008565C   187 0001:00085663   191 0001:00085668
   193 0001:00085671   194 0001:0008568E   195 0001:00085695   197 0001:000856B7
   199 0001:000856E0   204 0001:000856EC   205 0001:00085701   206 0001:00085707
   207 0001:0008570E   209 0001:00085730   211 0001:00085756   214 0001:00085760
   215 0001:00085780   217 0001:0008578C   218 0001:000857AE   219 0001:000857B5
   220 0001:000857BC   224 0001:000857F4   225 0001:000857FB   226 0001:000857FF
   227 0001:00085809   229 0001:0008580F   232 0001:00085811   235 0001:00085814
   236 0001:00085817   237 0001:00085822   238 0001:0008582B   239 0001:0008583F
   241 0001:00085846   242 0001:00085851   243 0001:0008585B   244 0001:00085864
   246 0001:0008586B   249 0001:00085870   250 0001:00085871   251 0001:0008587B
   253 0001:0008588B   256 0001:00085890   257 0001:00085891   258 0001:0008589B
   260 0001:000858AB   263 0001:000858B0   264 0001:000858B4   265 0001:000858BD
   267 0001:000858D1   268 0001:000858DD   269 0001:000858E9   270 0001:000858FB
   271 0001:0008590F   272 0001:00085920   273 0001:0008592B   274 0001:00085936
   275 0001:00085940   276 0001:00085945   278 0001:00085950   279 0001:00085956
   285 0001:0008595C   286 0001:0008595F   288 0001:00085965   289 0001:00085969
   290 0001:00085977   291 0001:0008597D   294 0001:00085984   297 0001:00085988
   298 0001:0008598B   299 0001:00085992   300 0001:00085999   301 0001:000859A0
   302 0001:000859A9   303 0001:000859B2   304 0001:000859BB   309 0001:000859C0
   310 0001:000859C1   311 0001:000859CE   312 0001:000859D6   314 0001:000859DD
   315 0001:000859E2   318 0001:000859E4   319 0001:000859E8   320 0001:000859FC
   321 0001:00085A16   323 0001:00085A1D   332 0001:00085A20   333 0001:00085A41
   334 0001:00085A43   335 0001:00085A48   336 0001:00085A52   338 0001:00085A59
   341 0001:00085A5D   343 0001:00085A5F   344 0001:00085A6A   345 0001:00085A73
   347 0001:00085A7A   350 0001:00085AA2   351 0001:00085AAD   352 0001:00085ABE
   355 0001:00085AD0   358 0001:00085ADE   361 0001:00085B04   362 0001:00085B17
   363 0001:00085B38   369 0001:00085B58   370 0001:00085B63   371 0001:00085B78
   376 0001:00085B80   377 0001:00085BAA   378 0001:00085BCE   381 0001:00085BFC
   382 0001:00085C17   383 0001:00085C22   384 0001:00085C2B   386 0001:00085C32
   389 0001:00085C68   390 0001:00085C73   392 0001:00085C86   395 0001:00085CAE
   399 0001:00085CD8   400 0001:00085CE4   401 0001:00085CEF   402 0001:00085CF8
   404 0001:00085CFF   406 0001:00085D24   408 0001:00085D33   411 0001:00085D3C
   412 0001:00085D42   413 0001:00085D51   415 0001:00085D5B   416 0001:00085D64
   419 0001:00085D68   420 0001:00085D6E   421 0001:00085D76   423 0001:00085D80
   424 0001:00085D89   427 0001:00085D8C   428 0001:00085D92   429 0001:00085D9B
   431 0001:00085DA5   432 0001:00085DAE   439 0001:00085DB4   440 0001:00085DBC
   442 0001:00085DC5   450 0001:00085DCE   451 0001:00085DD6   452 0001:00085DDC
   454 0001:00085DEB   456 0001:00085DF5   458 0001:00085DFA   459 0001:00085E03
   460 0001:00085E15   461 0001:00085E1D   462 0001:00085E24   464 0001:00085E2B
   465 0001:00085E31   466 0001:00085E3F   467 0001:00085E48   469 0001:00085E4F
   471 0001:00085E5B   472 0001:00085E61   473 0001:00085E6A   474 0001:00085E72
   475 0001:00085E79   478 0001:00085E82   483 0001:00085E8C   486 0001:00085E92
   490 0001:00085E9D   491 0001:00085EA3   492 0001:00085EAC   493 0001:00085EB4
   494 0001:00085EBB   496 0001:00085EC4   498 0001:00085ECC   503 0001:00085ED6
   510 0001:00085EDC   511 0001:00085EE2   512 0001:00085EE7   513 0001:00085EEB
   515 0001:00085EF2   518 0001:00085EF4   519 0001:00085EFF   520 0001:00085F13
   522 0001:00085F1A   523 0001:00085F25   525 0001:00085F2F   526 0001:00085F3B
   533 0001:00085F4C   534 0001:00085F5F   535 0001:00085F64   536 0001:00085F6E
   538 0001:00085F75   541 0001:00085F79   543 0001:00085F7B   544 0001:00085F86
   545 0001:00085F8F   547 0001:00085F96   549 0001:00085FBB   551 0001:00085FD0
   555 0001:00085FDC   556 0001:00085FE8   557 0001:00085FF3   558 0001:00085FFC
   560 0001:00086003   562 0001:00086025   564 0001:00086039   566 0001:00086047

Line numbers for Unit_AppFunc(Unit_AppFunc.pas) segment .text

    63 0001:00091264    65 0001:0009126C    71 0001:00091274    75 0001:0009127C
    77 0001:00091284   123 0001:000915E8   127 0001:0009160C   130 0001:00091630
   188 0001:00091C9C   189 0001:00091CC8   190 0001:00091CCC   191 0001:00091CD5
   192 0001:00091CE0   193 0001:00091CF6   195 0001:00091D00   196 0001:00091D0B
   197 0001:00091D19   199 0001:00091D2D   200 0001:00091D47   203 0001:00091D4A
   209 0001:00091DA0   214 0001:00091DA6   215 0001:00091DAD   218 0001:00091DF5
   224 0001:00091E08   225 0001:00091E0F   227 0001:00091E4A   232 0001:00091F18
   233 0001:00091F48   234 0001:00091F4A   235 0001:00091F53   236 0001:00091F5E
   238 0001:00091F73   239 0001:00091F7A   243 0001:00091FD2   245 0001:00092007
   249 0001:000920B0   250 0001:000920CC   251 0001:000920D0   252 0001:000920DF
   253 0001:000920ED   255 0001:000920F9   257 0001:00092118   258 0001:0009211E
   260 0001:00092123   261 0001:00092126   265 0001:00092137   267 0001:0009214C
   277 0001:0009218C   278 0001:000921B1   279 0001:000921CF   280 0001:000921ED
   281 0001:0009220F   284 0001:00092258   285 0001:0009225B   286 0001:00092264
   287 0001:00092272   288 0001:0009227B   290 0001:0009228F   292 0001:000922A1
   298 0001:000922A4   299 0001:000922D9   300 0001:000922E7   315 0001:000922F6
   317 0001:00092314   318 0001:0009231C   320 0001:00092324   322 0001:00092337
   323 0001:00092350   324 0001:000923DC   320 0001:000923DF   330 0001:000923F3
   332 0001:00092403   339 0001:0009243C   340 0001:0009243F   341 0001:00092446
   344 0001:0009244F   345 0001:00092455   349 0001:00092459   350 0001:0009245F
   353 0001:00092463   356 0001:00092465   362 0001:0009246C   363 0001:00092496
   364 0001:0009249A   365 0001:000924A9   366 0001:000924B7   368 0001:000924C5
   369 0001:000924D8   370 0001:000924F3   371 0001:00092500   373 0001:0009250C
   374 0001:0009251F   375 0001:00092535   376 0001:0009254B   377 0001:00092558
   381 0001:00092569   385 0001:00092588   386 0001:0009258D   392 0001:0009260C
   393 0001:00092632   394 0001:00092636   395 0001:00092644   396 0001:00092652
   397 0001:00092661   398 0001:00092673   399 0001:00092680   400 0001:0009269B
   402 0001:000926A7   403 0001:000926B4   406 0001:000926C5   410 0001:000926E4
   411 0001:000926E9   417 0001:0009273C   418 0001:00092762   419 0001:00092766
   420 0001:00092775   421 0001:00092783   423 0001:00092791   424 0001:000927A3
   425 0001:000927B0   426 0001:000927CB   428 0001:000927D7   429 0001:000927E8
   432 0001:000927F9   436 0001:00092818   437 0001:0009281D   443 0001:00092870
   444 0001:00092896   445 0001:0009289A   446 0001:000928A9   447 0001:000928B7
   449 0001:000928C5   450 0001:000928D7   451 0001:000928E4   452 0001:000928FF
   454 0001:0009290B   455 0001:00092919   458 0001:0009292A   462 0001:00092949
   463 0001:0009294E   491 0001:00092A50   492 0001:00092A76   493 0001:00092A7A
   494 0001:00092A89   495 0001:00092A97   496 0001:00092AA5   497 0001:00092AB7
   498 0001:00092AC5   499 0001:00092AE0   501 0001:00092AEC   502 0001:00092AF7
   505 0001:00092B08   509 0001:00092B27   510 0001:00092B2C   521 0001:00092D28
   522 0001:00092D4E   523 0001:00092D52   524 0001:00092D61   525 0001:00092D6F
   526 0001:00092D7D   527 0001:00092D8F   528 0001:00092D9D   529 0001:00092DB8
   531 0001:00092DC4   532 0001:00092DCF   535 0001:00092DE0   539 0001:00092DFF
   540 0001:00092E04   549 0001:00092E38   550 0001:00092E63   551 0001:00092E67
   552 0001:00092E82   554 0001:00092E8B   555 0001:00092E99   556 0001:00092E9D
   557 0001:00092EAC   559 0001:00092EB6   560 0001:00092EB9   562 0001:00092EC6
   564 0001:00092ECA   565 0001:00092EDA   562 0001:00092EDD   567 0001:00092EE3
   569 0001:00092EEB   571 0001:00092EFD   572 0001:00092EFF   574 0001:00092F43
   567 0001:00092F46   579 0001:00092F56   581 0001:00092F67   589 0001:00092FD8
   590 0001:0009300E   591 0001:0009301C   593 0001:00093021   594 0001:00093023
   596 0001:00093028   597 0001:00093032   598 0001:00093034   601 0001:00093045
   603 0001:0009309F   604 0001:000930A5   606 0001:000930A7   608 0001:000930BE
   609 0001:000930C4   610 0001:000930C6   617 0001:000930F4   618 0001:00093116
   619 0001:00093127   620 0001:0009312E   621 0001:00093142   622 0001:00093146
   624 0001:0009314F   625 0001:00093154   626 0001:00093171   627 0001:00093176
   639 0001:0009319C   642 0001:000931BF   643 0001:000931CE   645 0001:000931D4
   646 0001:0009320E   648 0001:00093213   653 0001:00093229   654 0001:00093235
   655 0001:00093241   657 0001:00093245   658 0001:00093255   660 0001:0009325B
   661 0001:00093271   662 0001:0009327A   663 0001:00093281   664 0001:00093291
   650 0001:00093296   668 0001:000932F6   670 0001:000932FB   672 0001:0009330E
   673 0001:00093317   674 0001:00093320   675 0001:0009335A   678 0001:0009335F
   679 0001:0009336D   680 0001:0009337F   681 0001:00093389   682 0001:00093394
   683 0001:0009339A   684 0001:000933A9   685 0001:000933AE   687 0001:000933BD
   689 0001:000933D1   691 0001:000933E6   692 0001:0009343F   694 0001:00093444
   695 0001:0009344B   696 0001:00093465   697 0001:0009346C   699 0001:00093470
   700 0001:000934C6   702 0001:000934CB   704 0001:000934D1   706 0001:000934FD
   707 0001:00093556   709 0001:0009355B   711 0001:0009356C   712 0001:00093575
   713 0001:0009357E   714 0001:00093587   715 0001:00093590   716 0001:00093599
   717 0001:0009359E   718 0001:000935A7   721 0001:000935C0   819 0001:000939BC
   820 0001:000939E2   821 0001:000939EF   822 0001:00093A04   823 0001:00093A11
   824 0001:00093A1A   825 0001:00093A28   827 0001:00093A42   828 0001:00093A58
   831 0001:00093A73   833 0001:00093A99   835 0001:00093AAB   841 0001:00093AFC
   842 0001:00093B29   843 0001:00093B37   844 0001:00093B47   845 0001:00093B5F
   846 0001:00093B6F   853 0001:00093B98   854 0001:00093BBA   855 0001:00093BC8
   856 0001:00093BD8   857 0001:00093BE8   863 0001:00093C0C   865 0001:00093C18
   868 0001:00093C2C   869 0001:00093C3A   870 0001:00093C46   878 0001:00093C58
   879 0001:00093C62   880 0001:00093C67   882 0001:00093C73   883 0001:00093C7A
   885 0001:00093C8E   886 0001:00093C96   888 0001:00093CAB   889 0001:00093CB3
   891 0001:00093CC8   892 0001:00093CD0   894 0001:00093CE5   895 0001:00093CED
   897 0001:00093CFC   899 0001:00093D00   901 0001:00093D0A   903 0001:00093D12
   904 0001:00093D1D   907 0001:00093D23   909 0001:00093D2C   910 0001:00093D37
   913 0001:00093D3E   915 0001:00093D47   916 0001:00093D52   919 0001:00093D59
   921 0001:00093D62   922 0001:00093D6D   925 0001:00093D74   927 0001:00093D7D
   928 0001:00093D87   931 0001:00093D8E   933 0001:00093D93   934 0001:00093D9F
   939 0001:00093DA3   943 0001:00093DA8   944 0001:00093DC4   946 0001:00093DD2
   950 0001:00093E0C   952 0001:00093E2B   953 0001:00093E80   954 0001:00093EBD
   955 0001:00093EC1   957 0001:00093EC8   958 0001:00093ED6   960 0001:00093EE4
   961 0001:00093EEB   963 0001:00093F1F   965 0001:00093F3A   966 0001:00093F44
   968 0001:00093F56   970 0001:00093F70   971 0001:00093F7A   973 0001:00093F8C
   975 0001:00093FA6   976 0001:00093FB0   979 0001:00093FC2   981 0001:00093FE0
   982 0001:00093FEA   985 0001:00093FFC   986 0001:00094023   988 0001:00094041
   989 0001:0009404B   991 0001:0009405D   993 0001:0009407B   994 0001:00094085
   996 0001:00094097   998 0001:000940B5   999 0001:000940BF  1001 0001:000940D1
  1003 0001:000940EF  1004 0001:000940F9  1009 0001:0009410B  1011 0001:00094127
  1012 0001:00094131  1014 0001:00094143  1016 0001:00094160  1017 0001:0009416A
  1020 0001:0009417C  1022 0001:0009419B  1023 0001:000941A5  1026 0001:000941B7
  1028 0001:000941D6  1029 0001:000941E0  1037 0001:000941F2  1039 0001:0009420E
  1040 0001:00094218  1042 0001:0009422A  1044 0001:00094249  1045 0001:00094253
  1048 0001:00094265  1050 0001:00094284  1051 0001:0009428E  1059 0001:000942A0
  1061 0001:000942BC  1062 0001:000942C6  1065 0001:000942D8  1067 0001:000942F7
  1068 0001:00094301  1071 0001:00094313  1073 0001:00094332  1074 0001:0009433C
  1077 0001:0009434E  1079 0001:0009436D  1080 0001:00094377  1083 0001:00094389
  1085 0001:000943A8  1086 0001:000943B2  1093 0001:000943C4  1095 0001:000943E0
  1096 0001:000943EA  1098 0001:000943FC  1100 0001:0009441B  1101 0001:00094425
  1103 0001:00094437  1105 0001:00094456  1106 0001:00094460  1111 0001:00094472
  1112 0001:00094476  1113 0001:000944AA  1115 0001:000944BD  1117 0001:000944F1
  1120 0001:0009452C  1123 0001:00094542  1127 0001:00094561  1128 0001:00094568
  1131 0001:00094583  1144 0001:000953B8  1145 0001:000953DA  1146 0001:000953DC
  1147 0001:000953EA  1148 0001:000953F8  1149 0001:00095405  1150 0001:00095413
  1151 0001:00095434  1153 0001:00095445  1154 0001:00095452  1156 0001:00095459
  1161 0001:00095480  1163 0001:0009548B  1164 0001:00095499  1165 0001:000954AA
  1166 0001:000954B7  1167 0001:000954C3  1168 0001:000954D0  1169 0001:000954D8
  1170 0001:000954E5  1172 0001:000954F1  1174 0001:000954F6  1175 0001:00095502
  1176 0001:00095510  1177 0001:00095511  1178 0001:0009551F  1181 0001:00095525
  1182 0001:00095527  1170 0001:0009552A  1185 0001:0009553C  1188 0001:0009554C
  1191 0001:00095558  1192 0001:00095582  1193 0001:000955B3  1194 0001:000955B7
  1195 0001:000955C8  1200 0001:00095638  1201 0001:00095641  1202 0001:0009564F
  1204 0001:0009565F  1205 0001:0009566D  1206 0001:00095676  1208 0001:00095682
  1210 0001:00095693  1212 0001:0009569A  1218 0001:000956E0  1219 0001:0009570F
  1220 0001:00095711  1221 0001:00095715  1223 0001:00095717  1224 0001:00095723
  1226 0001:00095731  1228 0001:00095742  1229 0001:00095776  1232 0001:00095778
  1235 0001:000957AE  1236 0001:000957ED  1237 0001:000957EE  1239 0001:000957F6
  1257 0001:000958B0  1258 0001:000958D8  1259 0001:000958DF  1260 0001:000958E2
  1261 0001:000958F0  1262 0001:000958FE  1264 0001:0009590D  1266 0001:0009592B
  1267 0001:00095935  1269 0001:0009593D  1270 0001:00095947  1271 0001:00095951
  1274 0001:0009595D  1275 0001:0009596A  1279 0001:00095976  1280 0001:00095983
  1283 0001:0009598D  1284 0001:000959A4  1286 0001:000959B0  1287 0001:000959C4
  1288 0001:000959E8  1290 0001:000959EE  1291 0001:000959FE  1293 0001:00095A3E
  1295 0001:00095A4B  1296 0001:00095A50  1284 0001:00095A51  1300 0001:00095A65
  1303 0001:00095A84  1306 0001:00095A8E  1308 0001:00095A98  1306 0001:00095AA4
  1311 0001:00095AA7  1312 0001:00095ABE  1314 0001:00095AC2  1315 0001:00095AFC
  1318 0001:00095B01  1319 0001:00095B17  1321 0001:00095B1B  1322 0001:00095B55
  1324 0001:00095B5A  1325 0001:00095B61  1326 0001:00095B68  1327 0001:00095B74
  1328 0001:00095B8B  1330 0001:00095B94  1332 0001:00095B99  1334 0001:00095BA7
  1337 0001:00095BB9  1339 0001:00095BC2  1340 0001:00095BFC  1344 0001:00095C0A
  1345 0001:00095C44  1347 0001:00095C49  1345 0001:00095C55  1353 0001:00095C5D
  1355 0001:00095C66  1356 0001:00095CA0  1360 0001:00095CAB  1361 0001:00095CE5
  1363 0001:00095CEA  1361 0001:00095CF6  1369 0001:00095D08  1371 0001:00095D12
  1376 0001:00095F24  1377 0001:00095F3B  1381 0001:00095FBB  1384 0001:00095FD1
  1387 0001:00096064  1396 0001:00096095  1398 0001:000960A2  1399 0001:000960B2
  1402 0001:000960F6  1407 0001:0009613A  1408 0001:00096159  1411 0001:0009619A
  1417 0001:000961D9  1426 0001:00096290  1428 0001:00096298  1429 0001:0009629C
  1433 0001:000962ED  1434 0001:000962F3  1437 0001:000962F8  1453 0001:00096300
  1454 0001:00096323  1455 0001:0009632D

Line numbers for Unit_AppFunc(Unit_AppFunc.pas) segment .itext

  1442 0002:00000BE8  1443 0002:00000BF4  1444 0002:00000C05  1446 0002:00000C16
  1448 0002:00000C24  1449 0002:00000C2E  1452 0002:00000C33

Line numbers for AppFunc(AppFunc.dpr) segment .text

    20 0001:00096370    21 0001:00096373    22 0001:00096390

Line numbers for AppFunc(AppFunc.dpr) segment .itext

    27 0002:00000C54    28 0002:00000C64

Bound resource files

d:\program files\embarcadero\rad studio\7.0\lib\character.res
AppFunc.res
AppFunc.drf


Program entry point at 0002:00000C54
