
 Start         Length     Name                   Class
 0001:00401000 000B0768H .text                   CODE
 0002:004B2000 000008E4H .itext                  ICODE
 0003:004B3000 00013164H .data                   DATA
 0004:004C7000 00004FE4H .bss                    BSS
 0005:00000000 00000000H .tls                    TLS


Detailed map of segments

 0001:00000000 0000A17D C=CODE     S=.text    G=(none)   M=System   ACBP=A9
 0001:0000A180 000001A8 C=CODE     S=.text    G=(none)   M=SysInit  ACBP=A9
 0001:0000A328 00000360 C=CODE     S=.text    G=(none)   M=SysConst ACBP=A9
 0001:0000A688 00000031 C=CODE     S=.text    G=(none)   M=Types    ACBP=A9
 0001:0000A6BC 000006CD C=CODE     S=.text    G=(none)   M=Windows  ACBP=A9
 0001:0000AD8C 00000168 C=CODE     S=.text    G=(none)   M=RTLConsts ACBP=A9
 0001:0000AEF4 000001D0 C=CODE     S=.text    G=(none)   M=Character ACBP=A9
 0001:0000B0C4 0000017D C=CODE     S=.text    G=(none)   M=StrUtils ACBP=A9
 0001:0000B244 0000E7EB C=CODE     S=.text    G=(none)   M=SysUtils ACBP=A9
 0001:00019A30 000001A2 C=CODE     S=.text    G=(none)   M=ActiveX  ACBP=A9
 0001:00019BD4 00000803 C=CODE     S=.text    G=(none)   M=VarUtils ACBP=A9
 0001:0001A3D8 0000B428 C=CODE     S=.text    G=(none)   M=Variants ACBP=A9
 0001:00025800 00002A57 C=CODE     S=.text    G=(none)   M=TypInfo  ACBP=A9
 0001:00028258 00015910 C=CODE     S=.text    G=(none)   M=Classes  ACBP=A9
 0001:0003DB68 00000083 C=CODE     S=.text    G=(none)   M=_Int_DLL ACBP=A9
 0001:0003DBEC 0000008D C=CODE     S=.text    G=(none)   M=DBCommonTypes ACBP=A9
 0001:0003DC7C 00000529 C=CODE     S=.text    G=(none)   M=WideStrUtils ACBP=A9
 0001:0003E1A8 00003403 C=CODE     S=.text    G=(none)   M=WideStrings ACBP=A9
 0001:000415AC 00000020 C=CODE     S=.text    G=(none)   M=ComConst ACBP=A9
 0001:000415CC 000012F7 C=CODE     S=.text    G=(none)   M=ComObj   ACBP=A9
 0001:000428C4 00000396 C=CODE     S=.text    G=(none)   M=ADOInt   ACBP=A9
 0001:00042C5C 00000092 C=CODE     S=.text    G=(none)   M=OleDB    ACBP=A9
 0001:00042CF0 00000188 C=CODE     S=.text    G=(none)   M=DBConsts ACBP=A9
 0001:00042E78 00006B4F C=CODE     S=.text    G=(none)   M=FMTBcd   ACBP=A9
 0001:000499C8 000003D0 C=CODE     S=.text    G=(none)   M=DateUtils ACBP=A9
 0001:00049D98 00003689 C=CODE     S=.text    G=(none)   M=SqlTimSt ACBP=A9
 0001:0004D424 00001062 C=CODE     S=.text    G=(none)   M=MaskUtils ACBP=A9
 0001:0004E488 00025E31 C=CODE     S=.text    G=(none)   M=DB       ACBP=A9
 0001:000742BC 00000078 C=CODE     S=.text    G=(none)   M=ADOConst ACBP=A9
 0001:00074334 00000164 C=CODE     S=.text    G=(none)   M=Mtx      ACBP=A9
 0001:00074498 00000CA0 C=CODE     S=.text    G=(none)   M=DBCommon ACBP=A9
 0001:00075138 0001610A C=CODE     S=.text    G=(none)   M=ADODB    ACBP=A9
 0001:0008B244 00011AE4 C=CODE     S=.text    G=(none)   M=pcre     ACBP=A9
 0001:0009CD28 00002FEC C=CODE     S=.text    G=(none)   M=PerlRegEx ACBP=A9
 0001:0009FD14 00000A93 C=CODE     S=.text    G=(none)   M=Masks    ACBP=A9
 0001:000A07A8 00001B2C C=CODE     S=.text    G=(none)   M=IOUtils  ACBP=A9
 0001:000A22D4 000050AD C=CODE     S=.text    G=(none)   M=ZLibExApi ACBP=A9
 0001:000A7384 00000D8D C=CODE     S=.text    G=(none)   M=ZLibEx   ACBP=A9
 0001:000A8114 0000069F C=CODE     S=.text    G=(none)   M=ZLibExGZ ACBP=A9
 0001:000A87B4 000051E0 C=CODE     S=.text    G=(none)   M=Unit_DBackUP ACBP=A9
 0001:000AD994 00002DD2 C=CODE     S=.text    G=(none)   M=DBSQL    ACBP=A9
 0002:00000000 000000AA C=ICODE    S=.itext   G=(none)   M=System   ACBP=A9
 0002:000000AC 00000016 C=ICODE    S=.itext   G=(none)   M=Windows  ACBP=A9
 0002:000000C4 000000B4 C=ICODE    S=.itext   G=(none)   M=SysUtils ACBP=A9
 0002:00000178 0000000F C=ICODE    S=.itext   G=(none)   M=VarUtils ACBP=A9
 0002:00000188 000000AA C=ICODE    S=.itext   G=(none)   M=Variants ACBP=A9
 0002:00000234 00000008 C=ICODE    S=.itext   G=(none)   M=TypInfo  ACBP=A9
 0002:0000023C 0000008D C=ICODE    S=.itext   G=(none)   M=Classes  ACBP=A9
 0002:000002CC 0000000F C=ICODE    S=.itext   G=(none)   M=WideStrings ACBP=A9
 0002:000002DC 00000055 C=ICODE    S=.itext   G=(none)   M=ComObj   ACBP=A9
 0002:00000334 0000001B C=ICODE    S=.itext   G=(none)   M=FMTBcd   ACBP=A9
 0002:00000350 0000002C C=ICODE    S=.itext   G=(none)   M=SqlTimSt ACBP=A9
 0002:0000037C 0000008C C=ICODE    S=.itext   G=(none)   M=DB       ACBP=A9
 0002:00000408 00000052 C=ICODE    S=.itext   G=(none)   M=ADODB    ACBP=A9
 0002:0000045C 00000460 C=ICODE    S=.itext   G=(none)   M=IOUtils  ACBP=A9
 0002:000008BC 00000008 C=ICODE    S=.itext   G=(none)   M=ZLibExApi ACBP=A9
 0002:000008C4 00000008 C=ICODE    S=.itext   G=(none)   M=Unit_DBackUP ACBP=A9
 0002:000008CC 00000015 C=ICODE    S=.itext   G=(none)   M=DBSQL    ACBP=A9
 0003:00000000 000009EC C=DATA     S=.data    G=DGROUP   M=System   ACBP=A9
 0003:000009EC 00000034 C=DATA     S=.data    G=DGROUP   M=SysInit  ACBP=A9
 0003:00000A20 0000000C C=DATA     S=.data    G=DGROUP   M=Windows  ACBP=A9
 0003:00000A2C 00000100 C=DATA     S=.data    G=DGROUP   M=Character ACBP=A9
 0003:00000B2C 000002FC C=DATA     S=.data    G=DGROUP   M=SysUtils ACBP=A9
 0003:00000E28 00000010 C=DATA     S=.data    G=DGROUP   M=ActiveX  ACBP=A9
 0003:00000E38 00000110 C=DATA     S=.data    G=DGROUP   M=VarUtils ACBP=A9
 0003:00000F48 000001E6 C=DATA     S=.data    G=DGROUP   M=Variants ACBP=A9
 0003:00001130 0000000C C=DATA     S=.data    G=DGROUP   M=TypInfo  ACBP=A9
 0003:0000113C 00000038 C=DATA     S=.data    G=DGROUP   M=Classes  ACBP=A9
 0003:00001174 00000030 C=DATA     S=.data    G=DGROUP   M=ComObj   ACBP=A9
 0003:000011A4 00000060 C=DATA     S=.data    G=DGROUP   M=ADOInt   ACBP=A9
 0003:00001204 00000010 C=DATA     S=.data    G=DGROUP   M=OleDB    ACBP=A9
 0003:00001214 00000122 C=DATA     S=.data    G=DGROUP   M=FMTBcd   ACBP=A9
 0003:00001338 00000054 C=DATA     S=.data    G=DGROUP   M=SqlTimSt ACBP=A9
 0003:0000138C 00000006 C=DATA     S=.data    G=DGROUP   M=MaskUtils ACBP=A9
 0003:00001394 00000310 C=DATA     S=.data    G=DGROUP   M=DB       ACBP=A9
 0003:000016A4 00000020 C=DATA     S=.data    G=DGROUP   M=Mtx      ACBP=A9
 0003:000016C4 000002E4 C=DATA     S=.data    G=DGROUP   M=ADODB    ACBP=A9
 0003:000019A8 0000E6B0 C=DATA     S=.data    G=DGROUP   M=pcre     ACBP=A9
 0003:00010058 00000030 C=DATA     S=.data    G=DGROUP   M=IOUtils  ACBP=A9
 0003:00010088 00002B5C C=DATA     S=.data    G=DGROUP   M=ZLibExApi ACBP=A9
 0003:00012BE4 0000007C C=DATA     S=.data    G=DGROUP   M=ZLibEx   ACBP=A9
 0003:00012C60 0000007C C=DATA     S=.data    G=DGROUP   M=Unit_DBackUP ACBP=A9
 0004:00000000 00002C3C C=BSS      S=.bss     G=DGROUP   M=System   ACBP=A9
 0004:00002C3C 00000010 C=BSS      S=.bss     G=DGROUP   M=SysInit  ACBP=A9
 0004:00002C4C 00000008 C=BSS      S=.bss     G=DGROUP   M=Windows  ACBP=A9
 0004:00002C54 0000001C C=BSS      S=.bss     G=DGROUP   M=Character ACBP=A9
 0004:00002C70 00002240 C=BSS      S=.bss     G=DGROUP   M=SysUtils ACBP=A9
 0004:00004EB0 0000005C C=BSS      S=.bss     G=DGROUP   M=VarUtils ACBP=A9
 0004:00004F0C 00000040 C=BSS      S=.bss     G=DGROUP   M=Variants ACBP=A9
 0004:00004F4C 00000004 C=BSS      S=.bss     G=DGROUP   M=TypInfo  ACBP=A9
 0004:00004F50 00000024 C=BSS      S=.bss     G=DGROUP   M=Classes  ACBP=A9
 0004:00004F74 00000008 C=BSS      S=.bss     G=DGROUP   M=WideStrings ACBP=A9
 0004:00004F7C 00000011 C=BSS      S=.bss     G=DGROUP   M=ComObj   ACBP=A9
 0004:00004F90 00000004 C=BSS      S=.bss     G=DGROUP   M=FMTBcd   ACBP=A9
 0004:00004F94 00000004 C=BSS      S=.bss     G=DGROUP   M=SqlTimSt ACBP=A9
 0004:00004F98 00000010 C=BSS      S=.bss     G=DGROUP   M=DB       ACBP=A9
 0004:00004FA8 00000008 C=BSS      S=.bss     G=DGROUP   M=ADODB    ACBP=A9
 0004:00004FB0 00000008 C=BSS      S=.bss     G=DGROUP   M=pcre     ACBP=A9
 0004:00004FB8 00000024 C=BSS      S=.bss     G=DGROUP   M=IOUtils  ACBP=A9
 0004:00004FDC 00000004 C=BSS      S=.bss     G=DGROUP   M=ZLibExApi ACBP=A9
 0004:00004FE0 00000004 C=BSS      S=.bss     G=DGROUP   M=Unit_DBackUP ACBP=A9
 0005:00000000 00000008 C=TLS      S=.tls     G=(none)   M=System   ACBP=A9
 0005:00000008 00000008 C=TLS      S=.tls     G=(none)   M=Classes  ACBP=A9


  Address             Publics by Name

 0001:00019BAC       ActiveX.CLSIDFromString
 0001:00019B9C       ActiveX.CoCreateInstance
 0001:00019B94       ActiveX.CoGetMalloc
 0001:00019B84       ActiveX.CoInitialize
 0001:00019BB4       ActiveX.CoTaskMemFree
 0001:00019B8C       ActiveX.CoUninitialize
 0001:00019BCC       ActiveX.GetErrorInfo
 0003:00000E28       ActiveX.GUID_NULL
 0001:00019BA4       ActiveX.StringFromCLSID
 0001:00019BBC       ActiveX.SysFreeString
 0001:00019BC4       ActiveX.SysStringLen
 0004:00004FA8       ADODB..31
 0001:0007BAFC       ADODB..TADOBlobStream
 0001:00077C0C       ADODB..TADOCommand
 0001:000760A8       ADODB..TADOConnection
 0001:0007AB00       ADODB..TADODataSet
 0001:0007B574       ADODB..TADOQuery
 0001:00078FE8       ADODB..TCustomADODataSet
 0001:00077440       ADODB..TParameter
 0001:00077824       ADODB..TParameters
 0001:00076F10       ADODB..TRDSConnection
 0001:000829D0       ADODB.AddFieldDef
 0001:0008A1E0       ADODB.AddFieldToList
 0002:00000408       ADODB.ADODB
 0001:0007BE3C       ADODB.ADOTypeToFieldType
 0003:00001974       ADODB.AffectRecordsValues
 0001:0007C8FC       ADODB.ApplicationHandleException
 0001:000800A8       ADODB.AssignField
 0001:00080128       ADODB.AssignParam
 0001:0007FFC8       ADODB.AssignParameter
 0001:000803E0       ADODB.AssignToParam
 0001:00084C54       ADODB.BcdToOleVariant
 0001:00084CD8       ADODB.BufferToVar
 0001:0007DB04       ADODB.CheckForAsyncExecute
 0001:00085854       ADODB.CheckForFlyAway
 0003:000016C4       ADODB.CommandTypeValues
 0003:000016DC       ADODB.ConnectModeValues
 0003:000016FC       ADODB.ConnectOptionValues
 0001:0007BDD8       ADODB.CreateADOObject
 0001:0008A4A0       ADODB.CreateFields
 0001:0008444C       ADODB.CurrToBuffer
 0003:00001704       ADODB.CursorLocationValues
 0003:0000170C       ADODB.CursorOptionValues
 0003:00001740       ADODB.CursorTypeValues
 0003:00001754       ADODB.DataTypeValues
 0001:000833F8       ADODB.DesignerDataStored
 0001:00085B38       ADODB.DoRecordsetDelete
 0003:00001824       ADODB.EventReasonValues
 0003:00001860       ADODB.EventStatusValues
 0001:0007C448       ADODB.ExecuteOptionsToOrd
 0003:00001874       ADODB.ExecuteOptionValues
 0001:0007E0E4       ADODB.ExtractCommandType
 0001:0007C4E0       ADODB.ExtractFieldName
 0001:0007DD3C       ADODB.ExtractUserID
 0001:0007C8B8       ADODB.FieldListCheckSum
 0001:0007C064       ADODB.FieldTypeToADOType
 0001:00083578       ADODB.FieldValueChanged
 0003:00001884       ADODB.FilterGroupValues
 0001:0008B1F4       ADODB.Finalization
 0001:0007FA88       ADODB.GetComponent
 0001:0007C534       ADODB.GetFilterStr
 0001:0007EBCC       ADODB.GetFromDataFactory
 0001:0007EC74       ADODB.GetFromProperty
 0001:00089554       ADODB.GetIdx
 0001:0007C3E0       ADODB.GetStates
 0001:0007DE1C       ADODB.GetUserName
 0004:00004FAC       ADODB.GlobalMalloc
 0001:000820B8       ADODB.InitializeConnection
 0001:00081CE8       ADODB.InitializeMasterFields
 0001:0008223C       ADODB.InitializeRecordset
 0001:00081840       ADODB.InitParameters
 0001:00089CDC       ADODB.InMTSTransaction
 0003:000018A0       ADODB.IsolationLevelValues
 0001:00080214       ADODB.LoadFromStreamPersist
 0001:00080274       ADODB.LoadFromStrings
 0003:000018C4       ADODB.LockTypeValues
 0003:000018D8       ADODB.MarshalOptionValues
 0001:00083608       ADODB.MasterFieldsChanged
 0001:0007FBC0       ADODB.NameDelimiter
 0003:000018E0       ADODB.ObjectStateValues
 0001:0007C3A4       ADODB.OleEnumToOrd
 0001:0007C48C       ADODB.OrdToExecuteOptions
 0003:000018F4       ADODB.ParameterAttributeValues
 0003:00001900       ADODB.ParameterDirectionValues
 0001:0007C7EC       ADODB.PropertyExists
 0003:00001914       ADODB.RecordStatusValues
 0001:0008486C       ADODB.RefreshBuffers
 0001:0007F3A8       ADODB.RefreshFromADO
 0001:0007F084       ADODB.RefreshFromOleDB
 0003:000019A4       ADODB.RetCodes
 0003:0000195C       ADODB.SeekOptionValues
 0001:00089F74       ADODB.SetTableFilter
 0003:000019A0       ADODB.SIsAutoInc
 0001:0007C258       ADODB.StringToVarArray
 0001:0008ACA0       ADODB.TADOBlobStream.Create
 0001:0008AE0C       ADODB.TADOBlobStream.Destroy
 0001:0008AEB4       ADODB.TADOBlobStream.ReadBlobData
 0001:0008B0FC       ADODB.TADOBlobStream.Realloc
 0001:0008B1D8       ADODB.TADOBlobStream.Truncate
 0001:0008B1C8       ADODB.TADOBlobStream.Write
 0001:000812F0       ADODB.TADOCommand.Assign
 0001:00081AE0       ADODB.TADOCommand.AssignCommandText
 0001:00081378       ADODB.TADOCommand.Cancel
 0001:00081388       ADODB.TADOCommand.CheckCommandText
 0001:00081BD8       ADODB.TADOCommand.ClearActiveConnection
 0001:00081550       ADODB.TADOCommand.ComponentLoading
 0001:00081BEC       ADODB.TADOCommand.ConnectionStateChange
 0001:000811BC       ADODB.TADOCommand.Create
 0001:000812A8       ADODB.TADOCommand.Destroy
 0001:00081584       ADODB.TADOCommand.Execute
 0001:000815A8       ADODB.TADOCommand.Execute
 0001:0008156C       ADODB.TADOCommand.Execute
 0001:00081820       ADODB.TADOCommand.GetActiveConnection
 0001:00081B6C       ADODB.TADOCommand.GetCommandTimeOut
 0001:00081B94       ADODB.TADOCommand.GetCommandType
 0001:00081C7C       ADODB.TADOCommand.GetPrepared
 0001:00081CC8       ADODB.TADOCommand.GetProperties
 0001:00081CA4       ADODB.TADOCommand.GetState
 0001:00081698       ADODB.TADOCommand.Initialize
 0001:00081478       ADODB.TADOCommand.OpenConnection
 0001:00081BBC       ADODB.TADOCommand.SetComandType
 0001:00081B44       ADODB.TADOCommand.SetCommandText
 0001:00081B84       ADODB.TADOCommand.SetCommandTimeOut
 0001:00081BF8       ADODB.TADOCommand.SetConnection
 0001:000813FC       ADODB.TADOCommand.SetConnectionFlag
 0001:00081C3C       ADODB.TADOCommand.SetConnectionString
 0001:00081C6C       ADODB.TADOCommand.SetParameters
 0001:00081C94       ADODB.TADOCommand.SetPrepared
 0001:0007CBC0       ADODB.TADOConnection.BeginTrans
 0001:0007D8E8       ADODB.TADOConnection.BeginTransComplete
 0001:0007CC38       ADODB.TADOConnection.Cancel
 0001:0007CB38       ADODB.TADOConnection.CheckActive
 0001:0007CD54       ADODB.TADOConnection.CheckDisconnect
 0001:0007CB58       ADODB.TADOConnection.CheckInactive
 0001:0007CB78       ADODB.TADOConnection.ClearRefs
 0001:0007CBE0       ADODB.TADOConnection.CommitTrans
 0001:0007D964       ADODB.TADOConnection.CommitTransComplete
 0001:0007D9DC       ADODB.TADOConnection.ConnectComplete
 0001:0007D864       ADODB.TADOConnection.ConnectionPoint
 0001:0007C91C       ADODB.TADOConnection.Create
 0001:0007CA3C       ADODB.TADOConnection.Destroy
 0001:0007DA54       ADODB.TADOConnection.Disconnect
 0001:0007CC80       ADODB.TADOConnection.DoConnect
 0001:0007CD24       ADODB.TADOConnection.DoDisconnect
 0001:0007CE40       ADODB.TADOConnection.Execute
 0001:0007CDB0       ADODB.TADOConnection.Execute
 0001:0007DBB8       ADODB.TADOConnection.ExecuteComplete
 0001:0007E600       ADODB.TADOConnection.GetADODataSet
 0001:0007E224       ADODB.TADOConnection.GetAttributes
 0001:0007E5F8       ADODB.TADOConnection.GetCommandCount
 0001:0007E2E4       ADODB.TADOConnection.GetCommandTimeout
 0001:0007E30C       ADODB.TADOConnection.GetConnected
 0001:0007E40C       ADODB.TADOConnection.GetConnectionString
 0001:0007E4C0       ADODB.TADOConnection.GetConnectionTimeout
 0001:0007E524       ADODB.TADOConnection.GetCursorLocation
 0001:0007E638       ADODB.TADOConnection.GetDefaultDatabase
 0001:0007E714       ADODB.TADOConnection.GetErrors
 0001:0007D49C       ADODB.TADOConnection.GetFieldNames
 0001:0007D220       ADODB.TADOConnection.GetFieldNames
 0001:0007E734       ADODB.TADOConnection.GetInTransaction
 0001:0007E740       ADODB.TADOConnection.GetIsolationLevel
 0001:0007E7B0       ADODB.TADOConnection.GetMode
 0001:0007CFE0       ADODB.TADOConnection.GetProcedureNames
 0001:0007D0F4       ADODB.TADOConnection.GetProcedureNames
 0001:0007E80C       ADODB.TADOConnection.GetProperties
 0001:0007E82C       ADODB.TADOConnection.GetProvider
 0001:0007E970       ADODB.TADOConnection.GetState
 0001:0007D5E0       ADODB.TADOConnection.GetTableNames
 0001:0007D800       ADODB.TADOConnection.GetTableNames
 0001:0007E998       ADODB.TADOConnection.GetVersion
 0001:0007DC4C       ADODB.TADOConnection.InfoMessage
 0001:0007E620       ADODB.TADOConnection.IsDefaultDatabaseStored
 0001:0007E8BC       ADODB.TADOConnection.IsProviderStored
 0001:0007CAF4       ADODB.TADOConnection.Loaded
 0001:0007CEC4       ADODB.TADOConnection.Open
 0001:0007CF3C       ADODB.TADOConnection.OpenSchema
 0001:0007E568       ADODB.TADOConnection.RegisterClient
 0001:0007CC0C       ADODB.TADOConnection.RollbackTrans
 0001:0007DCC4       ADODB.TADOConnection.RollbackTransComplete
 0001:0007E290       ADODB.TADOConnection.SetAttributes
 0001:0007E2FC       ADODB.TADOConnection.SetCommandTimeout
 0001:0007E340       ADODB.TADOConnection.SetConnectionObject
 0001:0007E44C       ADODB.TADOConnection.SetConnectionString
 0001:0007E4D8       ADODB.TADOConnection.SetConnectionTimeout
 0001:0007E504       ADODB.TADOConnection.SetConnectOptions
 0001:0007E54C       ADODB.TADOConnection.SetCursorLocation
 0001:0007E69C       ADODB.TADOConnection.SetDefaultDatabase
 0001:0007E788       ADODB.TADOConnection.SetIsolationLevel
 0001:0007E9B8       ADODB.TADOConnection.SetKeepConnection
 0001:0007E7D8       ADODB.TADOConnection.SetMode
 0001:0007E850       ADODB.TADOConnection.SetProvider
 0001:0007E5B4       ADODB.TADOConnection.UnRegisterClient
 0001:0007CC4C       ADODB.TADOConnection.WaitForConnectComplete
 0001:0007DF70       ADODB.TADOConnection.WillConnect
 0001:0007E10C       ADODB.TADOConnection.WillExecute
 0001:0008A5AC       ADODB.TADODataSet.CreateDataSet
 0001:0008A6D0       ADODB.TADODataSet.DataEvent
 0001:0008A794       ADODB.TADODataSet.GetIndexNames
 0001:0008A7B8       ADODB.TADODataSet.OpenCursor
 0001:0008AA44       ADODB.TADODataSet.SetConnection
 0001:0008AAB0       ADODB.TADODataSet.SetDataSetField
 0001:0008AA6C       ADODB.TADODataSet.SetRDSConnection
 0001:0008AAF4       ADODB.TADOQuery.Create
 0001:0008AB78       ADODB.TADOQuery.Destroy
 0001:0008ABB0       ADODB.TADOQuery.ExecSQL
 0001:0008AC88       ADODB.TADOQuery.GetSQL
 0001:0008AC14       ADODB.TADOQuery.QueryChanged
 0001:0008AC90       ADODB.TADOQuery.SetSQL
 0001:00085DB8       ADODB.TCustomADODataSet.ActivateTextFilter
 0001:00083C8C       ADODB.TCustomADODataSet.AllocRecordBuffer
 0001:00083AC4       ADODB.TCustomADODataSet.BookmarkValid
 0001:00085CA4       ADODB.TCustomADODataSet.CancelBatch
 0001:00085C9C       ADODB.TCustomADODataSet.CancelUpdates
 0001:00082908       ADODB.TCustomADODataSet.CheckActive
 0001:0008292C       ADODB.TCustomADODataSet.CheckFieldCompatibility
 0001:000841CC       ADODB.TCustomADODataSet.ClearCalcFields
 0001:0008325C       ADODB.TCustomADODataSet.Clone
 0001:00083B7C       ADODB.TCustomADODataSet.CompareBookmarks
 0001:00087CB0       ADODB.TCustomADODataSet.ConnectionPoint
 0001:00081EAC       ADODB.TCustomADODataSet.Create
 0001:00085178       ADODB.TCustomADODataSet.CreateBlobStream
 0001:0008339C       ADODB.TCustomADODataSet.DataEvent
 0001:00085E5C       ADODB.TCustomADODataSet.DeactivateFilters
 0001:000829A4       ADODB.TCustomADODataSet.DefChanged
 0001:0008343C       ADODB.TCustomADODataSet.DefineProperties
 0001:00085C24       ADODB.TCustomADODataSet.DeleteRecords
 0001:00081FA8       ADODB.TCustomADODataSet.Destroy
 0001:0008668C       ADODB.TCustomADODataSet.DestroyLookupCursor
 0001:00083988       ADODB.TCustomADODataSet.DoOnNewRecord
 0001:00087B7C       ADODB.TCustomADODataSet.EnableEvents
 0001:000881F0       ADODB.TCustomADODataSet.EndOfRecordset
 0001:00088270       ADODB.TCustomADODataSet.FetchComplete
 0001:000882F0       ADODB.TCustomADODataSet.FetchProgress
 0001:00087DCC       ADODB.TCustomADODataSet.FieldChangeComplete
 0001:000862AC       ADODB.TCustomADODataSet.FilterOnBookmarks
 0001:000863F8       ADODB.TCustomADODataSet.FindRecord
 0001:00083CC8       ADODB.TCustomADODataSet.FreeRecordBuffer
 0001:00084270       ADODB.TCustomADODataSet.GetActiveRecBuf
 0001:00084430       ADODB.TCustomADODataSet.GetBlobFieldData
 0001:00083A80       ADODB.TCustomADODataSet.GetBookmarkData
 0001:00083A74       ADODB.TCustomADODataSet.GetBookmarkFlag
 0001:00088544       ADODB.TCustomADODataSet.GetCacheSize
 0001:000852A4       ADODB.TCustomADODataSet.GetCanModify
 0001:000885A0       ADODB.TCustomADODataSet.GetCommandText
 0001:0008862C       ADODB.TCustomADODataSet.GetCommandTimeout
 0001:00088644       ADODB.TCustomADODataSet.GetCommandType
 0001:000886B4       ADODB.TCustomADODataSet.GetConnection
 0001:000887E0       ADODB.TCustomADODataSet.GetConnectionString
 0001:00088870       ADODB.TCustomADODataSet.GetCursorLocation
 0001:000888E0       ADODB.TCustomADODataSet.GetCursorType
 0001:00088950       ADODB.TCustomADODataSet.GetDataSource
 0001:0008A204       ADODB.TCustomADODataSet.GetDetailLinkFields
 0001:000889C8       ADODB.TCustomADODataSet.GetExecuteOptions
 0001:000848AC       ADODB.TCustomADODataSet.GetFieldData
 0001:00084438       ADODB.TCustomADODataSet.GetFieldData
 0001:00084A60       ADODB.TCustomADODataSet.GetFieldData
 0001:000860FC       ADODB.TCustomADODataSet.GetFilterGroup
 0001:0008918C       ADODB.TCustomADODataSet.GetIndexField
 0001:000891A4       ADODB.TCustomADODataSet.GetIndexFieldCount
 0001:00088EA4       ADODB.TCustomADODataSet.GetIndexFieldNames
 0001:00089404       ADODB.TCustomADODataSet.GetIndexName
 0001:000889EC       ADODB.TCustomADODataSet.GetLockType
 0001:00088A54       ADODB.TCustomADODataSet.GetMarshalOptions
 0001:00088AD8       ADODB.TCustomADODataSet.GetMasterFields
 0001:00088B78       ADODB.TCustomADODataSet.GetMaxRecords
 0001:00088BD0       ADODB.TCustomADODataSet.GetParamCheck
 0001:00088BE8       ADODB.TCustomADODataSet.GetParameters
 0001:00088C08       ADODB.TCustomADODataSet.GetPrepared
 0001:00088C34       ADODB.TCustomADODataSet.GetProperties
 0001:000883A8       ADODB.TCustomADODataSet.GetRecNo
 0001:00084010       ADODB.TCustomADODataSet.GetRecord
 0001:00088380       ADODB.TCustomADODataSet.GetRecordCount
 0001:00088D34       ADODB.TCustomADODataSet.GetRecordsetState
 0001:00083C84       ADODB.TCustomADODataSet.GetRecordSize
 0001:00088D74       ADODB.TCustomADODataSet.GetRecordStatus
 0001:00088DD4       ADODB.TCustomADODataSet.GetSort
 0001:00084A88       ADODB.TCustomADODataSet.GetStateFieldValue
 0001:00085580       ADODB.TCustomADODataSet.InternalAddRecord
 0001:00085C94       ADODB.TCustomADODataSet.InternalCancel
 0001:000826C0       ADODB.TCustomADODataSet.InternalClose
 0001:00085C1C       ADODB.TCustomADODataSet.InternalDelete
 0001:000852D0       ADODB.TCustomADODataSet.InternalEdit
 0001:000851B4       ADODB.TCustomADODataSet.InternalFirst
 0001:00083D0C       ADODB.TCustomADODataSet.InternalGetRecord
 0001:00083A30       ADODB.TCustomADODataSet.InternalGotoBookmark
 0001:00083110       ADODB.TCustomADODataSet.InternalHandleException
 0001:00082E60       ADODB.TCustomADODataSet.InternalInitFieldDefs
 0001:00084158       ADODB.TCustomADODataSet.InternalInitRecord
 0001:0008557C       ADODB.TCustomADODataSet.InternalInsert
 0001:00085240       ADODB.TCustomADODataSet.InternalLast
 0001:0008261C       ADODB.TCustomADODataSet.InternalOpen
 0001:000859D8       ADODB.TCustomADODataSet.InternalPost
 0001:000827A4       ADODB.TCustomADODataSet.InternalRefresh
 0001:000827FC       ADODB.TCustomADODataSet.InternalRequery
 0001:00088E0C       ADODB.TCustomADODataSet.InternalSetSort
 0001:00083A50       ADODB.TCustomADODataSet.InternalSetToRecord
 0001:00082990       ADODB.TCustomADODataSet.IsCursorOpen
 0001:00088478       ADODB.TCustomADODataSet.IsSequenced
 0001:0008205C       ADODB.TCustomADODataSet.Loaded
 0001:00083118       ADODB.TCustomADODataSet.LoadFromFile
 0001:00086E64       ADODB.TCustomADODataSet.Locate
 0001:000866A8       ADODB.TCustomADODataSet.LocateRecord
 0001:00086D88       ADODB.TCustomADODataSet.Lookup
 0001:00083510       ADODB.TCustomADODataSet.MasterChanged
 0001:00083554       ADODB.TCustomADODataSet.MasterDisabled
 0001:00088158       ADODB.TCustomADODataSet.MoveComplete
 0001:00083320       ADODB.TCustomADODataSet.NextRecordset
 0001:0008242C       ADODB.TCustomADODataSet.OpenCursor
 0001:00082FFC       ADODB.TCustomADODataSet.PrepareCursor
 0001:00088528       ADODB.TCustomADODataSet.PropertyChanged
 0001:00089E54       ADODB.TCustomADODataSet.PSEndTransaction
 0001:000897B8       ADODB.TCustomADODataSet.PSExecute
 0001:000897FC       ADODB.TCustomADODataSet.PSExecuteStatement
 0001:0008A104       ADODB.TCustomADODataSet.PSGetAttributes
 0001:0008A164       ADODB.TCustomADODataSet.PSGetCommandText
 0001:0008A1B4       ADODB.TCustomADODataSet.PSGetCommandType
 0001:00089654       ADODB.TCustomADODataSet.PSGetDefaultOrder
 0001:0008A0EC       ADODB.TCustomADODataSet.PSGetIndexDefs
 0001:00089AC0       ADODB.TCustomADODataSet.PSGetKeyFields
 0001:00089BF8       ADODB.TCustomADODataSet.PSGetParams
 0001:00089CCC       ADODB.TCustomADODataSet.PSGetQuoteChar
 0001:00089C34       ADODB.TCustomADODataSet.PSGetTableName
 0001:0008A10C       ADODB.TCustomADODataSet.PSGetUpdateException
 0001:00089D68       ADODB.TCustomADODataSet.PSInTransaction
 0001:00089F14       ADODB.TCustomADODataSet.PSIsSQLBased
 0001:0008A15C       ADODB.TCustomADODataSet.PSIsSQLSupported
 0001:00089F18       ADODB.TCustomADODataSet.PSReset
 0001:00089F20       ADODB.TCustomADODataSet.PSSetCommandText
 0001:0008A094       ADODB.TCustomADODataSet.PSSetParams
 0001:00089D94       ADODB.TCustomADODataSet.PSStartTransaction
 0001:0008A160       ADODB.TCustomADODataSet.PSUpdateRecord
 0001:000834AC       ADODB.TCustomADODataSet.ReadDesignerData
 0001:00087EFC       ADODB.TCustomADODataSet.RecordChangeComplete
 0001:0008802C       ADODB.TCustomADODataSet.RecordsetChangeComplete
 0001:000891BC       ADODB.TCustomADODataSet.RefreshIndexFields
 0001:000836F4       ADODB.TCustomADODataSet.RefreshParams
 0001:00085C68       ADODB.TCustomADODataSet.ReleaseLock
 0001:000828E4       ADODB.TCustomADODataSet.Requery
 0001:0008314C       ADODB.TCustomADODataSet.SaveToFile
 0001:00086EFC       ADODB.TCustomADODataSet.Seek
 0001:000851A0       ADODB.TCustomADODataSet.SetBlockReadSize
 0001:00083AA4       ADODB.TCustomADODataSet.SetBookmarkData
 0001:00083A7C       ADODB.TCustomADODataSet.SetBookmarkFlag
 0001:00088578       ADODB.TCustomADODataSet.SetCacheSize
 0001:000885BC       ADODB.TCustomADODataSet.SetCommandText
 0001:00088638       ADODB.TCustomADODataSet.SetCommandTimeout
 0001:00088664       ADODB.TCustomADODataSet.SetCommandType
 0001:000886C8       ADODB.TCustomADODataSet.SetConnection
 0001:000820A0       ADODB.TCustomADODataSet.SetConnectionFlag
 0001:000887FC       ADODB.TCustomADODataSet.SetConnectionString
 0001:000888B4       ADODB.TCustomADODataSet.SetCursorLocation
 0001:00088924       ADODB.TCustomADODataSet.SetCursorType
 0001:0008895C       ADODB.TCustomADODataSet.SetDataSource
 0001:00083830       ADODB.TCustomADODataSet.SetDetailFilter
 0001:000889D8       ADODB.TCustomADODataSet.SetExecuteOptions
 0001:00084FE0       ADODB.TCustomADODataSet.SetFieldData
 0001:00084C38       ADODB.TCustomADODataSet.SetFieldData
 0001:0008601C       ADODB.TCustomADODataSet.SetFiltered
 0001:00086204       ADODB.TCustomADODataSet.SetFilterGroup
 0001:00085EC4       ADODB.TCustomADODataSet.SetFilterOptions
 0001:00085F28       ADODB.TCustomADODataSet.SetFilterText
 0001:00089044       ADODB.TCustomADODataSet.SetIndexFieldNames
 0001:000894B8       ADODB.TCustomADODataSet.SetIndexName
 0001:00088A30       ADODB.TCustomADODataSet.SetLockType
 0001:00088A98       ADODB.TCustomADODataSet.SetMarshalOptions
 0001:00088AF4       ADODB.TCustomADODataSet.SetMasterFields
 0001:00088BAC       ADODB.TCustomADODataSet.SetMaxRecords
 0001:00088BDC       ADODB.TCustomADODataSet.SetParamCheck
 0001:00088BF4       ADODB.TCustomADODataSet.SetParameters
 0001:00083784       ADODB.TCustomADODataSet.SetParamsFromCursor
 0001:00088C20       ADODB.TCustomADODataSet.SetPrepared
 0001:00088424       ADODB.TCustomADODataSet.SetRecNo
 0001:00088C6C       ADODB.TCustomADODataSet.SetRecordset
 0001:00088E6C       ADODB.TCustomADODataSet.SetSort
 0001:000884C4       ADODB.TCustomADODataSet.Supports
 0001:00085D6C       ADODB.TCustomADODataSet.UpdateBatch
 0001:00087010       ADODB.TCustomADODataSet.UpdateIndexDefs
 0001:00084330       ADODB.TCustomADODataSet.UpdateRecordSetPosition
 0001:00089524       ADODB.TCustomADODataSet.UpdateStatus
 0001:00087D38       ADODB.TCustomADODataSet.WillChangeField
 0001:00087E64       ADODB.TCustomADODataSet.WillChangeRecord
 0001:00087F98       ADODB.TCustomADODataSet.WillChangeRecordset
 0001:000880C4       ADODB.TCustomADODataSet.WillMove
 0001:00083500       ADODB.TCustomADODataSet.WriteDesignerData
 0001:0007FF48       ADODB.TParameter.AppendChunk
 0001:000802EC       ADODB.TParameter.Assign
 0001:0008049C       ADODB.TParameter.AssignTo
 0001:000808A4       ADODB.TParameter.GetAttributes
 0001:000809F0       ADODB.TParameter.GetDataType
 0001:00080B1C       ADODB.TParameter.GetDisplayName
 0001:00080B6C       ADODB.TParameter.GetName
 0001:00080C28       ADODB.TParameter.GetNumericScale
 0001:00080CE8       ADODB.TParameter.GetParameter
 0001:00080D58       ADODB.TParameter.GetParameterDirection
 0001:00080E30       ADODB.TParameter.GetParameters
 0001:00080E34       ADODB.TParameter.GetPrecision
 0001:00080EF4       ADODB.TParameter.GetProperties
 0001:00080F50       ADODB.TParameter.GetSize
 0001:00081010       ADODB.TParameter.GetValue
 0001:0008071C       ADODB.TParameter.IsEqual
 0001:00080530       ADODB.TParameter.LoadFromFile
 0001:0008058C       ADODB.TParameter.LoadFromStream
 0001:00080950       ADODB.TParameter.SetAttributes
 0001:00080AB4       ADODB.TParameter.SetDataType
 0001:00080BC8       ADODB.TParameter.SetName
 0001:00080C88       ADODB.TParameter.SetNumericScale
 0001:00080DC8       ADODB.TParameter.SetParameterDirection
 0001:00080E94       ADODB.TParameter.SetPrecision
 0001:00080FB0       ADODB.TParameter.SetSize
 0001:0008106C       ADODB.TParameter.SetValue
 0001:0007F698       ADODB.TParameters.AddParameter
 0001:0007F6B0       ADODB.TParameters.AppendParameters
 0001:0007F8FC       ADODB.TParameters.AssignValues
 0001:0007F83C       ADODB.TParameters.CreateParameter
 0001:0007EF58       ADODB.TParameters.Create_Parameter
 0001:0007F9DC       ADODB.TParameters.FindParam
 0001:0007FDF0       ADODB.TParameters.GetAttr
 0001:0007FE24       ADODB.TParameters.GetAttrCount
 0001:0007FEEC       ADODB.TParameters.GetCommand
 0001:0007FF0C       ADODB.TParameters.GetItem
 0001:0007FE2C       ADODB.TParameters.GetItemAttr
 0001:0007FF20       ADODB.TParameters.GetParamCollection
 0001:0007FB44       ADODB.TParameters.GetParamList
 0001:0007F614       ADODB.TParameters.InternalRefresh
 0001:0007F990       ADODB.TParameters.IsEqual
 0001:0007FAC4       ADODB.TParameters.ParamByName
 0001:0007FBEC       ADODB.TParameters.ParseSQL
 0001:0007F00C       ADODB.TParameters.Refresh
 0001:0007F690       ADODB.TParameters.Update
 0001:0007EA8C       ADODB.TRDSConnection.CheckInactive
 0001:0007EAAC       ADODB.TRDSConnection.ClearRefs
 0001:0007E9D4       ADODB.TRDSConnection.Create
 0001:0007EA48       ADODB.TRDSConnection.Destroy
 0001:0007EAF0       ADODB.TRDSConnection.DoConnect
 0001:0007EBAC       ADODB.TRDSConnection.DoDisconnect
 0001:0007EBB8       ADODB.TRDSConnection.GetConnected
 0001:0007EDC0       ADODB.TRDSConnection.GetRecordset
 0001:0007EE74       ADODB.TRDSConnection.SetComputerName
 0001:0007EE90       ADODB.TRDSConnection.SetServerName
 0001:000855A8       ADODB.UpdateData
 0003:0000198C       ADODB.ValidDirectionValues
 0001:0008AFDC       ADODB.VarAlloc
 0001:0007C348       ADODB.VarDataSize
 0001:00084494       ADODB.VarToBuffer
 0003:00001984       ADODB.XactAttributeValues
 0003:000011D4       ADOInt.CLASS_Command
 0003:000011C4       ADOInt.CLASS_Connection
 0003:000011F4       ADOInt.CLASS_DataSpace
 0003:000011E4       ADOInt.CLASS_Recordset
 0003:000011A4       ADOInt.DIID_ConnectionEvents
 0003:000011B4       ADOInt.DIID_RecordsetEvents
 0004:00002C60       Character.CategoryTable
 0004:00002C58       Character.CatIndexPrimary
 0004:00002C5C       Character.CatIndexSecondary
 0004:00002C54       Character.DataTable
 0003:00000A2C       Character.Latin1Categories
 0004:00002C6C       Character.NumericValueTable
 0004:00002C64       Character.NumIndexPrimary
 0004:00002C68       Character.NumIndexSecondary
 0001:0000AEF4       Character.TCharacter.CheckLetter
 0001:0000AF00       Character.TCharacter.CheckLetterOrDigit
 0001:0000B01C       Character.TCharacter.Initialize
 0001:0000B010       Character.TCharacter.IsAscii
 0001:0000AF10       Character.TCharacter.IsLatin1
 0001:0000AF1C       Character.TCharacter.IsLetter
 0001:0000AFA8       Character.TCharacter.IsLetterOrDigit
 0004:00004F58       Classes..66
 0001:000287C0       Classes..EClassNotFound
 0001:00028A30       Classes..EComponentError
 0001:000284C8       Classes..EFCreateError
 0001:000285FC       Classes..EFilerError
 0001:000283CC       Classes..EFileStreamError
 0001:00028564       Classes..EFOpenError
 0001:0002885C       Classes..EInvalidImage
 0001:000288F8       Classes..EListError
 0001:00028694       Classes..EReadError
 0001:00028330       Classes..EStreamError
 0001:0002898C       Classes..EStringListError
 0001:00028728       Classes..EWriteError
 0001:0002FF38       Classes..TBasicAction
 0001:0002FD1C       Classes..TBasicActionLink
 0001:0002C720       Classes..TBytesStream
 0001:0002C8B4       Classes..TClassFinder
 0001:00029D5C       Classes..TCollection
 0001:00029BB8       Classes..TCollectionEnumerator
 0001:0002994C       Classes..TCollectionItem
 0001:0002F3D4       Classes..TComponent
 0001:0003CE74       Classes..TComponent.FindComponent$ActRec
 0001:0002EFB4       Classes..TComponentEnumerator
 0001:0002C290       Classes..TCustomMemoryStream
 0001:0002CC88       Classes..TFiler
 0001:0002C0AC       Classes..TFileStream
 0001:0002BE94       Classes..THandleStream
 0001:00028E08       Classes..TList
 0001:0003247C       Classes..TList.Sort$ActRec
 0001:00028C34       Classes..TListEnumerator
 0001:0002C4D8       Classes..TMemoryStream
 0001:0002A1F4       Classes..TOwnedCollection
 0001:000297D4       Classes..TPersistent
 0001:000365D4       Classes..TPropFixup
 0001:00036800       Classes..TPropIntfFixup
 0001:0002D6A0       Classes..TReader
 0001:00030344       Classes..TRegGroup
 0001:000307A4       Classes..TRegGroups
 0001:0002B888       Classes..TStream
 0001:0002B20C       Classes..TStringList
 0001:0002A594       Classes..TStrings
 0001:0002A3EC       Classes..TStringsEnumerator
 0001:0002951C       Classes..TThreadList
 0001:0002E5A8       Classes..TWriter
 0001:00036B2C       Classes.AddFinished
 0001:00036B64       Classes.AddNotFinished
 0001:000377D0       Classes.AddSubComponentsToLoaded
 0001:0003AD6C       Classes.AncestorIsValid
 0003:0000113C       Classes.ApplicationHandleException
 0001:0003780C       Classes.CheckSubComponents
 0002:0000023C       Classes.Classes
 0001:00031934       Classes.ClassNotFound
 0001:0003D918       Classes.CleanupInstFreeList
 0001:00031C5C       Classes.CollectionsEqual
 0001:000378EC       Classes.ComponentCreated
 0001:0003980C       Classes.CopyBinary
 0001:0003977C       Classes.CopyBytes
 0001:00039730       Classes.CopyList
 0001:000396A8       Classes.CopySetBody
 0001:0003796C       Classes.CreateComponent
 0003:00001144       Classes.CreateVCLComObjectProc
 0001:000338B4       Classes.DoWrite
 0003:0000114C       Classes.Dummy32bitResHeader
 0001:0003D9E8       Classes.EFileStreamError.Create
 0001:000313D8       Classes.Error
 0003:00001148       Classes.FilerSignature
 0001:0003DA98       Classes.Finalization
 0001:0003A45C       Classes.FindAncestor
 0001:00031A0C       Classes.FindClass
 0001:00037B1C       Classes.FindExistingComponent
 0001:00031B8C       Classes.FindGlobalComponent
 0004:00004F64       Classes.FindGlobalComponentProcs
 0001:00031B10       Classes.FindIdentToInt
 0001:00031A94       Classes.FindIntToIdent
 0001:0003B1E0       Classes.FindMethodName
 0001:00036A34       Classes.FindNestedComponent
 0001:00038B98       Classes.FindUniqueName
 0001:0003D898       Classes.FreeIntConstList
 0001:000319A0       Classes.GetClass
 0001:0003B8D4       Classes.GetComponentValue
 0001:00032CC8       Classes.GetDesigner
 0001:00031928       Classes.GetFieldClassTable
 0001:0003D954       Classes.GetFreeInstBlockItemCount
 0004:00004F68       Classes.GlobalFixupList
 0001:00036BAC       Classes.GlobalFixupReferences
 0005:0000000C       Classes.GlobalLists
 0005:00000008       Classes.GlobalLoaded
 0004:00004F50       Classes.GlobalNameSpace
 0001:0003832C       Classes.HandleException
 0004:00004F6C       Classes.InstBlockList
 0004:00004F70       Classes.InstFreeList
 0004:00004F5C       Classes.IntConstList
 0001:0003AF60       Classes.IsDefault
 0001:0003ADDC       Classes.IsDefaultFloatProp
 0001:0003AE38       Classes.IsDefaultInt64Prop
 0001:0003B104       Classes.IsDefaultInterfaceProp
 0001:0003B238       Classes.IsDefaultMethodProp
 0001:0003AFB8       Classes.IsDefaultObjectProp
 0001:0003AD84       Classes.IsDefaultOrdProp
 0001:0003B370       Classes.IsDefaultPropertyValue
 0001:0003AE90       Classes.IsDefaultStrProp
 0001:0003B038       Classes.IsDefaultValue
 0001:0003B2D8       Classes.IsDefaultVariantProp
 0001:00031BCC       Classes.IsUniqueGlobalComponentName
 0004:00004F54       Classes.IsUniqueGlobalComponentNameProc
 0001:0003D910       Classes.ModuleUnload
 0003:0000116C       Classes.NilMethod
 0001:00032D6C       Classes.NotifyDesigner
 0001:0003AF20       Classes.ObjectAncestorMatch
 0001:0003B8BC       Classes.OwnedBy
 0001:00036EEC       Classes.PropertyNotFound
 0001:000383FC       Classes.PropPathError
 0001:00036EE0       Classes.PropValueError
 0001:00032344       Classes.QuickSort
 0001:000356F4       Classes.RaiseException
 0001:00039CF4       Classes.ReadCustomVariant
 0001:00036EC8       Classes.ReadError
 0001:0003790C       Classes.Recover
 0004:00004F60       Classes.RegGroups
 0001:0003D984       Classes.ReleaseObjectInstanceBlocks
 0001:00036D80       Classes.RemoveFixupReferences
 0001:00036E34       Classes.RemoveFixups
 0001:00037230       Classes.RemoveGlobalFixup
 0001:00033A20       Classes.ReturnAddr
 0001:00031EC0       Classes.ReturnAddr
 0001:00037A7C       Classes.SetCompName
 0001:00036F18       Classes.SetElementValue
 0001:00038774       Classes.SetInterfaceReference
 0001:00038690       Classes.SetIntIdent
 0001:000386D8       Classes.SetObjectIdent
 0001:00037884       Classes.SetSubComponentState
 0001:00038718       Classes.SetVariantReference
 0001:00039464       Classes.SkipBinary
 0001:00039494       Classes.SkipCollection
 0001:00039438       Classes.SkipList
 0001:000354E0       Classes.StringListCompareStrings
 0001:0003D80C       Classes.TBasicAction.Change
 0001:0003D698       Classes.TBasicAction.Create
 0001:0003D6DC       Classes.TBasicAction.Destroy
 0001:0003D778       Classes.TBasicAction.Execute
 0001:0003D748       Classes.TBasicAction.ExecuteTarget
 0001:0003D744       Classes.TBasicAction.HandlesTarget
 0001:0003D74C       Classes.TBasicAction.Notification
 0001:0003D820       Classes.TBasicAction.RegisterChanges
 0001:0003D86C       Classes.TBasicAction.SetActionComponent
 0001:0003D7B0       Classes.TBasicAction.SetOnExecute
 0001:0003D82C       Classes.TBasicAction.UnRegisterChanges
 0001:0003D794       Classes.TBasicAction.Update
 0001:0003D774       Classes.TBasicAction.UpdateTarget
 0001:0003D5E8       Classes.TBasicActionLink.AssignClient
 0001:0003D620       Classes.TBasicActionLink.Change
 0001:0003D5A4       Classes.TBasicActionLink.Create
 0001:0003D5EC       Classes.TBasicActionLink.Destroy
 0001:0003D638       Classes.TBasicActionLink.Execute
 0001:0003D680       Classes.TBasicActionLink.IsOnExecuteLinked
 0001:0003D654       Classes.TBasicActionLink.SetAction
 0001:0003D684       Classes.TBasicActionLink.SetOnExecute
 0001:0003D68C       Classes.TBasicActionLink.Update
 0001:00036490       Classes.TBytesStream.Create
 0001:000364F4       Classes.TBytesStream.Realloc
 0001:00031694       Classes.TClassFinder.Create
 0001:000317D4       Classes.TClassFinder.Destroy
 0001:00031804       Classes.TClassFinder.GetClass
 0001:000318A0       Classes.TClassFinder.GetClasses
 0001:0003309C       Classes.TCollection.Add
 0001:000335B8       Classes.TCollection.Added
 0001:000330BC       Classes.TCollection.Assign
 0001:00033164       Classes.TCollection.BeginUpdate
 0001:00033168       Classes.TCollection.Changed
 0001:00033178       Classes.TCollection.Clear
 0001:00033004       Classes.TCollection.Create
 0001:0003357C       Classes.TCollection.Delete
 0001:000335BC       Classes.TCollection.Deleting
 0001:00033050       Classes.TCollection.Destroy
 0001:000331E0       Classes.TCollection.EndUpdate
 0001:000331EC       Classes.TCollection.FindItemID
 0001:00033220       Classes.TCollection.GetAttr
 0001:0003321C       Classes.TCollection.GetAttrCount
 0001:00033240       Classes.TCollection.GetCapacity
 0001:00033268       Classes.TCollection.GetCount
 0001:00033230       Classes.TCollection.GetEnumerator
 0001:00033270       Classes.TCollection.GetItem
 0001:00033248       Classes.TCollection.GetItemAttr
 0001:00033284       Classes.TCollection.GetNamePath
 0001:00033338       Classes.TCollection.GetPropName
 0001:0003348C       Classes.TCollection.Insert
 0001:000334A8       Classes.TCollection.InsertItem
 0001:000335C0       Classes.TCollection.Notify
 0001:000335AC       Classes.TCollection.Owner
 0001:00033510       Classes.TCollection.RemoveItem
 0001:00033564       Classes.TCollection.SetCapacity
 0001:00033574       Classes.TCollection.SetItemName
 0001:00033578       Classes.TCollection.Update
 0001:00032F98       Classes.TCollectionEnumerator.Create
 0001:00032FDC       Classes.TCollectionEnumerator.GetCurrent
 0001:00032FE8       Classes.TCollectionEnumerator.MoveNext
 0001:00032E38       Classes.TCollectionItem.Changed
 0001:00032DD0       Classes.TCollectionItem.Create
 0001:00032E08       Classes.TCollectionItem.Destroy
 0001:00032E74       Classes.TCollectionItem.GetDisplayName
 0001:00032E5C       Classes.TCollectionItem.GetIndex
 0001:00032E88       Classes.TCollectionItem.GetNamePath
 0001:00032F34       Classes.TCollectionItem.GetOwner
 0001:00032F38       Classes.TCollectionItem.SetCollection
 0001:00032F60       Classes.TCollectionItem.SetDisplayName
 0001:00032F68       Classes.TCollectionItem.SetIndex
 0001:0003D09C       Classes.TComponent.AddSortedComponent
 0001:0003C8B8       Classes.TComponent.BeforeDestruction
 0001:0003D150       Classes.TComponent.ChangeName
 0001:0003C824       Classes.TComponent.Create
 0001:0003CC64       Classes.TComponent.DefineProperties
 0001:0003C870       Classes.TComponent.Destroy
 0001:0003CAE8       Classes.TComponent.DestroyComponents
 0001:0003CB54       Classes.TComponent.Destroying
 0001:0003D2AC       Classes.TComponent.ExecuteAction
 0001:0003CF38       Classes.TComponent.FindComponent
 0001:0003CF2C       Classes.TComponent.FindComponent$ActRec.$0$Body
 0001:0003D024       Classes.TComponent.FindSortedComponent
 0001:0003C904       Classes.TComponent.FreeNotification
 0001:0003D3E0       Classes.TComponent.FreeOnRelease
 0001:0003CD08       Classes.TComponent.GetChildOwner
 0001:0003CD0C       Classes.TComponent.GetChildParent
 0001:0003CD00       Classes.TComponent.GetChildren
 0001:0003D310       Classes.TComponent.GetComObject
 0001:0003D1A4       Classes.TComponent.GetComponent
 0001:0003D1D0       Classes.TComponent.GetComponentCount
 0001:0003D188       Classes.TComponent.GetComponentIndex
 0001:0003CD10       Classes.TComponent.GetEnumerator
 0001:0003CD20       Classes.TComponent.GetNamePath
 0001:0003CD34       Classes.TComponent.GetOwner
 0001:0003CD3C       Classes.TComponent.GetParentComponent
 0001:0003CCFC       Classes.TComponent.HasParent
 0001:0003C998       Classes.TComponent.Insert
 0001:0003CA4C       Classes.TComponent.InsertComponent
 0001:0003D478       Classes.TComponent.IntfGetComponent
 0001:0003D47C       Classes.TComponent.IsImplementorOf
 0001:0003CD5C       Classes.TComponent.Loaded
 0001:0003CC04       Classes.TComponent.Notification
 0001:0003CD68       Classes.TComponent.PaletteCreated
 0001:0003D3F8       Classes.TComponent.QueryInterface
 0001:0003C958       Classes.TComponent.ReadLeft
 0001:0003CD6C       Classes.TComponent.ReadState
 0001:0003C96C       Classes.TComponent.ReadTop
 0001:0003D4FC       Classes.TComponent.ReferenceInterface
 0001:0003C9D4       Classes.TComponent.Remove
 0001:0003CAB0       Classes.TComponent.RemoveComponent
 0001:0003CBE8       Classes.TComponent.RemoveFreeNotification
 0001:0003C8C4       Classes.TComponent.RemoveFreeNotifications
 0001:0003CB90       Classes.TComponent.RemoveNotification
 0001:0003D3C8       Classes.TComponent.SafeCallException
 0001:0003CD38       Classes.TComponent.SetChildOrder
 0001:0003D1E0       Classes.TComponent.SetComponentIndex
 0001:0003D234       Classes.TComponent.SetDesigning
 0001:0003D0C0       Classes.TComponent.SetName
 0001:0003CD40       Classes.TComponent.SetParentComponent
 0001:0003D284       Classes.TComponent.SetReference
 0001:0003D2FC       Classes.TComponent.SetSubComponent
 0001:0003D2D4       Classes.TComponent.UpdateAction
 0001:0003CD50       Classes.TComponent.Updated
 0001:0003D3F0       Classes.TComponent.UpdateRegistry
 0001:0003CD44       Classes.TComponent.Updating
 0001:0003CE04       Classes.TComponent.ValidateContainer
 0001:0003CE18       Classes.TComponent.ValidateInsert
 0001:0003CD7C       Classes.TComponent.ValidateRename
 0001:0003C980       Classes.TComponent.WriteLeft
 0001:0003CD74       Classes.TComponent.WriteState
 0001:0003C98C       Classes.TComponent.WriteTop
 0001:0003D438       Classes.TComponent._AddRef
 0001:0003D458       Classes.TComponent._Release
 0001:0003C7B8       Classes.TComponentEnumerator.Create
 0001:0003C7FC       Classes.TComponentEnumerator.GetCurrent
 0001:0003C808       Classes.TComponentEnumerator.MoveNext
 0001:000361D0       Classes.TCustomMemoryStream.Read
 0001:00036244       Classes.TCustomMemoryStream.SaveToFile
 0001:0003622C       Classes.TCustomMemoryStream.SaveToStream
 0001:00036208       Classes.TCustomMemoryStream.Seek
 0001:000361C8       Classes.TCustomMemoryStream.SetPointer
 0001:00036560       Classes.TFiler.Create
 0001:0002D040       Classes.TFiler.DefineBinaryProperty
 0001:0002D038       Classes.TFiler.DefineProperty
 0001:000365A8       Classes.TFiler.Destroy
 0001:0002D048       Classes.TFiler.FlushBuffer
 0001:000365D0       Classes.TFiler.SetRoot
 0001:00036020       Classes.TFileStream.Create
 0001:00035FDC       Classes.TFileStream.Create
 0001:00036194       Classes.TFileStream.Destroy
 0001:00035F18       Classes.THandleStream.Create
 0001:00035F54       Classes.THandleStream.Read
 0001:00035F74       Classes.THandleStream.Seek
 0001:00035FB4       Classes.THandleStream.SetSize
 0001:00035FA0       Classes.THandleStream.SetSize
 0001:00035F64       Classes.THandleStream.Write
 0001:00031E00       Classes.TList.Add
 0001:0003263C       Classes.TList.Assign
 0001:00031E40       Classes.TList.Clear
 0001:00031E58       Classes.TList.Delete
 0001:00031DE0       Classes.TList.Destroy
 0001:00031EFC       Classes.TList.Error
 0001:00031EC4       Classes.TList.Error
 0001:00031F50       Classes.TList.Exchange
 0001:00031FA0       Classes.TList.Expand
 0001:000325E0       Classes.TList.Extract
 0001:000325E8       Classes.TList.ExtractItem
 0001:00031FB8       Classes.TList.First
 0001:00031FC0       Classes.TList.Get
 0001:00031FE4       Classes.TList.GetEnumerator
 0001:00031FF4       Classes.TList.Grow
 0001:00032028       Classes.TList.IndexOf
 0001:0003204C       Classes.TList.IndexOfItem
 0001:00032078       Classes.TList.Insert
 0001:000320F0       Classes.TList.Last
 0001:00032114       Classes.TList.Move
 0001:00032638       Classes.TList.Notify
 0001:000321F0       Classes.TList.Pack
 0001:0003216C       Classes.TList.Put
 0001:000321C8       Classes.TList.Remove
 0001:000321D0       Classes.TList.RemoveItem
 0001:00032264       Classes.TList.SetCapacity
 0001:000322A0       Classes.TList.SetCount
 0001:00032540       Classes.TList.Sort
 0001:00032534       Classes.TList.Sort$ActRec.$0$Body
 0001:000325C0       Classes.TList.SortList
 0001:00031D78       Classes.TListEnumerator.Create
 0001:00031DBC       Classes.TListEnumerator.GetCurrent
 0001:00031DC8       Classes.TListEnumerator.MoveNext
 0001:000362C8       Classes.TMemoryStream.Clear
 0001:0003629C       Classes.TMemoryStream.Destroy
 0001:00036318       Classes.TMemoryStream.LoadFromFile
 0001:000362E0       Classes.TMemoryStream.LoadFromStream
 0001:000363C0       Classes.TMemoryStream.Realloc
 0001:0003636C       Classes.TMemoryStream.SetCapacity
 0001:00036394       Classes.TMemoryStream.SetSize
 0001:00036440       Classes.TMemoryStream.Write
 0001:000335E4       Classes.TOwnedCollection.Create
 0001:00033628       Classes.TOwnedCollection.GetOwner
 0001:00032B50       Classes.TPersistent.Assign
 0001:00032B64       Classes.TPersistent.AssignError
 0001:00032C20       Classes.TPersistent.AssignTo
 0001:00032C28       Classes.TPersistent.DefineProperties
 0001:00032B24       Classes.TPersistent.Destroy
 0001:00032C2C       Classes.TPersistent.GetNamePath
 0001:00032CC4       Classes.TPersistent.GetOwner
 0001:000368E8       Classes.TPropFixup.Create
 0001:00036940       Classes.TPropFixup.MakeGlobalReference
 0001:000369A0       Classes.TPropFixup.ResolveReference
 0001:000369B0       Classes.TPropIntfFixup.ResolveReference
 0001:00036F6C       Classes.TReader.BeginReferences
 0001:00036FD4       Classes.TReader.CheckValue
 0001:00039864       Classes.TReader.CopyValue
 0001:00037034       Classes.TReader.DefineBinaryProperty
 0001:00036FF8       Classes.TReader.DefineProperty
 0001:00036F30       Classes.TReader.Destroy
 0001:000372B8       Classes.TReader.DoFixupReferences
 0001:0003711C       Classes.TReader.EndOfList
 0001:00037130       Classes.TReader.EndReferences
 0001:0003714C       Classes.TReader.Error
 0001:00039B40       Classes.TReader.FindAncestorComponent
 0001:00039C38       Classes.TReader.FindComponentClass
 0001:000371E0       Classes.TReader.FindMethod
 0001:00037170       Classes.TReader.FindMethodInstance
 0001:000373FC       Classes.TReader.FixupReferences
 0001:00037434       Classes.TReader.FlushBuffer
 0001:00037458       Classes.TReader.FreeFixups
 0001:00037494       Classes.TReader.GetFieldClass
 0001:00037528       Classes.TReader.GetPosition
 0001:00037540       Classes.TReader.NextValue
 0001:00037550       Classes.TReader.PropertyError
 0001:00037564       Classes.TReader.Read
 0001:000375EC       Classes.TReader.ReadBoolean
 0001:000375B0       Classes.TReader.ReadBuffer
 0001:00037600       Classes.TReader.ReadChar
 0001:000376F4       Classes.TReader.ReadCollection
 0001:00037BC0       Classes.TReader.ReadComponent
 0001:00038F34       Classes.TReader.ReadComponents
 0001:00038000       Classes.TReader.ReadCurrency
 0001:00037E00       Classes.TReader.ReadData
 0001:00037E70       Classes.TReader.ReadDataInner
 0001:00038050       Classes.TReader.ReadDate
 0001:00037F78       Classes.TReader.ReadDouble
 0001:00037F40       Classes.TReader.ReadFloat
 0001:00038094       Classes.TReader.ReadIdent
 0001:00038298       Classes.TReader.ReadInt64
 0001:0003822C       Classes.TReader.ReadInteger
 0001:000382DC       Classes.TReader.ReadListBegin
 0001:000382E4       Classes.TReader.ReadListEnd
 0001:000382EC       Classes.TReader.ReadPrefix
 0001:00038418       Classes.TReader.ReadProperty
 0001:00038834       Classes.TReader.ReadPropValue
 0001:00038C00       Classes.TReader.ReadRootComponent
 0001:00039024       Classes.TReader.ReadSet
 0001:000390E0       Classes.TReader.ReadSignature
 0001:00037FBC       Classes.TReader.ReadSingle
 0001:00039104       Classes.TReader.ReadStr
 0001:00039194       Classes.TReader.ReadString
 0001:000393BC       Classes.TReader.ReadValue
 0001:00039EBC       Classes.TReader.ReadVariant
 0001:00037694       Classes.TReader.ReadWideChar
 0001:0003927C       Classes.TReader.ReadWideString
 0001:00039BF8       Classes.TReader.ReferenceName
 0001:00039C10       Classes.TReader.SetName
 0001:000393D0       Classes.TReader.SetPosition
 0001:00039CAC       Classes.TReader.SkipBytes
 0001:00039A94       Classes.TReader.SkipComponent
 0001:00039A4C       Classes.TReader.SkipProperty
 0001:000393F0       Classes.TReader.SkipSetBody
 0001:000394F8       Classes.TReader.SkipValue
 0001:00030C80       Classes.TRegGroup.AddClass
 0001:00030C8C       Classes.TRegGroup.BestClass
 0001:00030CEC       Classes.TRegGroup.BestGroup
 0001:00030D5C       Classes.TRegGroup.Create
 0001:00030DB8       Classes.TRegGroup.Destroy
 0001:00030DF8       Classes.TRegGroup.GetClass
 0001:00030E48       Classes.TRegGroup.GetClasses
 0001:00030E90       Classes.TRegGroup.IndexOfClass
 0001:00030F08       Classes.TRegGroup.InGroup
 0001:00030F4C       Classes.TRegGroup.RegisterClass
 0001:00031000       Classes.TRegGroup.RegisterClassAlias
 0001:00031038       Classes.TRegGroup.Registered
 0001:00031050       Classes.TRegGroup.UnregisterClass
 0001:000310B0       Classes.TRegGroup.UnregisterModuleClasses
 0001:000311F0       Classes.TRegGroups.Activate
 0001:0003123C       Classes.TRegGroups.AddClass
 0001:0003125C       Classes.TRegGroups.Create
 0001:000312D0       Classes.TRegGroups.Destroy
 0001:00031330       Classes.TRegGroups.FindGroup
 0001:00031374       Classes.TRegGroups.GetClass
 0001:000313B8       Classes.TRegGroups.GroupedWith
 0001:0003145C       Classes.TRegGroups.GroupWith
 0001:00031530       Classes.TRegGroups.Lock
 0001:0003153C       Classes.TRegGroups.RegisterClass
 0001:00031554       Classes.TRegGroups.RegisterClassAlias
 0001:00031574       Classes.TRegGroups.Registered
 0001:000315B8       Classes.TRegGroups.StartGroup
 0001:00031608       Classes.TRegGroups.Unlock
 0001:00031614       Classes.TRegGroups.UnregisterClass
 0001:00031644       Classes.TRegGroups.UnregisterModuleClasses
 0001:000358CC       Classes.TStream.CopyFrom
 0001:00035D34       Classes.TStream.FixupResourceHeader
 0001:00035608       Classes.TStream.GetPosition
 0001:0003563C       Classes.TStream.GetSize
 0001:0002BE84       Classes.TStream.Read
 0001:0003585C       Classes.TStream.ReadBuffer
 0001:000359C0       Classes.TStream.ReadComponent
 0001:00035A84       Classes.TStream.ReadComponentRes
 0001:00035E2C       Classes.TStream.ReadResHeader
 0001:000357EC       Classes.TStream.Seek
 0001:00035768       Classes.TStream.Seek
 0001:00035628       Classes.TStream.SetPosition
 0001:000356A0       Classes.TStream.SetSize
 0001:00035688       Classes.TStream.SetSize
 0001:0003568C       Classes.TStream.SetSize64
 0001:0002BE8C       Classes.TStream.Write
 0001:00035894       Classes.TStream.WriteBuffer
 0001:00035A20       Classes.TStream.WriteComponent
 0001:00035AA0       Classes.TStream.WriteComponentRes
 0001:00035A28       Classes.TStream.WriteDescendent
 0001:00035DF8       Classes.TStream.WriteDescendentRes
 0001:00035AA8       Classes.TStream.WriteResourceHeader
 0001:00034EF0       Classes.TStringList.Add
 0001:00034F00       Classes.TStringList.AddObject
 0001:00034F64       Classes.TStringList.Changed
 0001:00034F80       Classes.TStringList.Changing
 0001:00034F9C       Classes.TStringList.Clear
 0001:00035548       Classes.TStringList.CompareStrings
 0001:0003559C       Classes.TStringList.Create
 0001:00035564       Classes.TStringList.Create
 0001:00035510       Classes.TStringList.CustomSort
 0001:00035004       Classes.TStringList.Delete
 0001:00034E6C       Classes.TStringList.Destroy
 0001:00035084       Classes.TStringList.Exchange
 0001:000350E0       Classes.TStringList.ExchangeItems
 0001:00035104       Classes.TStringList.Find
 0001:00035188       Classes.TStringList.Get
 0001:000351B8       Classes.TStringList.GetCapacity
 0001:000351BC       Classes.TStringList.GetCount
 0001:000351C0       Classes.TStringList.GetObject
 0001:000351E4       Classes.TStringList.Grow
 0001:00035218       Classes.TStringList.IndexOf
 0001:00035254       Classes.TStringList.Insert
 0001:000352B8       Classes.TStringList.InsertItem
 0001:00035264       Classes.TStringList.InsertObject
 0001:00035334       Classes.TStringList.Put
 0001:0003538C       Classes.TStringList.PutObject
 0001:000353C8       Classes.TStringList.QuickSort
 0001:00035460       Classes.TStringList.SetCapacity
 0001:000355E0       Classes.TStringList.SetCaseSensitive
 0001:000354A0       Classes.TStringList.SetSorted
 0001:000354C0       Classes.TStringList.SetUpdateState
 0001:00035500       Classes.TStringList.Sort
 0001:000336D4       Classes.TStrings.Add
 0001:000336F8       Classes.TStrings.AddObject
 0001:00033728       Classes.TStrings.AddStrings
 0001:0003371C       Classes.TStrings.Append
 0001:000337E0       Classes.TStrings.Assign
 0001:0003389C       Classes.TStrings.BeginUpdate
 0001:0002B10C       Classes.TStrings.Clear
 0001:00034D74       Classes.TStrings.CompareStrings
 0001:0003390C       Classes.TStrings.DefineProperties
 0001:0002B114       Classes.TStrings.Delete
 0001:000336A4       Classes.TStrings.Destroy
 0001:00033964       Classes.TStrings.EndUpdate
 0001:00033978       Classes.TStrings.Equals
 0001:00033A5C       Classes.TStrings.Error
 0001:00033A24       Classes.TStrings.Error
 0001:00033AB4       Classes.TStrings.Exchange
 0001:00033BA0       Classes.TStrings.ExtractName
 0001:00033C1C       Classes.TStrings.GetCapacity
 0001:00033C24       Classes.TStrings.GetCommaText
 0001:00033CBC       Classes.TStrings.GetDelimitedText
 0001:00034C60       Classes.TStrings.GetDelimiter
 0001:00033F2C       Classes.TStrings.GetEnumerator
 0001:00034C7C       Classes.TStrings.GetLineBreak
 0001:00033F3C       Classes.TStrings.GetName
 0001:00034D80       Classes.TStrings.GetNameValueSeparator
 0001:00033F9C       Classes.TStrings.GetObject
 0001:00034CB8       Classes.TStrings.GetQuoteChar
 0001:00034CD4       Classes.TStrings.GetStrictDelimiter
 0001:00033FA0       Classes.TStrings.GetText
 0001:00033FF4       Classes.TStrings.GetTextStr
 0001:0003418C       Classes.TStrings.IndexOf
 0001:00034218       Classes.TStrings.IndexOfName
 0001:000342EC       Classes.TStrings.IndexOfObject
 0001:0002B11C       Classes.TStrings.Insert
 0001:00034320       Classes.TStrings.InsertObject
 0001:00034350       Classes.TStrings.LoadFromFile
 0001:000343A4       Classes.TStrings.LoadFromFile
 0001:00034400       Classes.TStrings.LoadFromStream
 0001:0003440C       Classes.TStrings.LoadFromStream
 0001:00034500       Classes.TStrings.Move
 0001:000345B0       Classes.TStrings.Put
 0001:000345E0       Classes.TStrings.PutObject
 0001:000345E4       Classes.TStrings.ReadData
 0001:00034694       Classes.TStrings.SaveToFile
 0001:000346A4       Classes.TStrings.SaveToFile
 0001:00034714       Classes.TStrings.SaveToStream
 0001:00034704       Classes.TStrings.SaveToStream
 0001:000347CC       Classes.TStrings.SetCapacity
 0001:000347D0       Classes.TStrings.SetCommaText
 0001:00034AB0       Classes.TStrings.SetDelimitedText
 0001:00034CEC       Classes.TStrings.SetDelimiter
 0001:00034D0C       Classes.TStrings.SetLineBreak
 0001:00034D9C       Classes.TStrings.SetNameValueSeparator
 0001:00034D38       Classes.TStrings.SetQuoteChar
 0001:00034D58       Classes.TStrings.SetStrictDelimiter
 0001:000347F8       Classes.TStrings.SetStringsAdapter
 0001:0003482C       Classes.TStrings.SetText
 0001:0003487C       Classes.TStrings.SetTextStr
 0001:00034A28       Classes.TStrings.SetUpdateState
 0001:00034DBC       Classes.TStrings.SetValueFromIndex
 0001:00034A2C       Classes.TStrings.WriteData
 0001:0003362C       Classes.TStringsEnumerator.Create
 0001:00033670       Classes.TStringsEnumerator.GetCurrent
 0001:00033688       Classes.TStringsEnumerator.MoveNext
 0001:000329D8       Classes.TThreadList.Add
 0001:00032A60       Classes.TThreadList.Clear
 0001:00032908       Classes.TThreadList.Create
 0001:0003295C       Classes.TThreadList.Destroy
 0001:00032AA8       Classes.TThreadList.LockList
 0001:00032ABC       Classes.TThreadList.Remove
 0001:00032AC4       Classes.TThreadList.RemoveItem
 0001:00032B18       Classes.TThreadList.UnlockList
 0001:0003A108       Classes.TWriter.AddAncestor
 0001:0003A13C       Classes.TWriter.DefineBinaryProperty
 0001:0003A114       Classes.TWriter.DefineProperty
 0001:0003A0DC       Classes.TWriter.Destroy
 0001:0003A178       Classes.TWriter.FindMethodName
 0001:0003A1C0       Classes.TWriter.FlushBuffer
 0001:0003C794       Classes.TWriter.GetLookupInfo
 0001:0003A168       Classes.TWriter.GetPosition
 0001:0003A1C8       Classes.TWriter.SetPosition
 0001:0003A204       Classes.TWriter.SetRoot
 0001:0003A21C       Classes.TWriter.Write
 0001:0003A268       Classes.TWriter.WriteBinary
 0001:0003A308       Classes.TWriter.WriteBoolean
 0001:0003A2F0       Classes.TWriter.WriteBuffer
 0001:0003A31C       Classes.TWriter.WriteChar
 0001:0003A3BC       Classes.TWriter.WriteCollection
 0001:0003A4AC       Classes.TWriter.WriteComponent
 0001:0003AA54       Classes.TWriter.WriteCurrency
 0001:0003A600       Classes.TWriter.WriteData
 0001:0003AA78       Classes.TWriter.WriteDate
 0001:0003A9C0       Classes.TWriter.WriteDescendent
 0001:0003AA30       Classes.TWriter.WriteDouble
 0001:0003A9E8       Classes.TWriter.WriteFloat
 0001:0003AA9C       Classes.TWriter.WriteIdent
 0001:0003ABF4       Classes.TWriter.WriteInteger
 0001:0003AB80       Classes.TWriter.WriteInteger
 0001:0003AC4C       Classes.TWriter.WriteListBegin
 0001:0003AC54       Classes.TWriter.WriteListEnd
 0001:0003C458       Classes.TWriter.WriteMinStr
 0001:0003AC5C       Classes.TWriter.WritePrefix
 0001:0003ACA4       Classes.TWriter.WriteProperties
 0001:0003BDFC       Classes.TWriter.WriteProperty
 0001:0003C330       Classes.TWriter.WritePropName
 0001:0003C384       Classes.TWriter.WriteRootComponent
 0001:0003C38C       Classes.TWriter.WriteSignature
 0001:0003AA0C       Classes.TWriter.WriteSingle
 0001:0003C39C       Classes.TWriter.WriteStr
 0001:0003C58C       Classes.TWriter.WriteString
 0001:0003C6A4       Classes.TWriter.WriteUTF8Str
 0001:0003C780       Classes.TWriter.WriteValue
 0001:0003BF50       Classes.TWriter.WriteVariant
 0001:0003A36C       Classes.TWriter.WriteWideChar
 0001:0003C778       Classes.TWriter.WriteWideString
 0001:00031A2C       Classes.UnRegisterModuleClasses
 0001:00031BF0       Classes.WriteCollection
 0001:0003B62C       Classes.WriteCollectionProp
 0001:0003B7C8       Classes.WriteFloatProp
 0001:0003B808       Classes.WriteInt64Prop
 0001:0003BC2C       Classes.WriteInterfaceProp
 0001:0003B5C0       Classes.WriteIntProp
 0001:0003BD08       Classes.WriteMethodProp
 0001:0003BA18       Classes.WriteObjectProp
 0001:0003B6D0       Classes.WriteOrdProp
 0001:0003B4D4       Classes.WritePropPath
 0001:0003B52C       Classes.WriteSet
 0001:0003B844       Classes.WriteStrProp
 0001:0003BD98       Classes.WriteVariantProp
 0004:00004F7C       ComObj..41
 0001:000415CC       ComObj..EOleError
 0001:000417AC       ComObj..EOleException
 0001:00041660       ComObj..EOleSysError
 0001:000425F8       ComObj.ClearExcepInfo
 0003:0000117C       ComObj.CoAddRefServerProcess
 0003:00001174       ComObj.CoCreateInstanceEx
 0003:0000118C       ComObj.CoInitFlags
 0003:00001178       ComObj.CoInitializeEx
 0004:00004F84       ComObj.ComClassManagerVar
 0002:000002DC       ComObj.ComObj
 0003:00001180       ComObj.CoReleaseServerProcess
 0003:00001184       ComObj.CoResumeClassObjects
 0003:00001188       ComObj.CoSuspendClassObjects
 0001:00041C58       ComObj.CreateComObject
 0001:00041F08       ComObj.CreateSafeCallErrorExceptionObject
 0001:00042010       ComObj.DispatchInvoke
 0001:000425EC       ComObj.DispatchInvokeError
 0001:00042608       ComObj.DispCall
 0001:000426EC       ComObj.DispCallByID
 0001:00042518       ComObj.DispCallError
 0001:00041B0C       ComObj.EOleException.Create
 0001:00041A38       ComObj.EOleSysError.Create
 0001:00042844       ComObj.Finalization
 0001:00042380       ComObj.GetIDsOfNames
 0001:00041C2C       ComObj.GUIDToString
 0001:000427C8       ComObj.InitComObj
 0001:00041D84       ComObj.LoadComExProcs
 0004:00004F8C       ComObj.NeedToUninitialize
 0001:00041BC0       ComObj.OleCheck
 0001:00041BA4       ComObj.OleError
 0004:00004F80       ComObj.OleUninitializing
 0001:00042464       ComObj.RaiseException
 0001:0004234C       ComObj.RaiseNameException
 0001:00042000       ComObj.SafeCallError
 0004:00004F88       ComObj.SaveInitProc
 0001:00041BD0       ComObj.StringToGUID
 0003:00001190       ComObj.ThreadStrs
 0001:000419DC       ComObj.TrimPunctuation
 0001:0004247C       ComObj.VarDispInvoke
 0001:00049A00       DateUtils.DaysBetween
 0001:000499C8       DateUtils.DaysInAMonth
 0001:00049A54       DateUtils.DaySpan
 0001:00049AE0       DateUtils.DecodeDateTime
 0001:00049A78       DateUtils.EncodeDateTime
 0001:00049BD0       DateUtils.InvalidDateTimeError
 0001:00049A20       DateUtils.SpanOfNowAndThen
 0001:00049B7C       DateUtils.Translate
 0001:00049B10       DateUtils.TryEncodeDateTime
 0004:00004FA4       DB..57
 0001:0004E488       DB..EDatabaseError
 0001:0004E520       DB..EUpdateError
 0001:00057C90       DB..TADTField
 0001:00057E8C       DB..TArrayField
 0001:00054270       DB..TAutoIncField
 0001:000564A4       DB..TBCDField
 0001:00055E98       DB..TBinaryField
 0001:00056B9C       DB..TBlobField
 0001:00055074       DB..TBooleanField
 0001:00053BD8       DB..TByteField
 0001:000560B4       DB..TBytesField
 0001:00059DD4       DB..TCheckConstraint
 0001:0005A06C       DB..TCheckConstraints
 0001:00054AE0       DB..TCurrencyField
 0001:0004EBF0       DB..TCustomConnection
 0001:00058F1C       DB..TDataLink
 0001:0005BC4C       DB..TDataSet
 0001:00059BB8       DB..TDataSetDesigner
 0001:000580B4       DB..TDataSetField
 0001:00059830       DB..TDataSource
 0001:00055AB0       DB..TDateField
 0001:00055314       DB..TDateTimeField
 0001:00074018       DB..TDefaultDBScreenApplication
 0001:00051328       DB..TDefaultLookupList
 0001:0004F12C       DB..TDefCollection
 0001:0005940C       DB..TDetailDataLink
 0001:00054D08       DB..TExtendedField
 0001:0005150C       DB..TField
 0001:0004F49C       DB..TFieldDef
 0001:000504D8       DB..TFieldDefList
 0001:0004F984       DB..TFieldDefs
 0001:000506A0       DB..TFieldList
 0001:00050A64       DB..TFields
 0001:00050860       DB..TFieldsEnumerator
 0001:000502BC       DB..TFlatList
 0001:0005446C       DB..TFloatField
 0001:000567FC       DB..TFMTBCDField
 0001:000576D4       DB..TGraphicField
 0001:00058D00       DB..TGuidField
 0001:00058ADC       DB..TIDispatchField
 0001:0004FCA4       DB..TIndexDef
 0001:00050020       DB..TIndexDefs
 0001:00053224       DB..TIntegerField
 0001:000588B8       DB..TInterfaceField
 0001:00053DD0       DB..TLargeintField
 0001:000534F8       DB..TLongWordField
 0001:0005112C       DB..TLookupList
 0001:00059524       DB..TMasterDataLink
 0001:00057118       DB..TMemoField
 0001:0004F018       DB..TNamedItem
 0001:00052F54       DB..TNumericField
 0001:000578D0       DB..TObjectField
 0001:0005A234       DB..TParam
 0001:0005B3E8       DB..TParamObject
 0001:0005AF6C       DB..TParams
 0001:0005B5F4       DB..TParamStreamObject
 0001:000583E4       DB..TReferenceField
 0001:000539D8       DB..TShortintField
 0001:000547A4       DB..TSingleField
 0001:000537D8       DB..TSmallintField
 0001:000555C4       DB..TSQLTimeStampField
 0001:0005587C       DB..TSQLTimeStampOffsetField
 0001:00052A30       DB..TStringField
 0001:00055CA4       DB..TTimeField
 0001:000562A8       DB..TVarBytesField
 0001:000586C0       DB..TVariantField
 0001:000574AC       DB..TWideMemoField
 0001:00052D30       DB..TWideStringField
 0001:00054078       DB..TWordField
 0001:00060230       DB.AddFieldDefs
 0001:00060494       DB.AddFields
 0001:00071C70       DB.AdjustFirstRecord
 0001:00061218       DB.AttributeSetStored
 0003:00001670       DB.BaseFieldTypes
 0001:00071288       DB.BufferToByteArray
 0001:00071340       DB.ByteArrayToBuffer
 0001:0006A170       DB.CalcTotalSize
 0001:00061260       DB.CalculatedStored
 0001:00072AF8       DB.CancelNestedDataSets
 0001:0007184C       DB.CheckNestedBrowseMode
 0001:00070220       DB.CreateFieldDefs
 0001:0005E428       DB.DatabaseError
 0001:0005E4E0       DB.DatabaseErrorFmt
 0001:00071240       DB.DateTimeToNative
 0002:0000037C       DB.DB
 0004:00004FA0       DB.DBApplication
 0004:00004F9C       DB.DBScreen
 0003:00001544       DB.DefaultCheckConstraintClass
 0003:00001560       DB.DefaultCheckConstraintsClass
 0003:00001394       DB.DefaultFieldClasses
 0003:00001538       DB.DefaultFieldDefClass
 0003:0000155C       DB.DefaultFieldDefListClass
 0003:00001534       DB.DefaultFieldDefsClass
 0003:00001554       DB.DefaultFieldListClass
 0003:00001550       DB.DefaultFieldsClass
 0003:00001540       DB.DefaultIndexDefClass
 0003:00001558       DB.DefaultIndexDefsClass
 0003:0000153C       DB.DefaultLookupListClass
 0003:00001548       DB.DefaultParamClass
 0003:0000154C       DB.DefaultParamsClass
 0001:00070894       DB.DoBindFields
 0001:00060DFC       DB.Error
 0001:0005E354       DB.EUpdateError.Create
 0001:0005E3F8       DB.EUpdateError.Destroy
 0003:00001598       DB.Events
 0001:0005E53C       DB.ExtractFieldName
 0003:00001464       DB.FieldTypeNames
 0001:00074260       DB.Finalization
 0001:0006DD88       DB.LoadFromStreamPersist
 0001:0006DDE8       DB.LoadFromStrings
 0004:00004F98       DB.LoginDialogExProc
 0001:000612A4       DB.LookupStored
 0001:0006C858       DB.NameDelimiter
 0001:000711B4       DB.NativeToDateTime
 0001:00071784       DB.NotifyDetails
 0001:0006F6FC       DB.RenameFields
 0001:000704B0       DB.SetKeyFields
 0001:0006A110       DB.TADTField.Create
 0001:0006A164       DB.TADTField.FieldsChanged
 0001:0006A1E0       DB.TADTField.GetSize
 0001:0006A260       DB.TArrayField.Bind
 0001:0006A20C       DB.TArrayField.Create
 0001:0006A284       DB.TArrayField.SetSize
 0001:000650F8       DB.TAutoIncField.Create
 0001:000676E4       DB.TBCDField.CheckTypeSize
 0001:00067D0C       DB.TBCDField.CopyData
 0001:0006763C       DB.TBCDField.Create
 0001:00067734       DB.TBCDField.GetAsBCD
 0001:00067780       DB.TBCDField.GetAsCurrency
 0001:000677A4       DB.TBCDField.GetAsFloat
 0001:000677C8       DB.TBCDField.GetAsInteger
 0001:000677E4       DB.TBCDField.GetAsLargeInt
 0001:00067824       DB.TBCDField.GetAsSingle
 0001:00067844       DB.TBCDField.GetAsString
 0001:0006787C       DB.TBCDField.GetAsVariant
 0001:000678AC       DB.TBCDField.GetDataSize
 0001:000678B4       DB.TBCDField.GetDefaultWidth
 0001:000678C8       DB.TBCDField.GetText
 0001:00067A0C       DB.TBCDField.GetValue
 0001:00067A14       DB.TBCDField.SetAsBCD
 0001:00067A3C       DB.TBCDField.SetAsCurrency
 0001:00067AC0       DB.TBCDField.SetAsFloat
 0001:00067AE4       DB.TBCDField.SetAsInteger
 0001:00067B0C       DB.TBCDField.SetAsLargeInt
 0001:00067B34       DB.TBCDField.SetAsSingle
 0001:00067B58       DB.TBCDField.SetAsString
 0001:00067C14       DB.TBCDField.SetCurrency
 0001:00067C2C       DB.TBCDField.SetMaxValue
 0001:00067C4C       DB.TBCDField.SetMinValue
 0001:00067C6C       DB.TBCDField.SetPrecision
 0001:00067CB0       DB.TBCDField.SetVarValue
 0001:00067CD4       DB.TBCDField.UpdateCheckRange
 0001:00066E4C       DB.TBinaryField.CheckTypeSize
 0001:00066E9C       DB.TBinaryField.CopyData
 0001:00066E14       DB.TBinaryField.Create
 0001:00066F74       DB.TBinaryField.GetAsAnsiString
 0001:00067030       DB.TBinaryField.GetAsBytes
 0001:00066EB0       DB.TBinaryField.GetAsString
 0001:0006743C       DB.TBinaryField.GetAsVariant
 0001:00067468       DB.TBinaryField.GetText
 0001:0006722C       DB.TBinaryField.SetAsAnsiString
 0001:00067350       DB.TBinaryField.SetAsBytes
 0001:00067108       DB.TBinaryField.SetAsString
 0001:000674B8       DB.TBinaryField.SetText
 0001:00067450       DB.TBinaryField.SetVarValue
 0001:000686A4       DB.TBlobField.Assign
 0001:000687A0       DB.TBlobField.AssignTo
 0001:00068838       DB.TBlobField.Clear
 0001:00068658       DB.TBlobField.Create
 0001:00068854       DB.TBlobField.FreeBuffers
 0001:00068940       DB.TBlobField.GetAsAnsiString
 0001:00068A78       DB.TBlobField.GetAsBytes
 0001:00068878       DB.TBlobField.GetAsString
 0001:000689B8       DB.TBlobField.GetAsVariant
 0001:000688C8       DB.TBlobField.GetAsWideString
 0001:00068AF4       DB.TBlobField.GetBlobSize
 0001:00068BF0       DB.TBlobField.GetBlobType
 0001:00068B4C       DB.TBlobField.GetClassDesc
 0001:00068BEC       DB.TBlobField.GetDataSize
 0001:00068BF8       DB.TBlobField.GetIsNull
 0001:00068C74       DB.TBlobField.GetModified
 0001:00068C94       DB.TBlobField.GetText
 0001:00068CE4       DB.TBlobField.IsBlob
 0001:00068CE8       DB.TBlobField.LoadFromBlob
 0001:00068D3C       DB.TBlobField.LoadFromFile
 0001:00068D90       DB.TBlobField.LoadFromStream
 0001:00068E94       DB.TBlobField.LoadFromStreamPersist
 0001:00068E3C       DB.TBlobField.LoadFromStrings
 0001:00068DE8       DB.TBlobField.LoadFromStrings
 0001:00068F90       DB.TBlobField.SaveToFile
 0001:00068FE8       DB.TBlobField.SaveToStream
 0001:000690E8       DB.TBlobField.SaveToStreamPersist
 0001:00069094       DB.TBlobField.SaveToStrings
 0001:00069040       DB.TBlobField.SaveToStrings
 0001:00069288       DB.TBlobField.SetAsAnsiString
 0001:00069300       DB.TBlobField.SetAsBytes
 0001:000691B8       DB.TBlobField.SetAsString
 0001:00069210       DB.TBlobField.SetAsWideString
 0001:00069378       DB.TBlobField.SetBlobType
 0001:0006931C       DB.TBlobField.SetData
 0001:00069388       DB.TBlobField.SetFieldType
 0001:00069398       DB.TBlobField.SetModified
 0001:000693B4       DB.TBlobField.SetVarValue
 0001:00068758       DB.TBlobField.SupportsStreamPersist
 0001:00066148       DB.TBooleanField.Create
 0001:00066194       DB.TBooleanField.GetAsBoolean
 0001:000661B8       DB.TBooleanField.GetAsString
 0001:000661F8       DB.TBooleanField.GetAsVariant
 0001:00066230       DB.TBooleanField.GetDataSize
 0001:00066238       DB.TBooleanField.GetDefaultWidth
 0001:0006627C       DB.TBooleanField.LoadTextValues
 0001:000662A4       DB.TBooleanField.SetAsBoolean
 0001:000662C4       DB.TBooleanField.SetAsString
 0001:00066454       DB.TBooleanField.SetDisplayValues
 0001:000664E4       DB.TBooleanField.SetVarValue
 0001:00064B28       DB.TByteField.Create
 0001:00064BB4       DB.TByteField.GetDataSize
 0001:000674EC       DB.TBytesField.Create
 0001:00067540       DB.TBytesField.GetDataSize
 0001:0006C110       DB.TCheckConstraint.Assign
 0001:0006C158       DB.TCheckConstraint.GetDisplayName
 0001:0006C1B0       DB.TCheckConstraint.SetCustomConstraint
 0001:0006C1D8       DB.TCheckConstraint.SetErrorMessage
 0001:0006C188       DB.TCheckConstraint.SetImportedConstraint
 0001:0006C248       DB.TCheckConstraints.Add
 0001:0006C200       DB.TCheckConstraints.Create
 0001:0006C258       DB.TCheckConstraints.GetCheckConstraintClass
 0001:0006C254       DB.TCheckConstraints.GetOwner
 0001:00065B6C       DB.TCurrencyField.Create
 0001:0005EBD0       DB.TCustomConnection.Close
 0001:0005EA74       DB.TCustomConnection.Create
 0001:0005EAD8       DB.TCustomConnection.Destroy
 0001:0005EC60       DB.TCustomConnection.DoConnect
 0001:0005EC64       DB.TCustomConnection.DoDisconnect
 0001:0005EC68       DB.TCustomConnection.GetConnected
 0001:0005ED8C       DB.TCustomConnection.GetDataSet
 0001:0005EDA0       DB.TCustomConnection.GetDataSetCount
 0001:0005EB38       DB.TCustomConnection.Loaded
 0001:0005EBC8       DB.TCustomConnection.Open
 0001:0005ED00       DB.TCustomConnection.RegisterClient
 0001:0005EC6C       DB.TCustomConnection.SendConnectEvent
 0001:0005EBD8       DB.TCustomConnection.SetConnected
 0001:0005ED40       DB.TCustomConnection.UnRegisterClient
 0001:0006BB08       DB.TDataLink.ActiveChanged
 0001:0006BB0C       DB.TDataLink.CheckBrowseMode
 0001:0006B728       DB.TDataLink.Create
 0001:0006BA10       DB.TDataLink.DataEvent
 0001:0006BB10       DB.TDataLink.DataSetChanged
 0001:0006BB18       DB.TDataLink.DataSetScrolled
 0001:0006B764       DB.TDataLink.Destroy
 0001:0006B970       DB.TDataLink.Edit
 0001:0006BB20       DB.TDataLink.EditingChanged
 0001:0006BB24       DB.TDataLink.ExecuteAction
 0001:0006BB4C       DB.TDataLink.FocusControl
 0001:0006B990       DB.TDataLink.GetActiveRecord
 0001:0006BB88       DB.TDataLink.GetBOF
 0001:0006BBB0       DB.TDataLink.GetBufferCount
 0001:0006B814       DB.TDataLink.GetDataSet
 0001:0006BB9C       DB.TDataLink.GetEOF
 0001:0006B9EC       DB.TDataLink.GetRecordCount
 0001:0006BB50       DB.TDataLink.LayoutChanged
 0001:0006BBB4       DB.TDataLink.MoveBy
 0001:0006BB58       DB.TDataLink.RecordChanged
 0001:0006B8B0       DB.TDataLink.SetActive
 0001:0006B9A8       DB.TDataLink.SetActiveRecord
 0001:0006B9BC       DB.TDataLink.SetBufferCount
 0001:0006B824       DB.TDataLink.SetDataSource
 0001:0006B8D8       DB.TDataLink.SetEditing
 0001:0006B8A0       DB.TDataLink.SetReadOnly
 0001:0006BB5C       DB.TDataLink.UpdateAction
 0001:0006BB84       DB.TDataLink.UpdateData
 0001:0006B7A0       DB.TDataLink.UpdateRange
 0001:0006B92C       DB.TDataLink.UpdateRecord
 0001:0006B8E8       DB.TDataLink.UpdateState
 0001:00072268       DB.TDataSet.ActivateBuffers
 0001:0007223C       DB.TDataSet.ActiveBuffer
 0001:00071698       DB.TDataSet.AddDataSource
 0001:00072DE0       DB.TDataSet.AddRecord
 0001:00071AE4       DB.TDataSet.AllocRecordBuffer
 0001:00072A14       DB.TDataSet.Append
 0001:00072F64       DB.TDataSet.AppendRecord
 0001:00072D00       DB.TDataSet.BeginInsertAppend
 0001:00070B10       DB.TDataSet.BindFields
 0001:000727E8       DB.TDataSet.BlockReadNext
[...]

Line numbers for PerlRegEx(PerlRegEx.pas) segment .text

   238 0001:0009D7D4   239 0001:0009D7DD   241 0001:0009D7EC   243 0001:0009D7F5
   248 0001:0009D804   254 0001:0009D808   255 0001:0009D813   256 0001:0009D81C
   258 0001:0009D81E   259 0001:0009D83A   261 0001:0009D86E   263 0001:0009D872
   264 0001:0009D880   265 0001:0009D893   268 0001:0009D895   258 0001:0009D896
   297 0001:0009D899   303 0001:0009D8A0   304 0001:0009D8A6   305 0001:0009D8AE
   306 0001:0009D8C1   307 0001:0009D8C9   308 0001:0009D8D1   309 0001:0009D8D8
   310 0001:0009D8E0   313 0001:0009D8E4   314 0001:0009D8EA   315 0001:0009D8F1
   316 0001:0009D902   322 0001:0009D908   323 0001:0009D928   324 0001:0009D92E
   325 0001:0009D944   326 0001:0009D94B   327 0001:0009D974   328 0001:0009D978
   329 0001:0009D9C6   330 0001:0009D9CA   355 0001:0009DB14   356 0001:0009DB35
   357 0001:0009DB52   358 0001:0009DB65   359 0001:0009DB75   361 0001:0009DB7F
   362 0001:0009DBCA   363 0001:0009DBF2   364 0001:0009DC1A   365 0001:0009DC42
   367 0001:0009DC68   368 0001:0009DC71   369 0001:0009DC85   372 0001:0009DCB7
   373 0001:0009DCC5   377 0001:0009DCCF   383 0001:0009DD00   384 0001:0009DD1F
   385 0001:0009DD22   387 0001:0009DD81   388 0001:0009DD95   389 0001:0009DD9B
   391 0001:0009DDF9   392 0001:0009DE0E   393 0001:0009DE21   394 0001:0009DE23
   398 0001:0009DE2E   399 0001:0009DE36   401 0001:0009DEA0   402 0001:0009DEA6
   404 0001:0009DEE3   405 0001:0009DEEF   407 0001:0009DEF7   408 0001:0009DF16
   406 0001:0009DF1C   412 0001:0009DF59   413 0001:0009DF61   414 0001:0009DFAB
   415 0001:0009DFF9   416 0001:0009E020   420 0001:0009E030   421 0001:0009E08F
   423 0001:0009E09A   425 0001:0009E0B3   426 0001:0009E0D1   427 0001:0009E0EB
   428 0001:0009E109   430 0001:0009E10E   433 0001:0009E138   434 0001:0009E13A
   438 0001:0009E145   439 0001:0009E152   443 0001:0009E15D   444 0001:0009E17B
   445 0001:0009E19D   446 0001:0009E1B3   450 0001:0009E1B8   451 0001:0009E1D6
   452 0001:0009E1F8   453 0001:0009E225   457 0001:0009E227   458 0001:0009E239
   459 0001:0009E23F   461 0001:0009E270   462 0001:0009E295   463 0001:0009E2A3
   465 0001:0009E2AF   467 0001:0009E2CA   468 0001:0009E2D1   469 0001:0009E318
   471 0001:0009E3B6   472 0001:0009E3C6   475 0001:0009E3CE   477 0001:0009E466
   478 0001:0009E46C   479 0001:0009E4A7   480 0001:0009E50B   481 0001:0009E534
   482 0001:0009E537   483 0001:0009E53B   484 0001:0009E550   486 0001:0009E566
   488 0001:0009E571   491 0001:0009E57A   492 0001:0009E5B2   493 0001:0009E5B5
   496 0001:0009E5C5   497 0001:0009E5C9   502 0001:0009E5D9   503 0001:0009E5E0
   504 0001:0009E633   505 0001:0009E640   506 0001:0009E650   509 0001:0009E655
   510 0001:0009E659   513 0001:0009E666   464 0001:0009E669   516 0001:0009E684
   517 0001:0009E68F   520 0001:0009E800   521 0001:0009E815   522 0001:0009E81E
   523 0001:0009E828   525 0001:0009E833   529 0001:0009E83D   532 0001:0009E85C
   533 0001:0009E86A   534 0001:0009E881   535 0001:0009E88D   540 0001:0009E89C
   541 0001:0009E8A6   542 0001:0009E8AF   543 0001:0009E8C2   544 0001:0009E8C6
   546 0001:0009E8FD   548 0001:0009E90D   549 0001:0009E91B   552 0001:0009E929
   543 0001:0009E92A   554 0001:0009E92E   558 0001:0009E944   559 0001:0009E94E
   562 0001:0009E950   563 0001:0009E959   564 0001:0009E978   565 0001:0009E983
   568 0001:0009EA54   569 0001:0009EA5A   570 0001:0009EA79   571 0001:0009EA82
   574 0001:0009EB54   575 0001:0009EB5A   576 0001:0009EB79   577 0001:0009EB82
   580 0001:0009EC54   581 0001:0009EC5A   582 0001:0009EC79   583 0001:0009EC80
   586 0001:0009ED50   587 0001:0009ED59   588 0001:0009ED78   589 0001:0009ED9B
   590 0001:0009EDA9   593 0001:0009EEC4   594 0001:0009EECD   595 0001:0009EEEC
   596 0001:0009EF0F   597 0001:0009EF17   600 0001:0009F030   601 0001:0009F03C
   602 0001:0009F05B   603 0001:0009F06F   604 0001:0009F08A   605 0001:0009F0AB
   608 0001:0009F17C   609 0001:0009F185   610 0001:0009F197   613 0001:0009F19C
   614 0001:0009F1A5   615 0001:0009F1B6   620 0001:0009F1BC   621 0001:0009F1C5
   622 0001:0009F1CC   623 0001:0009F1D9   624 0001:0009F1E8   625 0001:0009F1F4
   626 0001:0009F200   627 0001:0009F22F   629 0001:0009F235   630 0001:0009F23B
   631 0001:0009F247   630 0001:0009F24C   632 0001:0009F24F   633 0001:0009F255
   634 0001:0009F260   636 0001:0009F26F   641 0001:0009F27C   642 0001:0009F285
   643 0001:0009F28C   644 0001:0009F299   645 0001:0009F2A8   646 0001:0009F2B4
   647 0001:0009F2C0   648 0001:0009F2D7   649 0001:0009F304   651 0001:0009F310
   652 0001:0009F316   653 0001:0009F320   652 0001:0009F325   654 0001:0009F328
   655 0001:0009F32E   656 0001:0009F339   658 0001:0009F348   661 0001:0009F354
   662 0001:0009F35D   663 0001:0009F371   666 0001:0009F378   667 0001:0009F383
   669 0001:0009F3A2   671 0001:0009F3AB   673 0001:0009F3BC   674 0001:0009F3D6
   675 0001:0009F3EE   677 0001:0009F3FC   678 0001:0009F41E   680 0001:0009F440
   681 0001:0009F447   682 0001:0009F44F   685 0001:0009F524   686 0001:0009F53B
   687 0001:0009F546   689 0001:0009F548   690 0001:0009F552   692 0001:0009F55F
   693 0001:0009F561   696 0001:0009F588   697 0001:0009F592   698 0001:0009F59B
   700 0001:0009F5A2   704 0001:0009F5AC   705 0001:0009F5B9   706 0001:0009F5C6
   707 0001:0009F5D3   708 0001:0009F5E0   709 0001:0009F5ED   710 0001:0009F5FD
   711 0001:0009F60D   713 0001:0009F614   716 0001:0009F618   717 0001:0009F621
   718 0001:0009F62D   719 0001:0009F637   721 0001:0009F63E   725 0001:0009F644
   726 0001:0009F651   728 0001:0009F654   731 0001:0009F658   732 0001:0009F659
   733 0001:0009F67B   734 0001:0009F67E   737 0001:0009F680   738 0001:0009F689
   739 0001:0009F693   740 0001:0009F6A0   741 0001:0009F6A7   742 0001:0009F6B6
   743 0001:0009F6C7   748 0001:0009F6CC   749 0001:0009F6F7   750 0001:0009F711
   752 0001:0009F73D   753 0001:0009F742   755 0001:0009F749   756 0001:0009F778
   757 0001:0009F77B   758 0001:0009F78D   759 0001:0009F7A6   761 0001:0009F7CF
   768 0001:0009F8A0   769 0001:0009F8CC   770 0001:0009F8E6   773 0001:0009F911
   774 0001:0009F919   775 0001:0009F91F   776 0001:0009F920   777 0001:0009F925
   779 0001:0009F92C   781 0001:0009F932   783 0001:0009F942   784 0001:0009F946
   785 0001:0009F977   786 0001:0009F986   791 0001:0009F9B1   792 0001:0009F9E0
   793 0001:0009F9E3   794 0001:0009F9EE   796 0001:0009FA17   797 0001:0009FA29
   798 0001:0009FA42   800 0001:0009FA6B   803 0001:0009FB70   804 0001:0009FB73
   805 0001:0009FB7A   810 0001:0009FB7C   811 0001:0009FB93   812 0001:0009FB9C
   813 0001:0009FBA3   814 0001:0009FBC5   815 0001:0009FBD3   814 0001:0009FBF1
   816 0001:0009FBF6   818 0001:0009FBFD   823 0001:0009FC20   824 0001:0009FC3A
   825 0001:0009FC47   826 0001:0009FC5D   827 0001:0009FC63   828 0001:0009FCA2
   829 0001:0009FCA6   963 0001:0009FD14

Line numbers for ZLibExApi(ZLibExApi.pas) segment .text

   308 0001:000A25E4   309 0001:000A25E7   310 0001:000A25F0   313 0001:000A25F4
   314 0001:000A25F7   315 0001:000A25FE   320 0001:000A2600   321 0001:000A2607
   323 0001:000A2615   324 0001:000A2617   327 0001:000A261C   328 0001:000A261F
   329 0001:000A262D   334 0001:000A2630   335 0001:000A2635

Line numbers for ZLibExApi(ZLibExApi.pas) segment .itext

   338 0002:000008BC

Line numbers for ZLibEx(ZLibEx.pas) segment .text

   710 0001:000A7B40   711 0001:000A7B46   712 0001:000A7B48   714 0001:000A7B4C
   716 0001:000A7B61   749 0001:000A7B64   750 0001:000A7B67   751 0001:000A7B76
  1692 0001:000A7B78  1693 0001:000A7B90  1695 0001:000A7B99  1696 0001:000A7B9C
  1697 0001:000A7BA9  1709 0001:000A7BC8  1710 0001:000A7BD4  1712 0001:000A7BF4
  1714 0001:000A7C02  1715 0001:000A7C11  1736 0001:000A7C18  1737 0001:000A7C24
  1739 0001:000A7C44  1741 0001:000A7C50  1742 0001:000A7C5F  1745 0001:000A7C64
  1746 0001:000A7C68  1747 0001:000A7C79  1750 0001:000A7C7C  1751 0001:000A7C82
  1752 0001:000A7C90  1755 0001:000A7C9C  1756 0001:000A7CA2  1757 0001:000A7CB0
  1758 0001:000A7CBE  1764 0001:000A7CC4  1765 0001:000A7CDA  1767 0001:000A7CE3
  1768 0001:000A7CE9  1770 0001:000A7CF0  1771 0001:000A7D12  1776 0001:000A7D34
  1777 0001:000A7D4A  1779 0001:000A7D53  1780 0001:000A7D59  1782 0001:000A7D60
  1784 0001:000A7D9C  1787 0001:000A7DBC  1788 0001:000A7DCD  1789 0001:000A7DD5
  1791 0001:000A7DDD  1794 0001:000A7DED  1796 0001:000A7E06  1797 0001:000A7E12
  1792 0001:000A7E1C  1800 0001:000A7E31  1802 0001:000A7E3E  1805 0001:000A7E60
  1808 0001:000A7E73  1809 0001:000A7E82  1812 0001:000A7E94  1813 0001:000A7E97
  1814 0001:000A7EAD  1819 0001:000A7EF4  1820 0001:000A7F02  1822 0001:000A7F08
  1823 0001:000A7F0B  1827 0001:000A7F16  1829 0001:000A7F34  1831 0001:000A7F3A
  1833 0001:000A7F4C  1835 0001:000A7F55  1836 0001:000A7F5B  1838 0001:000A7F62
  1842 0001:000A7F6F  1844 0001:000A7F8E  1846 0001:000A7F97  1825 0001:000A7F9C
  1850 0001:000A7FA6  1853 0001:000A7FB0  1854 0001:000A7FB3  1856 0001:000A7FBD
  1858 0001:000A7FC2  1859 0001:000A7FD8  1862 0001:000A8020  1863 0001:000A8023
  1864 0001:000A8031  1865 0001:000A8062  2222 0001:000A8074  2223 0001:000A808C
  2225 0001:000A80A5  2226 0001:000A80A8  2229 0001:000A80C8  2230 0001:000A80DD
  2231 0001:000A80F4  2233 0001:000A8118

Line numbers for ZLibExGZ(ZLibExGZ.pas) segment .text

  1092 0001:000A8430  1094 0001:000A846E  1096 0001:000A8481  1097 0001:000A848F
  1098 0001:000A849D  1100 0001:000A84AF  1102 0001:000A84BE  1103 0001:000A84C2
  1104 0001:000A84C6  1106 0001:000A84CA  1108 0001:000A84F6  1109 0001:000A84FA
  1111 0001:000A84FE  1113 0001:000A8502  1114 0001:000A8532  1116 0001:000A8562
  1118 0001:000A8571  1120 0001:000A8584  1122 0001:000A8597  1125 0001:000A85F5
  1127 0001:000A8608  1129 0001:000A861B  1132 0001:000A8679  1133 0001:000A868B
  1136 0001:000A86F4  1137 0001:000A8709  1138 0001:000A871A  1141 0001:000A8738
  1142 0001:000A8746  1144 0001:000A8752  1145 0001:000A8764  1148 0001:000A8774
  1149 0001:000A8782  1151 0001:000A8790  1152 0001:000A87A5  1153 0001:000A87AB
  1260 0001:000A87B3

Line numbers for Unit_DBackUP(Unit_DBackUP.pas) segment .text

   136 0001:000A9DC4   138 0001:000A9DDA   139 0001:000A9DE1   140 0001:000A9DF2
   148 0001:000A9E05   149 0001:000A9E12   151 0001:000A9E21   154 0001:000A9E40
   155 0001:000A9E4E   156 0001:000A9E5A   157 0001:000A9E61   158 0001:000A9E66
   159 0001:000A9E6D   160 0001:000A9E72   161 0001:000A9E78   163 0001:000A9E88
   166 0001:000A9E8D   169 0001:000A9E9C   170 0001:000A9EA5   172 0001:000A9EAF
   182 0001:000A9EC9   185 0001:000A9FBC   186 0001:000A9FD4   187 0001:000A9FE2
   189 0001:000A9FE4   195 0001:000A9FFA   197 0001:000AA013   199 0001:000AA01A
   204 0001:000AA040   205 0001:000AA075   207 0001:000AA078   208 0001:000AA07F
   209 0001:000AA08B   210 0001:000AA09C   211 0001:000AA0A9   213 0001:000AA0BF
   214 0001:000AA0C5   216 0001:000AA0D5   217 0001:000AA0F5   211 0001:000AA0FB
   218 0001:000AA100   219 0001:000AA111   220 0001:000AA118   221 0001:000AA124
   223 0001:000AA12C   224 0001:000AA14A   225 0001:000AA163   226 0001:000AA180
   228 0001:000AA187   231 0001:000AA195   233 0001:000AA1AA   234 0001:000AA1D4
   231 0001:000AA1DA   236 0001:000AA1DD   237 0001:000AA1E4   228 0001:000AA1E7
   241 0001:000AA1EC   257 0001:000AA28C   258 0001:000AA2AE   259 0001:000AA2B7
   260 0001:000AA2C1   262 0001:000AA2C9   263 0001:000AA2D6   264 0001:000AA2E8
   266 0001:000AA2FE   260 0001:000AA2FF   267 0001:000AA302   269 0001:000AA320
   273 0001:000AA354   274 0001:000AA371   275 0001:000AA38A   276 0001:000AA3A3
   277 0001:000AA3DC   278 0001:000AA3F5   279 0001:000AA40E   280 0001:000AA447
   282 0001:000AA49B   283 0001:000AA4BF   284 0001:000AA4E9   286 0001:000AA4F8
   287 0001:000AA530   284 0001:000AA531   289 0001:000AA534   291 0001:000AA660
   295 0001:000AA68D   296 0001:000AA69B   297 0001:000AA69F   299 0001:000AA6A5
   300 0001:000AA6AC   302 0001:000AA6B8   303 0001:000AA6C5   304 0001:000AA6D2
   305 0001:000AA6DD   306 0001:000AA6EA   307 0001:000AA6F7   309 0001:000AA706
   310 0001:000AA70D   311 0001:000AA71A   313 0001:000AA720   314 0001:000AA724
   316 0001:000AA731   318 0001:000AA758   320 0001:000AA77F   321 0001:000AA783
   324 0001:000AA790   326 0001:000AA7C0   330 0001:000AA830   331 0001:000AA834
   334 0001:000AA841   336 0001:000AA871   340 0001:000AA8F2   341 0001:000AA8F6
   344 0001:000AA903   345 0001:000AA91D   346 0001:000AA924   348 0001:000AA932
   349 0001:000AA95A   350 0001:000AA961   346 0001:000AA962   351 0001:000AA967
   352 0001:000AA96E   353 0001:000AA97A   356 0001:000AA98C   360 0001:000AA994
   361 0001:000AA9A5   362 0001:000AA9B6   365 0001:000AA9C7   367 0001:000AA9E1
   369 0001:000AAA06   370 0001:000AAA13   371 0001:000AAA1D   372 0001:000AAA2A
   373 0001:000AAA37   374 0001:000AAA44   375 0001:000AAA51   376 0001:000AAA5E
   378 0001:000AAA88   379 0001:000AAA97   365 0001:000AAA9A   382 0001:000AAAA3
   384 0001:000AAAC8   385 0001:000AAAD5   386 0001:000AAAE0   387 0001:000AAAED
   390 0001:000AAAFC   392 0001:000AAB21   393 0001:000AAB2E   394 0001:000AAB39
   395 0001:000AAB46   398 0001:000AAB55   400 0001:000AAB7A   402 0001:000AAB87
   403 0001:000AAB94   404 0001:000AABA1   405 0001:000AABAC   406 0001:000AABB9
   407 0001:000AABC6   410 0001:000AABD5   412 0001:000AABFA   413 0001:000AAC07
   414 0001:000AAC14   415 0001:000AAC21   416 0001:000AAC2C   417 0001:000AAC39
   418 0001:000AAC46   420 0001:000AAC53   421 0001:000AAC60   422 0001:000AAC6B
   423 0001:000AAC78   424 0001:000AAC85   425 0001:000AAC92   426 0001:000AAC9F
   427 0001:000AACAC   428 0001:000AACB9   429 0001:000AACC6   430 0001:000AACD3
   431 0001:000AACDE   432 0001:000AACEB   433 0001:000AACF8   434 0001:000AAD05
   435 0001:000AAD12   436 0001:000AAD1F   437 0001:000AAD2C   438 0001:000AAD39
   439 0001:000AAD46   440 0001:000AAD51   441 0001:000AAD5E   442 0001:000AAD6B
   443 0001:000AAD78   444 0001:000AAD85   445 0001:000AAD92   446 0001:000AAD9F
   449 0001:000AADAE   451 0001:000AADD3   452 0001:000AADE0   453 0001:000AADED
   454 0001:000AADF8   455 0001:000AAE05   456 0001:000AAE12   457 0001:000AAE1F
   460 0001:000AAE2E   462 0001:000AAE53   463 0001:000AAE60   464 0001:000AAE6D
   465 0001:000AAE78   466 0001:000AAE85   467 0001:000AAE92   469 0001:000AAE9F
   472 0001:000AAEAE   474 0001:000AAED3   475 0001:000AAEE0   476 0001:000AAEED
   477 0001:000AAEF8   478 0001:000AAF05   479 0001:000AAF12   481 0001:000AAF1F
   484 0001:000AAF2E   486 0001:000AAF53   487 0001:000AAF60   488 0001:000AAF6D
   489 0001:000AAF78   490 0001:000AAF85   491 0001:000AAF92   492 0001:000AAF9F
   495 0001:000AAFAE   497 0001:000AAFD3   498 0001:000AAFE0   499 0001:000AAFED
   500 0001:000AAFF8   501 0001:000AB005   502 0001:000AB012   504 0001:000AB01F
   507 0001:000AB02E   508 0001:000AB03F   509 0001:000AB064   510 0001:000AB071
   511 0001:000AB07E   512 0001:000AB0A1   513 0001:000AB0AE   514 0001:000AB0BB
   515 0001:000AB0C8   516 0001:000AB0F0   517 0001:000AB0FD   518 0001:000AB10A
   519 0001:000AB117   520 0001:000AB124   521 0001:000AB133   522 0001:000AB142
   523 0001:000AB153   524 0001:000AB164   525 0001:000AB173   526 0001:000AB185
   527 0001:000AB1A2   528 0001:000AB1B1   529 0001:000AB1D9   530 0001:000AB1E8
   531 0001:000AB1FB   532 0001:000AB208   533 0001:000AB217   536 0001:000AB228
   538 0001:000AB242   540 0001:000AB267   541 0001:000AB274   542 0001:000AB27E
   543 0001:000AB28B   544 0001:000AB298   545 0001:000AB2A5   546 0001:000AB2B2
   547 0001:000AB2BF   549 0001:000AB2E9   550 0001:000AB2F8   536 0001:000AB2FB
   557 0001:000AB309   558 0001:000AB31A   559 0001:000AB33F   560 0001:000AB34C
   561 0001:000AB359   562 0001:000AB37C   563 0001:000AB389   564 0001:000AB396
   565 0001:000AB3A3   566 0001:000AB3CB   567 0001:000AB3D8   568 0001:000AB3E5
   569 0001:000AB3F2   570 0001:000AB3FF   571 0001:000AB40E   572 0001:000AB41D
   573 0001:000AB42E   574 0001:000AB43F   575 0001:000AB44E   576 0001:000AB460
   577 0001:000AB47D   578 0001:000AB48C   579 0001:000AB4B4   580 0001:000AB4C3
   581 0001:000AB4D6   582 0001:000AB4E3   587 0001:000AB4F2   353 0001:000AB4F3
   588 0001:000AB4FC   589 0001:000AB523   591 0001:000AB52A   592 0001:000AB538
   594 0001:000AB572   596 0001:000AB5AF   597 0001:000AB5C1   598 0001:000AB5CA
   599 0001:000AB5D4   601 0001:000AB5F1   602 0001:000AB5F9   603 0001:000AB601
   608 0001:000AB611   610 0001:000AB647   614 0001:000AB6C8   615 0001:000AB6CC
   618 0001:000AB6D9   619 0001:000AB6E1   620 0001:000AB6E8   623 0001:000AB723
   624 0001:000AB727   633 0001:000AB731   634 0001:000AB763   637 0001:000AB7A0
   639 0001:000AB7A9   642 0001:000ACB10   643 0001:000ACB19   644 0001:000ACB23
   647 0001:000ACB28   648 0001:000ACB2E   649 0001:000ACB36   650 0001:000ACB43
   651 0001:000ACB50   652 0001:000ACB5D   653 0001:000ACB6A   654 0001:000ACB77
   655 0001:000ACB84   661 0001:000ACB91   662 0001:000ACB9E   663 0001:000ACBAB
   664 0001:000ACBB8   665 0001:000ACBC5   666 0001:000ACBD2   667 0001:000ACBDF
   668 0001:000ACBEC   669 0001:000ACBF9   670 0001:000ACC06   671 0001:000ACC13
   672 0001:000ACC20   678 0001:000ACE50   679 0001:000ACE80   680 0001:000ACE82
   681 0001:000ACE8C   686 0001:000ACE90   687 0001:000ACE9E   689 0001:000ACEA9
   691 0001:000ACEB3   692 0001:000ACEBE   693 0001:000ACEE4   689 0001:000ACEE5
   694 0001:000ACEE8   696 0001:000ACEF3   698 0001:000ACEFD   704 0001:000ACF30
   705 0001:000ACF54   707 0001:000ACF57   708 0001:000ACF5E   709 0001:000ACF6A
   710 0001:000ACF7C   711 0001:000ACF83   712 0001:000ACF97   713 0001:000ACFA3
   714 0001:000ACFAA   715 0001:000ACFB6   716 0001:000ACFBB   718 0001:000ACFED
   719 0001:000AD01D   720 0001:000AD024   721 0001:000AD03B   723 0001:000AD042
   728 0001:000AD0C0   729 0001:000AD0E6   731 0001:000AD0E8   734 0001:000AD0EC
   735 0001:000AD0ED   743 0001:000AD157   744 0001:000AD158   749 0001:000AD1C0
   750 0001:000AD1C8   751 0001:000AD1CC   752 0001:000AD1FC   755 0001:000AD238
   756 0001:000AD266   757 0001:000AD268   758 0001:000AD276   759 0001:000AD2A8
   761 0001:000AD2B6   763 0001:000AD2C8   765 0001:000AD2D6   767 0001:000AD2E6
   768 0001:000AD2EA   770 0001:000AD305   772 0001:000AD30C   776 0001:000AD364
   777 0001:000AD36A   778 0001:000AD36C   779 0001:000AD37A   781 0001:000AD390
   783 0001:000AD397   792 0001:000AD3A0   794 0001:000AD3DE   796 0001:000AD3E9
   797 0001:000AD412   798 0001:000AD43A   799 0001:000AD43D   800 0001:000AD450
   801 0001:000AD459   802 0001:000AD47D   803 0001:000AD487   804 0001:000AD495
   805 0001:000AD4A4   806 0001:000AD4B2   808 0001:000AD4D8   809 0001:000AD527
   810 0001:000AD532   812 0001:000AD542   813 0001:000AD5DE   815 0001:000AD5F7
   816 0001:000AD603   818 0001:000AD62A   806 0001:000AD64F   821 0001:000AD660
   823 0001:000AD67B   825 0001:000AD68B   830 0001:000AD754   831 0001:000AD771
   832 0001:000AD775   833 0001:000AD783   834 0001:000AD791   835 0001:000AD7A0
   836 0001:000AD7AC   837 0001:000AD7B6   838 0001:000AD7C0   841 0001:000AD7DC
   843 0001:000AD7FB   844 0001:000AD7FF   849 0001:000AD80E   851 0001:000AD83A
   853 0001:000AD84C   855 0001:000AD85C

Line numbers for Unit_DBackUP(Unit_DBackUP.pas) segment .itext

   859 0002:000008C4

Line numbers for DBSQL(DBSQL.dpr) segment .text

    20 0001:000AD994    21 0001:000AD997    22 0001:000AD9B4

Line numbers for DBSQL(DBSQL.dpr) segment .itext

    27 0002:000008CC    28 0002:000008DC

Bound resource files

d:\program files\embarcadero\rad studio\7.0\lib\character.res
DBSQL.res
DBSQL.drf


Program entry point at 0002:000008CC
