
 Start         Length     Name                   Class
 0001:00401000 000BCD40H .text                   CODE
 0002:004BE000 00000CE0H .itext                  ICODE
 0003:004BF000 00002620H .data                   DATA
 0004:004C2000 00005304H .bss                    BSS
 0005:00000000 0000003CH .tls                    TLS


Detailed map of segments

 0001:00000000 000090B9 C=CODE     S=.text    G=(none)   M=System   ACBP=A9
 0001:000090BC 0000010D C=CODE     S=.text    G=(none)   M=SysInit  ACBP=A9
 0001:000091CC 00000428 C=CODE     S=.text    G=(none)   M=Types    ACBP=A9
 0001:000095F4 00001A99 C=CODE     S=.text    G=(none)   M=Windows  ACBP=A9
 0001:0000B090 0000023D C=CODE     S=.text    G=(none)   M=Messages ACBP=A9
 0001:0000B2D0 00000192 C=CODE     S=.text    G=(none)   M=ActiveX  ACBP=A9
 0001:0000B464 000002AC C=CODE     S=.text    G=(none)   M=CommCtrl ACBP=A9
 0001:0000B710 00000340 C=CODE     S=.text    G=(none)   M=SysConst ACBP=A9
 0001:0000BA50 000001C8 C=CODE     S=.text    G=(none)   M=RTLConsts ACBP=A9
 0001:0000BC18 00000230 C=CODE     S=.text    G=(none)   M=Character ACBP=A9
 0001:0000BE48 00000155 C=CODE     S=.text    G=(none)   M=StrUtils ACBP=A9
 0001:0000BFA0 0001015B C=CODE     S=.text    G=(none)   M=SysUtils ACBP=A9
 0001:0001C0FC 000007D3 C=CODE     S=.text    G=(none)   M=VarUtils ACBP=A9
 0001:0001C8D0 0000818C C=CODE     S=.text    G=(none)   M=Variants ACBP=A9
 0001:00024A5C 0000180B C=CODE     S=.text    G=(none)   M=TypInfo  ACBP=A9
 0001:00026268 00019E5C C=CODE     S=.text    G=(none)   M=Classes  ACBP=A9
 0001:000400C4 000002B0 C=CODE     S=.text    G=(none)   M=TimeSpan ACBP=A9
 0001:00040374 000014EB C=CODE     S=.text    G=(none)   M=SyncObjs ACBP=A9
 0001:00041860 00000D46 C=CODE     S=.text    G=(none)   M=UxTheme  ACBP=A9
 0001:000425A8 0000005B C=CODE     S=.text    G=(none)   M=Dwmapi   ACBP=A9
 0001:00042604 0000038D C=CODE     S=.text    G=(none)   M=Contnrs  ACBP=A9
 0001:00042994 00001FDE C=CODE     S=.text    G=(none)   M=HelpIntfs ACBP=A9
 0001:00044974 0000086B C=CODE     S=.text    G=(none)   M=MultiMon ACBP=A9
 0001:000451E0 00000094 C=CODE     S=.text    G=(none)   M=Wincodec ACBP=A9
 0001:00045274 00000368 C=CODE     S=.text    G=(none)   M=Consts   ACBP=A9
 0001:000455DC 00000384 C=CODE     S=.text    G=(none)   M=DateUtils ACBP=A9
 0001:00045960 000000FC C=CODE     S=.text    G=(none)   M=IOUtils  ACBP=A9
 0001:00045A5C 0000007F C=CODE     S=.text    G=(none)   M=IniFiles ACBP=A9
 0001:00045ADC 000030A2 C=CODE     S=.text    G=(none)   M=Registry ACBP=A9
 0001:00048B80 00011AC4 C=CODE     S=.text    G=(none)   M=Graphics ACBP=A9
 0001:0005A644 0000178A C=CODE     S=.text    G=(none)   M=GraphUtil ACBP=A9
 0001:0005BDD0 00004468 C=CODE     S=.text    G=(none)   M=StdCtrls ACBP=A9
 0001:00060238 00000026 C=CODE     S=.text    G=(none)   M=WinSpool ACBP=A9
 0001:00060260 00001DDB C=CODE     S=.text    G=(none)   M=Printers ACBP=A9
 0001:0006203C 00000047 C=CODE     S=.text    G=(none)   M=WideStrUtils ACBP=A9
 0001:00062084 00000013 C=CODE     S=.text    G=(none)   M=Clipbrd  ACBP=A9
 0001:00062098 00001483 C=CODE     S=.text    G=(none)   M=ExtCtrls ACBP=A9
 0001:0006351C 00000461 C=CODE     S=.text    G=(none)   M=ComCtrls ACBP=A9
 0001:00063980 0000521C C=CODE     S=.text    G=(none)   M=Dialogs  ACBP=A9
 0001:00068B9C 00000189 C=CODE     S=.text    G=(none)   M=StdActns ACBP=A9
 0001:00068D28 00000387 C=CODE     S=.text    G=(none)   M=FlatSB   ACBP=A9
 0001:000690B0 00009E75 C=CODE     S=.text    G=(none)   M=Menus    ACBP=A9
 0001:00072F28 0001F888 C=CODE     S=.text    G=(none)   M=Controls ACBP=A9
 0001:000927B0 0000580E C=CODE     S=.text    G=(none)   M=Themes   ACBP=A9
 0001:00097FC0 00003961 C=CODE     S=.text    G=(none)   M=ImgList  ACBP=A9
 0001:0009B924 0000235F C=CODE     S=.text    G=(none)   M=ActnList ACBP=A9
 0001:0009DC84 000156B5 C=CODE     S=.text    G=(none)   M=Forms    ACBP=A9
 0001:000B333C 0000009A C=CODE     S=.text    G=(none)   M=WinSvc   ACBP=A9
 0001:000B33D8 000033BE C=CODE     S=.text    G=(none)   M=SvcMgr   ACBP=A9
 0001:000B6798 00000056 C=CODE     S=.text    G=(none)   M=_Int_DLL ACBP=A9
 0001:000B67F0 00001894 C=CODE     S=.text    G=(none)   M=ServMain ACBP=A9
 0001:000B8084 00004CBA C=CODE     S=.text    G=(none)   M=T3BackUp ACBP=A9
 0002:00000000 000000AA C=ICODE    S=.itext   G=(none)   M=System   ACBP=A9
 0002:000000AC 00000016 C=ICODE    S=.itext   G=(none)   M=Windows  ACBP=A9
 0002:000000C4 000000B4 C=ICODE    S=.itext   G=(none)   M=SysUtils ACBP=A9
 0002:00000178 0000000F C=ICODE    S=.itext   G=(none)   M=VarUtils ACBP=A9
 0002:00000188 000000AA C=ICODE    S=.itext   G=(none)   M=Variants ACBP=A9
 0002:00000234 00000008 C=ICODE    S=.itext   G=(none)   M=TypInfo  ACBP=A9
 0002:0000023C 0000009D C=ICODE    S=.itext   G=(none)   M=Classes  ACBP=A9
 0002:000002DC 00000032 C=ICODE    S=.itext   G=(none)   M=TimeSpan ACBP=A9
 0002:00000310 0000000F C=ICODE    S=.itext   G=(none)   M=SyncObjs ACBP=A9
 0002:00000320 0000001B C=ICODE    S=.itext   G=(none)   M=UxTheme  ACBP=A9
 0002:0000033C 00000008 C=ICODE    S=.itext   G=(none)   M=HelpIntfs ACBP=A9
 0002:00000344 0000000F C=ICODE    S=.itext   G=(none)   M=MultiMon ACBP=A9
 0002:00000354 00000460 C=ICODE    S=.itext   G=(none)   M=IOUtils  ACBP=A9
 0002:000007B4 00000008 C=ICODE    S=.itext   G=(none)   M=IniFiles ACBP=A9
 0002:000007BC 00000008 C=ICODE    S=.itext   G=(none)   M=Registry ACBP=A9
 0002:000007C4 000000FB C=ICODE    S=.itext   G=(none)   M=Graphics ACBP=A9
 0002:000008C0 00000086 C=ICODE    S=.itext   G=(none)   M=GraphUtil ACBP=A9
 0002:00000948 00000008 C=ICODE    S=.itext   G=(none)   M=Printers ACBP=A9
 0002:00000950 00000078 C=ICODE    S=.itext   G=(none)   M=Clipbrd  ACBP=A9
 0002:000009C8 00000054 C=ICODE    S=.itext   G=(none)   M=ExtCtrls ACBP=A9
 0002:00000A1C 00000039 C=ICODE    S=.itext   G=(none)   M=ComCtrls ACBP=A9
 0002:00000A58 0000003D C=ICODE    S=.itext   G=(none)   M=Dialogs  ACBP=A9
 0002:00000A98 0000000F C=ICODE    S=.itext   G=(none)   M=FlatSB   ACBP=A9
 0002:00000AA8 00000085 C=ICODE    S=.itext   G=(none)   M=Menus    ACBP=A9
 0002:00000B30 00000088 C=ICODE    S=.itext   G=(none)   M=Controls ACBP=A9
 0002:00000BB8 00000008 C=ICODE    S=.itext   G=(none)   M=Themes   ACBP=A9
 0002:00000BC0 0000002A C=ICODE    S=.itext   G=(none)   M=ActnList ACBP=A9
 0002:00000BEC 0000005C C=ICODE    S=.itext   G=(none)   M=Forms    ACBP=A9
 0002:00000C48 00000019 C=ICODE    S=.itext   G=(none)   M=SvcMgr   ACBP=A9
 0002:00000C64 0000007C C=ICODE    S=.itext   G=(none)   M=T3BackUp ACBP=A9
 0003:00000000 000009F4 C=DATA     S=.data    G=DGROUP   M=System   ACBP=A9
 0003:000009F4 00000024 C=DATA     S=.data    G=DGROUP   M=SysInit  ACBP=A9
 0003:00000A18 0000000C C=DATA     S=.data    G=DGROUP   M=Windows  ACBP=A9
 0003:00000A24 00000010 C=DATA     S=.data    G=DGROUP   M=ActiveX  ACBP=A9
 0003:00000A34 00000100 C=DATA     S=.data    G=DGROUP   M=Character ACBP=A9
 0003:00000B34 000002E0 C=DATA     S=.data    G=DGROUP   M=SysUtils ACBP=A9
 0003:00000E14 00000008 C=DATA     S=.data    G=DGROUP   M=VarUtils ACBP=A9
 0003:00000E1C 00000152 C=DATA     S=.data    G=DGROUP   M=Variants ACBP=A9
 0003:00000F70 0000000C C=DATA     S=.data    G=DGROUP   M=TypInfo  ACBP=A9
 0003:00000F7C 000000A4 C=DATA     S=.data    G=DGROUP   M=Classes  ACBP=A9
 0003:00001020 00000090 C=DATA     S=.data    G=DGROUP   M=Wincodec ACBP=A9
 0003:000010B0 00000010 C=DATA     S=.data    G=DGROUP   M=IOUtils  ACBP=A9
 0003:000010C0 0000000C C=DATA     S=.data    G=DGROUP   M=IniFiles ACBP=A9
 0003:000010CC 00000024 C=DATA     S=.data    G=DGROUP   M=Registry ACBP=A9
 0003:000010F0 000003C8 C=DATA     S=.data    G=DGROUP   M=Graphics ACBP=A9
 0003:000014B8 00000450 C=DATA     S=.data    G=DGROUP   M=GraphUtil ACBP=A9
 0003:00001908 0000006C C=DATA     S=.data    G=DGROUP   M=StdCtrls ACBP=A9
 0003:00001974 0000000C C=DATA     S=.data    G=DGROUP   M=Printers ACBP=A9
 0003:00001980 00000010 C=DATA     S=.data    G=DGROUP   M=ComCtrls ACBP=A9
 0003:00001990 00000198 C=DATA     S=.data    G=DGROUP   M=Dialogs  ACBP=A9
 0003:00001B28 00000144 C=DATA     S=.data    G=DGROUP   M=Menus    ACBP=A9
 0003:00001C6C 000001BC C=DATA     S=.data    G=DGROUP   M=Controls ACBP=A9
 0003:00001E28 00000068 C=DATA     S=.data    G=DGROUP   M=Themes   ACBP=A9
 0003:00001E90 00000048 C=DATA     S=.data    G=DGROUP   M=ImgList  ACBP=A9
 0003:00001ED8 00000144 C=DATA     S=.data    G=DGROUP   M=Forms    ACBP=A9
 0003:0000201C 00000069 C=DATA     S=.data    G=DGROUP   M=SvcMgr   ACBP=A9
 0004:00000000 00002C38 C=BSS      S=.bss     G=DGROUP   M=System   ACBP=A9
 0004:00002C38 0000000C C=BSS      S=.bss     G=DGROUP   M=SysInit  ACBP=A9
 0004:00002C44 00000008 C=BSS      S=.bss     G=DGROUP   M=Windows  ACBP=A9
 0004:00002C4C 0000000C C=BSS      S=.bss     G=DGROUP   M=CommCtrl ACBP=A9
 0004:00002C58 0000001C C=BSS      S=.bss     G=DGROUP   M=Character ACBP=A9
 0004:00002C74 00002240 C=BSS      S=.bss     G=DGROUP   M=SysUtils ACBP=A9
 0004:00004EB4 0000005C C=BSS      S=.bss     G=DGROUP   M=VarUtils ACBP=A9
 0004:00004F10 00000040 C=BSS      S=.bss     G=DGROUP   M=Variants ACBP=A9
 0004:00004F50 00000004 C=BSS      S=.bss     G=DGROUP   M=TypInfo  ACBP=A9
 0004:00004F54 00000048 C=BSS      S=.bss     G=DGROUP   M=Classes  ACBP=A9
 0004:00004F9C 00000014 C=BSS      S=.bss     G=DGROUP   M=TimeSpan ACBP=A9
 0004:00004FB0 00000018 C=BSS      S=.bss     G=DGROUP   M=SyncObjs ACBP=A9
 0004:00004FC8 000000CC C=BSS      S=.bss     G=DGROUP   M=UxTheme  ACBP=A9
 0004:00005094 00000008 C=BSS      S=.bss     G=DGROUP   M=HelpIntfs ACBP=A9
 0004:0000509C 00000031 C=BSS      S=.bss     G=DGROUP   M=MultiMon ACBP=A9
 0004:000050D0 00000024 C=BSS      S=.bss     G=DGROUP   M=IOUtils  ACBP=A9
 0004:000050F4 00000004 C=BSS      S=.bss     G=DGROUP   M=IniFiles ACBP=A9
 0004:000050F8 00000004 C=BSS      S=.bss     G=DGROUP   M=Registry ACBP=A9
 0004:000050FC 00000064 C=BSS      S=.bss     G=DGROUP   M=Graphics ACBP=A9
 0004:00005160 00000010 C=BSS      S=.bss     G=DGROUP   M=GraphUtil ACBP=A9
 0004:00005170 00000004 C=BSS      S=.bss     G=DGROUP   M=Printers ACBP=A9
 0004:00005174 0000000C C=BSS      S=.bss     G=DGROUP   M=Clipbrd  ACBP=A9
 0004:00005180 00000008 C=BSS      S=.bss     G=DGROUP   M=ExtCtrls ACBP=A9
 0004:00005188 00000010 C=BSS      S=.bss     G=DGROUP   M=ComCtrls ACBP=A9
 0004:00005198 0000003C C=BSS      S=.bss     G=DGROUP   M=Dialogs  ACBP=A9
 0004:000051D4 00000034 C=BSS      S=.bss     G=DGROUP   M=FlatSB   ACBP=A9
 0004:00005208 00000010 C=BSS      S=.bss     G=DGROUP   M=Menus    ACBP=A9
 0004:00005218 0000008C C=BSS      S=.bss     G=DGROUP   M=Controls ACBP=A9
 0004:000052A4 0000000C C=BSS      S=.bss     G=DGROUP   M=Themes   ACBP=A9
 0004:000052B0 00000008 C=BSS      S=.bss     G=DGROUP   M=ImgList  ACBP=A9
 0004:000052B8 00000004 C=BSS      S=.bss     G=DGROUP   M=ActnList ACBP=A9
 0004:000052BC 00000028 C=BSS      S=.bss     G=DGROUP   M=Forms    ACBP=A9
 0004:000052E4 00000004 C=BSS      S=.bss     G=DGROUP   M=SvcMgr   ACBP=A9
 0004:000052E8 00000019 C=BSS      S=.bss     G=DGROUP   M=ServMain ACBP=A9
 0005:00000000 00000008 C=TLS      S=.tls     G=(none)   M=System   ACBP=A9
 0005:00000008 0000000C C=TLS      S=.tls     G=(none)   M=Classes  ACBP=A9
 0005:00000014 00000004 C=TLS      S=.tls     G=(none)   M=SyncObjs ACBP=A9
 0005:00000018 00000024 C=TLS      S=.tls     G=(none)   M=GraphUtil ACBP=A9


  Address             Publics by Name

 0001:0000B43C       ActiveX.CoCreateInstance
 0001:0000B444       ActiveX.CoTaskMemAlloc
 0001:0000B44C       ActiveX.CoTaskMemFree
 0003:00000A24       ActiveX.GUID_NULL
 0001:0000B434       ActiveX.IsEqualGUID
 0001:0000B454       ActiveX.OleInitialize
 0001:0000B45C       ActiveX.OleUninitialize
 0004:000052B8       ActnList..9
 0001:0009CB0C       ActnList..TActionLink
 0001:0009BC2C       ActnList..TActionListEnumerator
 0001:0009B924       ActnList..TContainedAction
 0001:0009C4D8       ActnList..TCustomAction
 0001:0009BE9C       ActnList..TCustomActionList
 0001:0009C2B0       ActnList..TShortCutList
 0002:00000BC0       ActnList.ActnList
 0001:0009DC7C       ActnList.Finalization
 0001:0009D2C4       ActnList.TActionLink.IsCaptionLinked
 0001:0009D2D8       ActnList.TActionLink.IsCheckedLinked
 0001:0009D2EC       ActnList.TActionLink.IsEnabledLinked
 0001:0009D300       ActnList.TActionLink.IsGroupIndexLinked
 0001:0009D314       ActnList.TActionLink.IsHelpContextLinked
 0001:0009D328       ActnList.TActionLink.IsHelpLinked
 0001:0009D33C       ActnList.TActionLink.IsHintLinked
 0001:0009D350       ActnList.TActionLink.IsImageIndexLinked
 0001:0009D364       ActnList.TActionLink.IsShortCutLinked
 0001:0009D378       ActnList.TActionLink.IsVisibleLinked
 0001:0009D38C       ActnList.TActionLink.SetAutoCheck
 0001:0009D390       ActnList.TActionLink.SetCaption
 0001:0009D394       ActnList.TActionLink.SetChecked
 0001:0009D398       ActnList.TActionLink.SetEnabled
 0001:0009D39C       ActnList.TActionLink.SetGroupIndex
 0001:0009D3A0       ActnList.TActionLink.SetHelpContext
 0001:0009D3A4       ActnList.TActionLink.SetHelpKeyword
 0001:0009D3A8       ActnList.TActionLink.SetHelpType
 0001:0009D3AC       ActnList.TActionLink.SetHint
 0001:0009D3B0       ActnList.TActionLink.SetImageIndex
 0001:0009D3B4       ActnList.TActionLink.SetShortCut
 0001:0009D3B8       ActnList.TActionLink.SetVisible
 0001:0009CE28       ActnList.TActionListEnumerator.Create
 0001:0009CE6C       ActnList.TActionListEnumerator.GetCurrent
 0001:0009CE78       ActnList.TActionListEnumerator.MoveNext
 0001:0009CC14       ActnList.TContainedAction.Destroy
 0001:0009CD80       ActnList.TContainedAction.Execute
 0001:0009CC48       ActnList.TContainedAction.GetIndex
 0001:0009CC64       ActnList.TContainedAction.GetParentComponent
 0001:0009CC74       ActnList.TContainedAction.HasParent
 0001:0009CC60       ActnList.TContainedAction.IsCategoryStored
 0001:0009CC84       ActnList.TContainedAction.ReadState
 0001:0009CD2C       ActnList.TContainedAction.SetActionList
 0001:0009CD00       ActnList.TContainedAction.SetCategory
 0001:0009CCB8       ActnList.TContainedAction.SetIndex
 0001:0009CD54       ActnList.TContainedAction.SetParentComponent
 0001:0009CDD8       ActnList.TContainedAction.Update
 0001:0009D468       ActnList.TCustomAction.AssignTo
 0001:0009D3BC       ActnList.TCustomAction.Create
 0001:0009D410       ActnList.TCustomAction.Destroy
 0001:0009DAF4       ActnList.TCustomAction.DoHint
 0001:0009DB1C       ActnList.TCustomAction.Execute
 0001:0009DB80       ActnList.TCustomAction.GetSecondaryShortCuts
 0001:0009DC00       ActnList.TCustomAction.HandleShortCut
 0001:0009DBDC       ActnList.TCustomAction.IsSecondaryShortCutsStored
 0001:0009D574       ActnList.TCustomAction.SetAutoCheck
 0001:0009D5D4       ActnList.TCustomAction.SetCaption
 0001:0009D634       ActnList.TCustomAction.SetChecked
 0001:0009D73C       ActnList.TCustomAction.SetEnabled
 0001:0009D7B8       ActnList.TCustomAction.SetGroupIndex
 0001:0009D8D0       ActnList.TCustomAction.SetHelpContext
 0001:0009D868       ActnList.TCustomAction.SetHelpKeyword
 0001:0009D810       ActnList.TCustomAction.SetHelpType
 0001:0009D928       ActnList.TCustomAction.SetHint
 0001:0009D988       ActnList.TCustomAction.SetImageIndex
 0001:0009DAA8       ActnList.TCustomAction.SetName
 0001:0009DBA8       ActnList.TCustomAction.SetSecondaryShortCuts
 0001:0009D9E4       ActnList.TCustomAction.SetShortCut
 0001:0009DA48       ActnList.TCustomAction.SetVisible
 0001:0009D08C       ActnList.TCustomActionList.AddAction
 0001:0009D0D4       ActnList.TCustomActionList.Change
 0001:0009CE94       ActnList.TCustomActionList.Create
 0001:0009CF00       ActnList.TCustomActionList.Destroy
 0001:0009D1E0       ActnList.TCustomActionList.ExecuteAction
 0001:0009CFD0       ActnList.TCustomActionList.GetAction
 0001:0009CFE4       ActnList.TCustomActionList.GetActionCount
 0001:0009CF58       ActnList.TCustomActionList.GetChildren
 0001:0009CFEC       ActnList.TCustomActionList.GetEnumerator
 0001:0009D030       ActnList.TCustomActionList.ImageListChange
 0001:0009D13C       ActnList.TCustomActionList.IsShortCut
 0001:0009D03C       ActnList.TCustomActionList.Notification
 0001:0009D0AC       ActnList.TCustomActionList.RemoveAction
 0001:0009CFA0       ActnList.TCustomActionList.SetChildOrder
 0001:0009CFFC       ActnList.TCustomActionList.SetImages
 0001:0009D220       ActnList.TCustomActionList.SetState
 0001:0009D200       ActnList.TCustomActionList.UpdateAction
 0001:0009DC0C       ActnList.TShortCutList.Add
 0001:0009DC38       ActnList.TShortCutList.IndexOfShortCut
 0004:00002C64       Character.CategoryTable
 0004:00002C5C       Character.CatIndexPrimary
 0004:00002C60       Character.CatIndexSecondary
 0004:00002C58       Character.DataTable
 0003:00000A34       Character.Latin1Categories
 0004:00002C70       Character.NumericValueTable
 0004:00002C68       Character.NumIndexPrimary
 0004:00002C6C       Character.NumIndexSecondary
 0001:0000BC18       Character.TCharacter.CheckLetter
 0001:0000BC24       Character.TCharacter.CheckLetterOrDigit
 0001:0000BD40       Character.TCharacter.GetUnicodeCategory
 0001:0000BDA0       Character.TCharacter.Initialize
 0001:0000BD34       Character.TCharacter.IsAscii
 0001:0000BC34       Character.TCharacter.IsLatin1
 0001:0000BC40       Character.TCharacter.IsLetter
 0001:0000BCCC       Character.TCharacter.IsLetterOrDigit
 0004:00004F64       Classes..66
 0001:00026B9C       Classes..EBitsError
 0001:00026934       Classes..EClassNotFound
 0001:00026CD4       Classes..EComponentError
 0001:0002663C       Classes..EFCreateError
 0001:00026770       Classes..EFilerError
 0001:00026540       Classes..EFileStreamError
 0001:000266D8       Classes..EFOpenError
 0001:000269D0       Classes..EInvalidImage
 0001:00026E14       Classes..EInvalidOperation
 0001:00026B08       Classes..EListError
 0001:00026D74       Classes..EOutOfResources
 0001:00026808       Classes..EReadError
 0001:00026A6C       Classes..EResNotFound
 0001:000264A4       Classes..EStreamError
 0001:00026C30       Classes..EStringListError
 0001:0002DE30       Classes..EThread
 0001:0002689C       Classes..EWriteError
 0001:0002F7D8       Classes..TBasicAction
 0001:0002F5BC       Classes..TBasicActionLink
 0001:00027BBC       Classes..TBits
 0001:0002B730       Classes..TClassFinder
 0001:00028440       Classes..TCollection
 0001:0002829C       Classes..TCollectionEnumerator
 0001:00028030       Classes..TCollectionItem
 0001:0002EC74       Classes..TComponent
 0001:0003E6AC       Classes..TComponent.FindComponent$ActRec
 0001:0002E81C       Classes..TComponentEnumerator
 0001:0002A974       Classes..TCustomMemoryStream
 0001:0002FBE4       Classes..TDataModule
 0001:0002BB04       Classes..TFiler
 0001:0002A790       Classes..TFileStream
 0001:0002A578       Classes..THandleStream
 0001:000319F8       Classes..TIntConst
 0001:00027EBC       Classes..TInterfacedPersistent
 0001:000271F0       Classes..TList
 0001:00032924       Classes..TList.Sort$ActRec
 0001:0002701C       Classes..TListEnumerator
 0001:0002ABBC       Classes..TMemoryStream
 0001:000288D8       Classes..TOwnedCollection
 0001:00027CF4       Classes..TPersistent
 0001:00036C74       Classes..TPropFixup
 0001:00036EA0       Classes..TPropIntfFixup
 0001:0002C51C       Classes..TReader
 0001:000300D8       Classes..TRegGroup
 0001:00030538       Classes..TRegGroups
 0001:0002AE04       Classes..TResourceStream
 0001:00029F6C       Classes..TStream
 0001:0002B184       Classes..TStreamAdapter
 0001:000298F0       Classes..TStringList
 0001:00028C78       Classes..TStrings
 0001:00028AD0       Classes..TStringsEnumerator
 0001:0002E024       Classes..TThread
 0001:00027904       Classes..TThreadList
 0001:0002D424       Classes..TWriter
 0001:00031984       Classes.ActivateClassGroup
 0003:00000F7C       Classes.AddDataModule
 0001:000371CC       Classes.AddFinished
 0001:00037204       Classes.AddNotFinished
 0001:00037E70       Classes.AddSubComponentsToLoaded
 0001:0003FE68       Classes.AllocateHWnd
 0001:0003B40C       Classes.AncestorIsValid
 0003:00000F8C       Classes.ApplicationHandleException
 0003:00000F94       Classes.ApplicationShowException
 0001:00031E64       Classes.BeginGlobalLoading
 0003:00000FF4       Classes.BlockCode
 0001:0003009C       Classes.Bounds
 0001:0003FCC8       Classes.CalcJmpOffset
 0001:00037EAC       Classes.CheckSubComponents
 0001:0003CF64       Classes.CheckSynchronize
 0002:0000024C       Classes.Classes
 0001:000316C8       Classes.ClassNotFound
 0001:0003FD7C       Classes.CleanupInstFreeList
 0001:00032104       Classes.CollectionsEqual
 0001:00037F8C       Classes.ComponentCreated
 0001:00039EAC       Classes.CopyBinary
 0001:00039E1C       Classes.CopyBytes
 0001:00039DD0       Classes.CopyList
 0001:00039D48       Classes.CopySetBody
 0001:0003800C       Classes.CreateComponent
 0003:00000F9C       Classes.CreateVCLComObjectProc
 0001:0003FF1C       Classes.DeallocateHWnd
 0001:0003CE8C       Classes.DoneThreadSynchronization
 0001:00033FB0       Classes.DoWrite
 0001:0003FA10       Classes.DoWriteHeight
 0001:0003F9A8       Classes.DoWriteHorizontalOffset
 0001:0003F9DC       Classes.DoWriteVerticalOffset
 0001:0003F980       Classes.DoWriteWidth
 0003:00000FAC       Classes.Dummy32bitResHeader
 0001:0003FF44       Classes.EFileStreamError.Create
 0001:00031EEC       Classes.EndGlobalLoading
 0001:0003116C       Classes.Error
 0001:00036AAC       Classes.Error
 0004:00004F90       Classes.ExternalThreads
 0003:00000FA8       Classes.FilerSignature
 0001:0003FFF4       Classes.Finalization
 0001:0003AAFC       Classes.FindAncestor
 0001:000317A0       Classes.FindClass
 0001:000381BC       Classes.FindExistingComponent
 0001:00031D7C       Classes.FindGlobalComponent
 0004:00004F70       Classes.FindGlobalComponentProcs
 0001:00031C20       Classes.FindIdentToInt
 0001:00031BA4       Classes.FindIntToIdent
 0001:0003B880       Classes.FindMethodName
 0001:000370D4       Classes.FindNestedComponent
 0001:00039238       Classes.FindUniqueName
 0001:0003CEA4       Classes.FreeExternalThreads
 0001:0003F5D8       Classes.FreeIntConstList
 0001:0003FD68       Classes.FreeObjectInstance
 0001:00031734       Classes.GetClass
 0001:0003BF74       Classes.GetComponentValue
 0001:000333C4       Classes.GetDesigner
 0001:000316BC       Classes.GetFieldClassTable
 0001:0003FDB8       Classes.GetFreeInstBlockItemCount
 0004:00004F74       Classes.GlobalFixupList
 0001:0003724C       Classes.GlobalFixupReferences
 0005:00000010       Classes.GlobalLists
 0005:0000000C       Classes.GlobalLoaded
 0004:00004F58       Classes.GlobalNameSpace
 0001:00031918       Classes.GroupDescendentsWith
 0001:000389CC       Classes.HandleException
 0001:00031C9C       Classes.IdentToInt
 0001:00031F48       Classes.InitComponent
 0001:00031FD4       Classes.InitInheritedComponent
 0001:0003CE58       Classes.InitThreadSynchronization
 0004:00004F94       Classes.InstBlockList
 0004:00004F98       Classes.InstFreeList
 0004:00004F68       Classes.IntConstList
 0001:00031DE0       Classes.InternalReadComponentRes
 0001:00031CE0       Classes.IntToIdent
 0001:000300C4       Classes.InvalidPoint
 0001:0003B600       Classes.IsDefault
 0001:0003B47C       Classes.IsDefaultFloatProp
 0001:0003B4D8       Classes.IsDefaultInt64Prop
 0001:0003B7A4       Classes.IsDefaultInterfaceProp
 0001:0003B8D8       Classes.IsDefaultMethodProp
 0001:0003B658       Classes.IsDefaultObjectProp
 0001:0003B424       Classes.IsDefaultOrdProp
 0001:0003BA10       Classes.IsDefaultPropertyValue
 0001:0003B530       Classes.IsDefaultStrProp
 0001:0003B6D8       Classes.IsDefaultValue
 0001:0003B978       Classes.IsDefaultVariantProp
 0001:00031DBC       Classes.IsUniqueGlobalComponentName
 0004:00004F5C       Classes.IsUniqueGlobalComponentNameProc
 0001:0003FCD0       Classes.MakeObjectInstance
 0001:00033014       Classes.Min
 0001:0003F650       Classes.ModuleUnload
 0003:00000FCC       Classes.NilMethod
 0001:00033468       Classes.NotifyDesigner
 0001:00031EBC       Classes.NotifyGlobalLoading
 0001:0003B5C0       Classes.ObjectAncestorMatch
 0001:0003BF5C       Classes.OwnedBy
 0001:00030054       Classes.Point
 0003:00000FD8       Classes.Priorities
 0001:0003758C       Classes.PropertyNotFound
 0001:00038A9C       Classes.PropPathError
 0001:00037580       Classes.PropValueError
 0001:000327EC       Classes.QuickSort
 0001:00035C64       Classes.RaiseException
 0001:0003A394       Classes.ReadCustomVariant
 0001:00037568       Classes.ReadError
 0001:00037FAC       Classes.Recover
 0001:00030074       Classes.Rect
 0004:00004F6C       Classes.RegGroups
 0001:000317C0       Classes.RegisterClass
 0001:00031D24       Classes.RegisterFindGlobalComponentProc
 0001:00031B78       Classes.RegisterIntegerConsts
 0001:0003FDE8       Classes.ReleaseObjectInstanceBlocks
 0003:00000F84       Classes.RemoveDataModule
 0001:00037420       Classes.RemoveFixupReferences
 0001:000374D4       Classes.RemoveFixups
 0001:000378D0       Classes.RemoveGlobalFixup
 0001:0003CF30       Classes.ResetSyncEvent
 0001:0003411C       Classes.ReturnAddr
 0001:00032368       Classes.ReturnAddr
 0001:0003811C       Classes.SetCompName
 0001:000375B8       Classes.SetElementValue
 0001:00038E14       Classes.SetInterfaceReference
 0001:00038D30       Classes.SetIntIdent
 0001:00038D78       Classes.SetObjectIdent
 0001:00037F24       Classes.SetSubComponentState
 0001:00038DB8       Classes.SetVariantReference
 0001:0003CF58       Classes.SignalSyncEvent
 0001:00039B04       Classes.SkipBinary
 0001:00039B34       Classes.SkipCollection
 0001:00039AD8       Classes.SkipList
 0001:000318B0       Classes.StartClassGroup
 0001:0003FCA8       Classes.StdWndProc
 0001:00035A50       Classes.StringListCompareStrings
 0004:00004F60       Classes.SyncEvent
 0003:00000FD4       Classes.SyncList
 0001:0003F044       Classes.TBasicAction.Change
 0001:0003EED0       Classes.TBasicAction.Create
 0001:0003EF14       Classes.TBasicAction.Destroy
 0001:0003EFB0       Classes.TBasicAction.Execute
 0001:0003EF80       Classes.TBasicAction.ExecuteTarget
 0001:0003EF7C       Classes.TBasicAction.HandlesTarget
 0001:0003EF84       Classes.TBasicAction.Notification
 0001:0003F058       Classes.TBasicAction.RegisterChanges
 0001:0003F0A4       Classes.TBasicAction.SetActionComponent
 0001:0003EFE8       Classes.TBasicAction.SetOnExecute
 0001:0003F064       Classes.TBasicAction.UnRegisterChanges
 0001:0003EFCC       Classes.TBasicAction.Update
 0001:0003EFAC       Classes.TBasicAction.UpdateTarget
 0001:0003EE20       Classes.TBasicActionLink.AssignClient
 0001:0003EE58       Classes.TBasicActionLink.Change
 0001:0003EDDC       Classes.TBasicActionLink.Create
 0001:0003EE24       Classes.TBasicActionLink.Destroy
 0001:0003EE70       Classes.TBasicActionLink.Execute
 0001:0003EEB8       Classes.TBasicActionLink.IsOnExecuteLinked
 0001:0003EE8C       Classes.TBasicActionLink.SetAction
 0001:0003EEBC       Classes.TBasicActionLink.SetOnExecute
 0001:0003EEC4       Classes.TBasicActionLink.Update
 0001:00032FCC       Classes.TBits.Destroy
 0001:00032FFC       Classes.TBits.Error
 0001:000330F0       Classes.TBits.OpenBit
 0001:000330C4       Classes.TBits.SetBit
 0001:00033020       Classes.TBits.SetSize
 0001:00031428       Classes.TClassFinder.Create
 0001:00031568       Classes.TClassFinder.Destroy
 0001:00031598       Classes.TClassFinder.GetClass
 0001:00031634       Classes.TClassFinder.GetClasses
 0001:00033798       Classes.TCollection.Add
 0001:00033CB4       Classes.TCollection.Added
 0001:000337B8       Classes.TCollection.Assign
 0001:00033860       Classes.TCollection.BeginUpdate
 0001:00033864       Classes.TCollection.Changed
 0001:00033874       Classes.TCollection.Clear
 0001:00033700       Classes.TCollection.Create
 0001:00033C78       Classes.TCollection.Delete
 0001:00033CB8       Classes.TCollection.Deleting
 0001:0003374C       Classes.TCollection.Destroy
 0001:000338DC       Classes.TCollection.EndUpdate
 0001:000338E8       Classes.TCollection.FindItemID
 0001:0003391C       Classes.TCollection.GetAttr
 0001:00033918       Classes.TCollection.GetAttrCount
 0001:0003393C       Classes.TCollection.GetCapacity
 0001:00033964       Classes.TCollection.GetCount
 0001:0003392C       Classes.TCollection.GetEnumerator
 0001:0003396C       Classes.TCollection.GetItem
 0001:00033944       Classes.TCollection.GetItemAttr
 0001:00033980       Classes.TCollection.GetNamePath
 0001:00033A34       Classes.TCollection.GetPropName
 0001:00033B88       Classes.TCollection.Insert
 0001:00033BA4       Classes.TCollection.InsertItem
 0001:00033CBC       Classes.TCollection.Notify
 0001:00033CA8       Classes.TCollection.Owner
 0001:00033C0C       Classes.TCollection.RemoveItem
 0001:00033C60       Classes.TCollection.SetCapacity
 0001:00033C70       Classes.TCollection.SetItemName
 0001:00033C74       Classes.TCollection.Update
 0001:00033694       Classes.TCollectionEnumerator.Create
 0001:000336D8       Classes.TCollectionEnumerator.GetCurrent
 0001:000336E4       Classes.TCollectionEnumerator.MoveNext
 0001:00033534       Classes.TCollectionItem.Changed
 0001:000334CC       Classes.TCollectionItem.Create
 0001:00033504       Classes.TCollectionItem.Destroy
 0001:00033570       Classes.TCollectionItem.GetDisplayName
 0001:00033558       Classes.TCollectionItem.GetIndex
 0001:00033584       Classes.TCollectionItem.GetNamePath
 0001:00033630       Classes.TCollectionItem.GetOwner
 0001:00033634       Classes.TCollectionItem.SetCollection
 0001:0003365C       Classes.TCollectionItem.SetDisplayName
 0001:00033664       Classes.TCollectionItem.SetIndex
 0001:0003E8D4       Classes.TComponent.AddSortedComponent
 0001:0003E0F0       Classes.TComponent.BeforeDestruction
 0001:0003E988       Classes.TComponent.ChangeName
 0001:0003E05C       Classes.TComponent.Create
 0001:0003E49C       Classes.TComponent.DefineProperties
 0001:0003E0A8       Classes.TComponent.Destroy
 0001:0003E320       Classes.TComponent.DestroyComponents
 0001:0003E38C       Classes.TComponent.Destroying
 0001:0003EAE4       Classes.TComponent.ExecuteAction
 0001:0003E770       Classes.TComponent.FindComponent
 0001:0003E764       Classes.TComponent.FindComponent$ActRec.$0$Body
 0001:0003E85C       Classes.TComponent.FindSortedComponent
 0001:0003E13C       Classes.TComponent.FreeNotification
 0001:0003EC18       Classes.TComponent.FreeOnRelease
 0001:0003E540       Classes.TComponent.GetChildOwner
 0001:0003E544       Classes.TComponent.GetChildParent
 0001:0003E538       Classes.TComponent.GetChildren
 0001:0003EB48       Classes.TComponent.GetComObject
 0001:0003E9DC       Classes.TComponent.GetComponent
 0001:0003EA08       Classes.TComponent.GetComponentCount
 0001:0003E9C0       Classes.TComponent.GetComponentIndex
 0001:0003E548       Classes.TComponent.GetEnumerator
 0001:0003E558       Classes.TComponent.GetNamePath
 0001:0003E56C       Classes.TComponent.GetOwner
 0001:0003E574       Classes.TComponent.GetParentComponent
 0001:0003E534       Classes.TComponent.HasParent
 0001:0003E1D0       Classes.TComponent.Insert
 0001:0003E284       Classes.TComponent.InsertComponent
 0001:0003ECB0       Classes.TComponent.IntfGetComponent
 0001:0003ECB4       Classes.TComponent.IsImplementorOf
 0001:0003E594       Classes.TComponent.Loaded
 0001:0003E43C       Classes.TComponent.Notification
 0001:0003E5A0       Classes.TComponent.PaletteCreated
 0001:0003EC30       Classes.TComponent.QueryInterface
 0001:0003E190       Classes.TComponent.ReadLeft
 0001:0003E5A4       Classes.TComponent.ReadState
 0001:0003E1A4       Classes.TComponent.ReadTop
 0001:0003ED34       Classes.TComponent.ReferenceInterface
 0001:0003E20C       Classes.TComponent.Remove
 0001:0003E2E8       Classes.TComponent.RemoveComponent
 0001:0003E420       Classes.TComponent.RemoveFreeNotification
 0001:0003E0FC       Classes.TComponent.RemoveFreeNotifications
 0001:0003E3C8       Classes.TComponent.RemoveNotification
 0001:0003EC00       Classes.TComponent.SafeCallException
 0001:0003E570       Classes.TComponent.SetChildOrder
 0001:0003EA18       Classes.TComponent.SetComponentIndex
 0001:0003EA6C       Classes.TComponent.SetDesigning
 0001:0003E8F8       Classes.TComponent.SetName
 0001:0003E578       Classes.TComponent.SetParentComponent
 0001:0003EABC       Classes.TComponent.SetReference
 0001:0003EB34       Classes.TComponent.SetSubComponent
 0001:0003EB0C       Classes.TComponent.UpdateAction
 0001:0003E588       Classes.TComponent.Updated
 0001:0003EC28       Classes.TComponent.UpdateRegistry
 0001:0003E57C       Classes.TComponent.Updating
 0001:0003E63C       Classes.TComponent.ValidateContainer
 0001:0003E650       Classes.TComponent.ValidateInsert
 0001:0003E5B4       Classes.TComponent.ValidateRename
 0001:0003E1B8       Classes.TComponent.WriteLeft
 0001:0003E5AC       Classes.TComponent.WriteState
 0001:0003E1C4       Classes.TComponent.WriteTop
 0001:0003EC70       Classes.TComponent._AddRef
 0001:0003EC90       Classes.TComponent._Release
 0001:0003DFF0       Classes.TComponentEnumerator.Create
 0001:0003E034       Classes.TComponentEnumerator.GetCurrent
 0001:0003E040       Classes.TComponentEnumerator.MoveNext
 0001:00036740       Classes.TCustomMemoryStream.Read
 0001:000367B4       Classes.TCustomMemoryStream.SaveToFile
 0001:0003679C       Classes.TCustomMemoryStream.SaveToStream
 0001:00036778       Classes.TCustomMemoryStream.Seek
 0001:00036738       Classes.TCustomMemoryStream.SetPointer
 0001:0003F78C       Classes.TDataModule.AfterConstruction
 0001:0003F7F4       Classes.TDataModule.BeforeDestruction
 0001:0003F658       Classes.TDataModule.Create
 0001:0003F798       Classes.TDataModule.CreateNew
 0001:0003FA38       Classes.TDataModule.DefineProperties
 0001:0003F820       Classes.TDataModule.Destroy
 0001:0003F8BC       Classes.TDataModule.DoCreate
 0001:0003F91C       Classes.TDataModule.DoDestroy
 0001:0003FB88       Classes.TDataModule.GetChildren
 0001:0003FBF4       Classes.TDataModule.HandleCreateException
 0001:0003FC64       Classes.TDataModule.ReadHeight
 0001:0003FC3C       Classes.TDataModule.ReadHorizontalOffset
 0001:0003FC14       Classes.TDataModule.ReadState
 0001:0003FC50       Classes.TDataModule.ReadVerticalOffset
 0001:0003FC28       Classes.TDataModule.ReadWidth
 0001:0003FC9C       Classes.TDataModule.WriteHeight
 0001:0003FC84       Classes.TDataModule.WriteHorizontalOffset
 0001:0003FC90       Classes.TDataModule.WriteVerticalOffset
 0001:0003FC78       Classes.TDataModule.WriteWidth
 0001:00036C00       Classes.TFiler.Create
 0001:0002BEBC       Classes.TFiler.DefineBinaryProperty
 0001:0002BEB4       Classes.TFiler.DefineProperty
 0001:00036C48       Classes.TFiler.Destroy
 0001:0002BEC4       Classes.TFiler.FlushBuffer
 0001:00036C70       Classes.TFiler.SetRoot
 0001:0003654C       Classes.TFileStream.Create
 0001:00036590       Classes.TFileStream.Create
 0001:00036704       Classes.TFileStream.Destroy
 0001:00036488       Classes.THandleStream.Create
 0001:000364C4       Classes.THandleStream.Read
 0001:000364E4       Classes.THandleStream.Seek
 0001:00036510       Classes.THandleStream.SetSize
 0001:00036524       Classes.THandleStream.SetSize
 0001:000364D4       Classes.THandleStream.Write
 0004:00004F78       Classes.ThreadLock
 0001:0003D158       Classes.ThreadProc
 0001:00031B40       Classes.TIntConst.Create
 0001:0003330C       Classes.TInterfacedPersistent.AfterConstruction
 0001:0003339C       Classes.TInterfacedPersistent.QueryInterface
 0001:0003335C       Classes.TInterfacedPersistent._AddRef
 0001:0003337C       Classes.TInterfacedPersistent._Release
 0001:000322A8       Classes.TList.Add
 0001:00032AE4       Classes.TList.Assign
 0001:000322E8       Classes.TList.Clear
 0001:00032300       Classes.TList.Delete
 0001:00032288       Classes.TList.Destroy
 0001:000323A4       Classes.TList.Error
 0001:0003236C       Classes.TList.Error
 0001:000323F8       Classes.TList.Exchange
 0001:00032448       Classes.TList.Expand
 0001:00032A88       Classes.TList.Extract
 0001:00032A90       Classes.TList.ExtractItem
 0001:00032460       Classes.TList.First
 0001:00032468       Classes.TList.Get
 0001:0003248C       Classes.TList.GetEnumerator
 0001:0003249C       Classes.TList.Grow
 0001:000324D0       Classes.TList.IndexOf
 0001:000324F4       Classes.TList.IndexOfItem
 0001:00032520       Classes.TList.Insert
 0001:00032598       Classes.TList.Last
 0001:000325BC       Classes.TList.Move
 0001:00032AE0       Classes.TList.Notify
 0001:00032698       Classes.TList.Pack
 0001:00032614       Classes.TList.Put
 0001:00032670       Classes.TList.Remove
 0001:00032678       Classes.TList.RemoveItem
 0001:0003270C       Classes.TList.SetCapacity
 0001:00032748       Classes.TList.SetCount
 0001:000329E8       Classes.TList.Sort
 0001:000329DC       Classes.TList.Sort$ActRec.$0$Body
 0001:00032A68       Classes.TList.SortList
 0001:00032220       Classes.TListEnumerator.Create
 0001:00032264       Classes.TListEnumerator.GetCurrent
 0001:00032270       Classes.TListEnumerator.MoveNext
 0001:00036838       Classes.TMemoryStream.Clear
 0001:0003680C       Classes.TMemoryStream.Destroy
 0001:00036888       Classes.TMemoryStream.LoadFromFile
 0001:00036850       Classes.TMemoryStream.LoadFromStream
 0001:00036930       Classes.TMemoryStream.Realloc
 0001:000368DC       Classes.TMemoryStream.SetCapacity
 0001:00036904       Classes.TMemoryStream.SetSize
 0001:000369B0       Classes.TMemoryStream.Write
 0001:00033CE0       Classes.TOwnedCollection.Create
 0001:00033D24       Classes.TOwnedCollection.GetOwner
 0001:00033194       Classes.TPersistent.Assign
 0001:000331A8       Classes.TPersistent.AssignError
 0001:00033264       Classes.TPersistent.AssignTo
 0001:0003326C       Classes.TPersistent.DefineProperties
 0001:00033168       Classes.TPersistent.Destroy
 0001:00033270       Classes.TPersistent.GetNamePath
 0001:00033308       Classes.TPersistent.GetOwner
 0001:00036F88       Classes.TPropFixup.Create
 0001:00036FE0       Classes.TPropFixup.MakeGlobalReference
 0001:00037040       Classes.TPropFixup.ResolveReference
 0001:00037050       Classes.TPropIntfFixup.ResolveReference
 0001:0003760C       Classes.TReader.BeginReferences
 0001:00037674       Classes.TReader.CheckValue
 0001:00039F04       Classes.TReader.CopyValue
 0001:000376D4       Classes.TReader.DefineBinaryProperty
 0001:00037698       Classes.TReader.DefineProperty
 0001:000375D0       Classes.TReader.Destroy
 0001:00037958       Classes.TReader.DoFixupReferences
 0001:000377BC       Classes.TReader.EndOfList
 0001:000377D0       Classes.TReader.EndReferences
 0001:000377EC       Classes.TReader.Error
 0001:0003A1E0       Classes.TReader.FindAncestorComponent
 0001:0003A2D8       Classes.TReader.FindComponentClass
 0001:00037880       Classes.TReader.FindMethod
 0001:00037810       Classes.TReader.FindMethodInstance
 0001:00037A9C       Classes.TReader.FixupReferences
 0001:00037AD4       Classes.TReader.FlushBuffer
 0001:00037AF8       Classes.TReader.FreeFixups
 0001:00037B34       Classes.TReader.GetFieldClass
 0001:00037BC8       Classes.TReader.GetPosition
 0001:00037BE0       Classes.TReader.NextValue
 0001:00037BF0       Classes.TReader.PropertyError
 0001:00037C04       Classes.TReader.Read
 0001:00037C8C       Classes.TReader.ReadBoolean
 0001:00037C50       Classes.TReader.ReadBuffer
 0001:00037CA0       Classes.TReader.ReadChar
 0001:00037D94       Classes.TReader.ReadCollection
 0001:00038260       Classes.TReader.ReadComponent
 0001:000395D4       Classes.TReader.ReadComponents
 0001:000386A0       Classes.TReader.ReadCurrency
 0001:000384A0       Classes.TReader.ReadData
 0001:00038510       Classes.TReader.ReadDataInner
 0001:000386F0       Classes.TReader.ReadDate
 0001:00038618       Classes.TReader.ReadDouble
 0001:000385E0       Classes.TReader.ReadFloat
 0001:00038734       Classes.TReader.ReadIdent
 0001:00038938       Classes.TReader.ReadInt64
 0001:000388CC       Classes.TReader.ReadInteger
 0001:0003897C       Classes.TReader.ReadListBegin
 0001:00038984       Classes.TReader.ReadListEnd
 0001:0003898C       Classes.TReader.ReadPrefix
 0001:00038AB8       Classes.TReader.ReadProperty
 0001:00038ED4       Classes.TReader.ReadPropValue
 0001:000392A0       Classes.TReader.ReadRootComponent
 0001:000396C4       Classes.TReader.ReadSet
 0001:00039780       Classes.TReader.ReadSignature
 0001:0003865C       Classes.TReader.ReadSingle
 0001:000397A4       Classes.TReader.ReadStr
 0001:00039834       Classes.TReader.ReadString
 0001:00039A5C       Classes.TReader.ReadValue
 0001:0003A55C       Classes.TReader.ReadVariant
 0001:00037D34       Classes.TReader.ReadWideChar
 0001:0003991C       Classes.TReader.ReadWideString
 0001:0003A298       Classes.TReader.ReferenceName
 0001:0003A2B0       Classes.TReader.SetName
 0001:00039A70       Classes.TReader.SetPosition
 0001:0003A34C       Classes.TReader.SkipBytes
 0001:0003A134       Classes.TReader.SkipComponent
 0001:0003A0EC       Classes.TReader.SkipProperty
 0001:00039A90       Classes.TReader.SkipSetBody
 0001:00039B98       Classes.TReader.SkipValue
 0001:00030A14       Classes.TRegGroup.AddClass
 0001:00030A20       Classes.TRegGroup.BestClass
 0001:00030A80       Classes.TRegGroup.BestGroup
 0001:00030AF0       Classes.TRegGroup.Create
 0001:00030B4C       Classes.TRegGroup.Destroy
 0001:00030B8C       Classes.TRegGroup.GetClass
 0001:00030BDC       Classes.TRegGroup.GetClasses
 0001:00030C24       Classes.TRegGroup.IndexOfClass
 0001:00030C9C       Classes.TRegGroup.InGroup
 0001:00030CE0       Classes.TRegGroup.RegisterClass
 0001:00030D94       Classes.TRegGroup.RegisterClassAlias
 0001:00030DCC       Classes.TRegGroup.Registered
 0001:00030DE4       Classes.TRegGroup.UnregisterClass
 0001:00030E44       Classes.TRegGroup.UnregisterModuleClasses
 0001:00030F84       Classes.TRegGroups.Activate
 0001:00030FD0       Classes.TRegGroups.AddClass
 0001:00030FF0       Classes.TRegGroups.Create
 0001:00031064       Classes.TRegGroups.Destroy
 0001:000310C4       Classes.TRegGroups.FindGroup
 0001:00031108       Classes.TRegGroups.GetClass
 0001:0003114C       Classes.TRegGroups.GroupedWith
 0001:000311F0       Classes.TRegGroups.GroupWith
 0001:000312C4       Classes.TRegGroups.Lock
 0001:000312D0       Classes.TRegGroups.RegisterClass
 0001:000312E8       Classes.TRegGroups.RegisterClassAlias
 0001:00031308       Classes.TRegGroups.Registered
 0001:0003134C       Classes.TRegGroups.StartGroup
 0001:0003139C       Classes.TRegGroups.Unlock
 0001:000313A8       Classes.TRegGroups.UnregisterClass
 0001:000313D8       Classes.TRegGroups.UnregisterModuleClasses
 0001:00036A00       Classes.TResourceStream.Create
 0001:00036A58       Classes.TResourceStream.CreateFromID
 0001:00036BB8       Classes.TResourceStream.Destroy
 0001:00036B4C       Classes.TResourceStream.Initialize
 0001:00036BE8       Classes.TResourceStream.Write
 0001:00035E3C       Classes.TStream.CopyFrom
 0001:000362A4       Classes.TStream.FixupResourceHeader
 0001:00035B78       Classes.TStream.GetPosition
 0001:00035BAC       Classes.TStream.GetSize
 0001:0002A568       Classes.TStream.Read
 0001:00035DCC       Classes.TStream.ReadBuffer
 0001:00035F30       Classes.TStream.ReadComponent
 0001:00035FF4       Classes.TStream.ReadComponentRes
 0001:0003639C       Classes.TStream.ReadResHeader
 0001:00035CD8       Classes.TStream.Seek
 0001:00035D5C       Classes.TStream.Seek
 0001:00035B98       Classes.TStream.SetPosition
 0001:00035BF8       Classes.TStream.SetSize
 0001:00035C10       Classes.TStream.SetSize
 0001:00035BFC       Classes.TStream.SetSize64
 0001:0002A570       Classes.TStream.Write
 0001:00035E04       Classes.TStream.WriteBuffer
 0001:00035F90       Classes.TStream.WriteComponent
 0001:00036010       Classes.TStream.WriteComponentRes
 0001:00035F98       Classes.TStream.WriteDescendent
 0001:00036368       Classes.TStream.WriteDescendentRes
 0001:00036018       Classes.TStream.WriteResourceHeader
 0001:0003F5C0       Classes.TStreamAdapter.Clone
 0001:0003F514       Classes.TStreamAdapter.Commit
 0001:0003F30C       Classes.TStreamAdapter.CopyTo
 0001:0003F0D0       Classes.TStreamAdapter.Create
 0001:0003F11C       Classes.TStreamAdapter.Destroy
 0001:0003F52C       Classes.TStreamAdapter.LockRegion
 0001:0003F154       Classes.TStreamAdapter.Read
 0001:0003F520       Classes.TStreamAdapter.Revert
 0001:0003F224       Classes.TStreamAdapter.Seek
 0001:0003F2A8       Classes.TStreamAdapter.SetSize
 0001:0003F544       Classes.TStreamAdapter.Stat
 0001:0003F538       Classes.TStreamAdapter.UnlockRegion
 0001:0003F1BC       Classes.TStreamAdapter.Write
 0001:00035460       Classes.TStringList.Add
 0001:00035470       Classes.TStringList.AddObject
 0001:000354D4       Classes.TStringList.Changed
 0001:000354F0       Classes.TStringList.Changing
 0001:0003550C       Classes.TStringList.Clear
 0001:00035AB8       Classes.TStringList.CompareStrings
 0001:00035AD4       Classes.TStringList.Create
 0001:00035B0C       Classes.TStringList.Create
 0001:00035A80       Classes.TStringList.CustomSort
 0001:00035574       Classes.TStringList.Delete
 0001:000353DC       Classes.TStringList.Destroy
 0001:000355F4       Classes.TStringList.Exchange
 0001:00035650       Classes.TStringList.ExchangeItems
 0001:00035674       Classes.TStringList.Find
 0001:000356F8       Classes.TStringList.Get
 0001:00035728       Classes.TStringList.GetCapacity
 0001:0003572C       Classes.TStringList.GetCount
 0001:00035730       Classes.TStringList.GetObject
 0001:00035754       Classes.TStringList.Grow
 0001:00035788       Classes.TStringList.IndexOf
 0001:000357C4       Classes.TStringList.Insert
 0001:00035828       Classes.TStringList.InsertItem
 0001:000357D4       Classes.TStringList.InsertObject
 0001:000358A4       Classes.TStringList.Put
 0001:000358FC       Classes.TStringList.PutObject
 0001:00035938       Classes.TStringList.QuickSort
 0001:000359D0       Classes.TStringList.SetCapacity
 0001:00035B50       Classes.TStringList.SetCaseSensitive
 0001:00035A10       Classes.TStringList.SetSorted
 0001:00035A30       Classes.TStringList.SetUpdateState
 0001:00035A70       Classes.TStringList.Sort
 0001:00033DD0       Classes.TStrings.Add
 0001:00033DF4       Classes.TStrings.AddObject
 0001:00033E24       Classes.TStrings.AddStrings
 0001:00033E18       Classes.TStrings.Append
 0001:00033EDC       Classes.TStrings.Assign
 0001:00033F98       Classes.TStrings.BeginUpdate
 0001:000297F0       Classes.TStrings.Clear
 0001:00035394       Classes.TStrings.CompareStrings
 0001:00034008       Classes.TStrings.DefineProperties
 0001:000297F8       Classes.TStrings.Delete
 0001:00033DA0       Classes.TStrings.Destroy
 0001:00034060       Classes.TStrings.EndUpdate
 0001:00034074       Classes.TStrings.Equals
 0001:00034120       Classes.TStrings.Error
 0001:00034158       Classes.TStrings.Error
 0001:000341B0       Classes.TStrings.Exchange
 0001:0003429C       Classes.TStrings.GetCapacity
 0001:000342A4       Classes.TStrings.GetCommaText
 0001:0003433C       Classes.TStrings.GetDelimitedText
 0001:00035280       Classes.TStrings.GetDelimiter
 0001:000345AC       Classes.TStrings.GetEnumerator
 0001:0003529C       Classes.TStrings.GetLineBreak
 0001:000353A0       Classes.TStrings.GetNameValueSeparator
 0001:000345BC       Classes.TStrings.GetObject
 0001:000352D8       Classes.TStrings.GetQuoteChar
 0001:000352F4       Classes.TStrings.GetStrictDelimiter
 0001:000345C0       Classes.TStrings.GetText
 0001:00034614       Classes.TStrings.GetTextStr
 0001:000347AC       Classes.TStrings.IndexOf
 0001:00034838       Classes.TStrings.IndexOfName
 0001:0003490C       Classes.TStrings.IndexOfObject
 0001:00029800       Classes.TStrings.Insert
 0001:00034940       Classes.TStrings.InsertObject
 0001:000349C4       Classes.TStrings.LoadFromFile
 0001:00034970       Classes.TStrings.LoadFromFile
 0001:00034A2C       Classes.TStrings.LoadFromStream
 0001:00034A20       Classes.TStrings.LoadFromStream
 0001:00034B20       Classes.TStrings.Move
 0001:00034BD0       Classes.TStrings.Put
 0001:00034C00       Classes.TStrings.PutObject
 0001:00034C04       Classes.TStrings.ReadData
 0001:00034CC4       Classes.TStrings.SaveToFile
 0001:00034CB4       Classes.TStrings.SaveToFile
 0001:00034D34       Classes.TStrings.SaveToStream
 0001:00034D24       Classes.TStrings.SaveToStream
 0001:00034DEC       Classes.TStrings.SetCapacity
 0001:00034DF0       Classes.TStrings.SetCommaText
 0001:000350D0       Classes.TStrings.SetDelimitedText
 0001:0003530C       Classes.TStrings.SetDelimiter
 0001:0003532C       Classes.TStrings.SetLineBreak
 0001:000353BC       Classes.TStrings.SetNameValueSeparator
 0001:00035358       Classes.TStrings.SetQuoteChar
 0001:00035378       Classes.TStrings.SetStrictDelimiter
 0001:00034E18       Classes.TStrings.SetStringsAdapter
 0001:00034E4C       Classes.TStrings.SetText
 0001:00034E9C       Classes.TStrings.SetTextStr
 0001:00035048       Classes.TStrings.SetUpdateState
 0001:0003504C       Classes.TStrings.WriteData
 0001:00033D28       Classes.TStringsEnumerator.Create
 0001:00033D6C       Classes.TStringsEnumerator.GetCurrent
 0001:00033D84       Classes.TStringsEnumerator.MoveNext
 0004:00004F54       Classes.TThread.$ClassInitFlag
 0001:0003D3AC       Classes.TThread.AfterConstruction
 0001:0003D454       Classes.TThread.CallOnTerminate
 0001:0003D43C       Classes.TThread.CheckThreadError
 0001:0003D3C0       Classes.TThread.CheckThreadError
 0001:0003D20C       Classes.TThread.Create
 0002:0000023C       Classes.TThread.Create@
 0001:0003D310       Classes.TThread.Destroy
 0001:0003D384       Classes.TThread.Destroy@
 0001:0003D468       Classes.TThread.DoTerminate
 0005:00000008       Classes.TThread.FCurrentThread
 0001:0003D47C       Classes.TThread.GetPriority
 0001:0003D4B8       Classes.TThread.InternalStart
 0001:0003DF50       Classes.TThread.NameThreadForDebugging
 0001:0003D6E4       Classes.TThread.Queue
 0001:0003DB4C       Classes.TThread.Queue
 0001:0003D618       Classes.TThread.Queue
 0001:0003D590       Classes.TThread.Queue
 0001:0003D784       Classes.TThread.RemoveQueuedEvents
 0001:0003DCE0       Classes.TThread.RemoveQueuedEvents
 0001:0003DD84       Classes.TThread.RemoveQueuedEvents
 0001:0003DE44       Classes.TThread.Resume
 0001:0003D564       Classes.TThread.SetPriority
 0001:0003DD98       Classes.TThread.SetSuspended
 0001:0003DDB0       Classes.TThread.SpinWait
 0001:0003DDCC       Classes.TThread.Start
 0001:0003D848       Classes.TThread.StaticQueue
 0001:0003DCCC       Classes.TThread.StaticSynchronize
 0001:0003DDD4       Classes.TThread.Suspend
 0001:0003DC30       Classes.TThread.Synchronize
 0001:0003D85C       Classes.TThread.Synchronize
 0001:0003DA20       Classes.TThread.Synchronize
 0001:0003DA54       Classes.TThread.Synchronize
 0001:0003DABC       Classes.TThread.Synchronize
 0001:0003DE6C       Classes.TThread.Terminate
 0001:0003DE90       Classes.TThread.WaitFor
 0001:00032E80       Classes.TThreadList.Add
 0001:00032F08       Classes.TThreadList.Clear
 0001:00032DB0       Classes.TThreadList.Create
 0001:00032E04       Classes.TThreadList.Destroy
 0001:00032F50       Classes.TThreadList.LockList
 0001:00032F64       Classes.TThreadList.Remove
 0001:00032F6C       Classes.TThreadList.RemoveItem
 0001:00032FC0       Classes.TThreadList.UnlockList
 0001:0003A7A8       Classes.TWriter.AddAncestor
 0001:0003A7DC       Classes.TWriter.DefineBinaryProperty
 0001:0003A7B4       Classes.TWriter.DefineProperty
 0001:0003A77C       Classes.TWriter.Destroy
 0001:0003A818       Classes.TWriter.FindMethodName
 0001:0003A860       Classes.TWriter.FlushBuffer
 0001:0003CE34       Classes.TWriter.GetLookupInfo
 0001:0003A808       Classes.TWriter.GetPosition
 0001:0003A868       Classes.TWriter.SetPosition
 0001:0003A8A4       Classes.TWriter.SetRoot
 0001:0003A8BC       Classes.TWriter.Write
 0001:0003A908       Classes.TWriter.WriteBinary
 0001:0003A9A8       Classes.TWriter.WriteBoolean
 0001:0003A990       Classes.TWriter.WriteBuffer
 0001:0003A9BC       Classes.TWriter.WriteChar
 0001:0003AA5C       Classes.TWriter.WriteCollection
 0001:0003AB4C       Classes.TWriter.WriteComponent
 0001:0003B0F4       Classes.TWriter.WriteCurrency
 0001:0003ACA0       Classes.TWriter.WriteData
 0001:0003B118       Classes.TWriter.WriteDate
 0001:0003B060       Classes.TWriter.WriteDescendent
 0001:0003B0D0       Classes.TWriter.WriteDouble
 0001:0003B088       Classes.TWriter.WriteFloat
 0001:0003B13C       Classes.TWriter.WriteIdent
 0001:0003B294       Classes.TWriter.WriteInteger
 0001:0003B220       Classes.TWriter.WriteInteger
 0001:0003B2EC       Classes.TWriter.WriteListBegin
 0001:0003B2F4       Classes.TWriter.WriteListEnd
 0001:0003CAF8       Classes.TWriter.WriteMinStr
 0001:0003B2FC       Classes.TWriter.WritePrefix
 0001:0003B344       Classes.TWriter.WriteProperties
 0001:0003C49C       Classes.TWriter.WriteProperty
 0001:0003C9D0       Classes.TWriter.WritePropName
 0001:0003CA24       Classes.TWriter.WriteRootComponent
 0001:0003CA2C       Classes.TWriter.WriteSignature
 0001:0003B0AC       Classes.TWriter.WriteSingle
 0001:0003CA3C       Classes.TWriter.WriteStr
 0001:0003CC2C       Classes.TWriter.WriteString
 0001:0003CD44       Classes.TWriter.WriteUTF8Str
 0001:0003CE20       Classes.TWriter.WriteValue
 0001:0003C5F0       Classes.TWriter.WriteVariant
 0001:0003AA0C       Classes.TWriter.WriteWideChar
 0001:0003CE18       Classes.TWriter.WriteWideString
 0001:00031D64       Classes.UnregisterFindGlobalComponentProc
 0001:00031848       Classes.UnRegisterModuleClasses
 0003:00000FF8       Classes.UtilWindowClass
 0001:0003CF3C       Classes.WaitForSyncEvent
 0003:00000FA0       Classes.WakeMainThread
 0001:00032098       Classes.WriteCollection
 0001:0003BCCC       Classes.WriteCollectionProp
 0001:0003BE68       Classes.WriteFloatProp
 0001:0003BEA8       Classes.WriteInt64Prop
 0001:0003C2CC       Classes.WriteInterfaceProp
 0001:0003BC60       Classes.WriteIntProp
 0001:0003C3A8       Classes.WriteMethodProp
 0001:0003C0B8       Classes.WriteObjectProp
 0001:0003BD70       Classes.WriteOrdProp
 0001:0003BB74       Classes.WritePropPath
 0001:0003BBCC       Classes.WriteSet
 0001:0003BEE4       Classes.WriteStrProp
 0001:0003C438       Classes.WriteVariantProp
 0004:00005178       Clipbrd..3
 0004:00005176       Clipbrd.CF_COMPONENT
 0004:00005174       Clipbrd.CF_PICTURE
 0002:00000950       Clipbrd.Clipbrd
 0004:0000517C       Clipbrd.FClipboard
 0001:00062084       Clipbrd.Finalization
 0004:00005188       ComCtrls..96
 0001:00063568       ComCtrls..TConversion
 0002:00000A1C       ComCtrls.ComCtrls
 0004:0000518C       ComCtrls.ConversionFormatList
 0001:00063900       ComCtrls.Finalization
 0001:000638A0       ComCtrls.FreeConversionFormatList
 0004:00005194       ComCtrls.FRichEditModule
 0003:00001980       ComCtrls.RTFConversionFormat
 0004:00005190       ComCtrls.ShellModule
 0001:000637E8       ComCtrls.TConversion.ConvertReadStream
 0001:00063844       ComCtrls.TConversion.ConvertWriteStream
 0001:000637B0       ComCtrls.TConversion.Create
 0003:00001988       ComCtrls.TextConversionFormat
 0004:00002C4C       CommCtrl.ComCtl32DLL
 0001:0000B640       CommCtrl.FlatSB_GetScrollInfo
 0001:0000B648       CommCtrl.FlatSB_GetScrollPos
 0001:0000B650       CommCtrl.FlatSB_SetScrollInfo
 0001:0000B658       CommCtrl.FlatSB_SetScrollPos
 0001:0000B660       CommCtrl.FlatSB_SetScrollProp
 0001:0000B578       CommCtrl.ImageList_Add
 0001:0000B5D8       CommCtrl.ImageList_BeginDrag
 0001:0000B5D0       CommCtrl.ImageList_Copy
 0001:0000B558       CommCtrl.ImageList_Create
 0001:0000B560       CommCtrl.ImageList_Destroy
 0001:0000B5E8       CommCtrl.ImageList_DragEnter
 0001:0000B5F0       CommCtrl.ImageList_DragLeave
 0001:0000B5F8       CommCtrl.ImageList_DragMove
 0001:0000B600       CommCtrl.ImageList_DragShowNolock
 0001:0000B5A0       CommCtrl.ImageList_Draw
 0001:0000B5B0       CommCtrl.ImageList_DrawEx
 0001:0000B5E0       CommCtrl.ImageList_EndDrag
 0001:0000B590       CommCtrl.ImageList_GetBkColor
 0001:0000B608       CommCtrl.ImageList_GetDragImage
 0001:0000B5C0       CommCtrl.ImageList_GetIcon
 0001:0000B620       CommCtrl.ImageList_GetIconSize
 0001:0000B568       CommCtrl.ImageList_GetImageCount
 0001:0000B630       CommCtrl.ImageList_GetImageInfo
 0001:0000B5C8       CommCtrl.ImageList_LoadImage
 0001:0000B610       CommCtrl.ImageList_Read
 0001:0000B5B8       CommCtrl.ImageList_Remove
 0001:0000B5A8       CommCtrl.ImageList_Replace
 0001:0000B580       CommCtrl.ImageList_ReplaceIcon
 0001:0000B588       CommCtrl.ImageList_SetBkColor
 0001:0000B628       CommCtrl.ImageList_SetIconSize
 0001:0000B570       CommCtrl.ImageList_SetImageCount
 0001:0000B598       CommCtrl.ImageList_SetOverlayImage
 0001:0000B618       CommCtrl.ImageList_Write
 0001:0000B4D8       CommCtrl.InitComCtl
 0001:0000B668       CommCtrl.InitializeFlatSB
 0001:0000B670       CommCtrl.TaskDialogIndirect
 0004:00002C50       CommCtrl._InitCommonControlsEx
 0004:00002C54       CommCtrl._TaskDialogIndirect
 0001:0000B638       CommCtrl._TrackMouseEvent
 0001:00042604       Contnrs..TOrderedList
 0001:0004281C       Contnrs..TStack
 0001:000428AC       Contnrs.TOrderedList.AtLeast
 0001:000428D8       Contnrs.TOrderedList.Count
 0001:000428E0       Contnrs.TOrderedList.Create
 0001:00042924       Contnrs.TOrderedList.Destroy
 0001:000428B8       Contnrs.TOrderedList.Peek
 0001:00042954       Contnrs.TOrderedList.PeekItem
 0001:000428C0       Contnrs.TOrderedList.Pop
 0001:00042968       Contnrs.TOrderedList.PopItem
 0001:000428C8       Contnrs.TOrderedList.Push
 0001:00042988       Contnrs.TStack.PushItem
 0004:00005228       Controls..44
 0001:000737DC       Controls..TBaseDragControlObject
 0001:0007763C       Controls..TControl
 0001:00074468       Controls..TControlActionLink
 0001:00074050       Controls..TControlCanvas
 0001:0007B04C       Controls..TCustomControl
 0001:00074294       Controls..TCustomControlAction
 0001:0007571C       Controls..TCustomGestureCollectionItem
 0001:00075F5C       Controls..TCustomGestureEngine
 0001:0007597C       Controls..TCustomGestureManager
 0001:0007D5F4       Controls..TCustomHint
 0001:0007D39C       Controls..TCustomHintShowHideThread
 0001:0007CF60       Controls..TCustomHintWindow
 0001:0007C788       Controls..TCustomPanningWindow
 0001:00076130       Controls..TCustomTouchManager
 0001:0007C414       Controls..TDockTree
 0001:0007BE2C       Controls..TDockZone
 0001:00073978       Controls..TDragControlObject
 0001:00073AB4       Controls..TDragControlObjectEx
 0001:00073BC0       Controls..TDragDockObject
 0001:00073F38       Controls..TDragDockObjectEx
 0001:0007B728       Controls..TDragImageList
 0001:000732D8       Controls..TDragObject
 0001:0007AE7C       Controls..TGraphicControl
 0001:0007B268       Controls..THintWindow
 0001:0007BB84       Controls..TImageList
 0001:00074D54       Controls..TMargins
 0001:0007CA38       Controls..TMouse
 0001:00075238       Controls..TPadding
 0001:0007E24C       Controls..TSiteList
 0001:00074AEC       Controls..TSizeConstraints
 0001:000766E4       Controls..TTouchManager
 0001:000799B8       Controls..TWinControl
 0001:000793FC       Controls..TWinControlActionLink
 0001:0007EA00       Controls.AbsMin
 0004:0000525C       Controls.ActiveDrag
 0001:0008576C       Controls.AlignNestedControls
 0001:00085718       Controls.AlignWork
 0003:00001C78       Controls.AnchorAlign
 0003:00001C6C       Controls.AnimateWindowProc
 0003:00001DF4       Controls.AnimationStyle
 0001:00081C04       Controls.BackgroundClipped
 0001:00090170       Controls.CalcSplitterPos
 0001:0007FA84       Controls.CancelDrag
 0004:00005270       Controls.CanvasList
 0003:00001D30       Controls.CaptureControl
 0001:0007DC18       Controls.ChangeBiDiModeAlignment
 0001:0007F6EC       Controls.CheckUndock
 0001:0008CEA4       Controls.ClientToWindow
 0004:0000522E       Controls.ControlAtom
 0004:00005234       Controls.ControlAtomString
 0002:00000B30       Controls.Controls
 0003:00001D88       Controls.CPan
 0003:00001D84       Controls.CPanOoptions
 0003:00001DB8       Controls.CPanSingleFingerHorizontal
 0003:00001DB0       Controls.CPanSingleFingerVertical
 0003:00001DC0       Controls.CPanWithGutter
 0003:00001DC8       Controls.CPanWithInertia
 0003:00001DA0       Controls.CPressAndTap
 0003:00001C74       Controls.CreationControl
 0003:00001D98       Controls.CRotate
 0003:00001D74       Controls.Ctl3DStyles
 0003:00001DA8       Controls.CTwoFingerTap
 0003:00001C80       Controls.Cursors
 0001:0007E0E0       Controls.CursorToIdent
 0003:00001D90       Controls.CZoom
 0003:00001C70       Controls.DefaultDockTreeClass
 0001:00086B44       Controls.DestroyChildWindow
 0001:000859E4       Controls.DoAdjustSize
 0001:0008558C       Controls.DoAlign
 0001:0008ADCC       Controls.DoCalcConstraints
 0004:00005264       Controls.DockSiteList
 0001:00087A94       Controls.DoControlMsg
 0001:0007F000       Controls.DoDragOver
 0001:0008DB9C       Controls.DoFindControlZone
 0001:0008E2C8       Controls.DoFindZone
 0001:0008DC20       Controls.DoForEach
 0001:0008F940       Controls.DoGetNextLimit
 0001:00090A7C       Controls.DoneControls
 0001:00085544       Controls.DoPosition
 0001:0008EDEC       Controls.DoPrune
 0001:0008F334       Controls.DoSaveZone
 0001:0008F638       Controls.DoSetNewBounds
 0001:000867C0       Controls.DoWriteDesignSize
 0001:00083198       Controls.DoWriteExplicit
 0001:00083164       Controls.DoWriteIsControl
 0004:00005248       Controls.DragCapture
 0004:0000523C       Controls.DragControl
 0001:0007F760       Controls.DragDone
 0001:0007EFB0       Controls.DragFindTarget
 0001:0007EF84       Controls.DragFindWindow
 0004:00005260       Controls.DragImageList
 0001:0007F3C4       Controls.DragInit
 0001:0007F534       Controls.DragInitControl
 0004:00005244       Controls.DragInternalObject
 0001:0007EECC       Controls.DragMessage
 0004:00005240       Controls.DragObject
 0004:0000526C       Controls.DragSave
 0004:00005254       Controls.DragSaveCursor
 0004:0000524C       Controls.DragStartPos
 0004:00005258       Controls.DragThreshold
 0001:0007F0DC       Controls.DragTo
 0001:0008E86C       Controls.DrawCloseButton
 0001:0008E900       Controls.DrawGrabberLine
 0001:0008E98C       Controls.DrawThemedGrabber
 0001:00087FB0       Controls.DrawThemeEdge
 0003:00001D64       Controls.EdgeStyles
 0001:00092740       Controls.Finalization
 0001:0007DD70       Controls.FindControl
 0001:0007FAD0       Controls.FindDragTarget
 0001:0007FA9C       Controls.FindVCLWindow
 0004:00005274       Controls.FlagControl
 0001:0007FBC4       Controls.FreeDeviceContext
 0001:0007FC8C       Controls.FreeDeviceContexts
 0003:00001D7C       Controls.GestureMap
 0001:0007E1E0       Controls.GetCaptureControl
 0001:000853AC       Controls.GetClientSize
 0001:00087050       Controls.GetControlAtPos
 0001:0008FA20       Controls.GetDockAlign
 0001:0007ED24       Controls.GetDockSiteAtPos
 0001:0007F03C       Controls.GetDropCtl
 0001:0008D8CC       Controls.GetLastChildZone
 0001:0007E148       Controls.GetLongHint
 0001:0007E100       Controls.GetShortHint
 0001:0007E410       Controls.GetTopParent
 0001:0008FA9C       Controls.HideZone
 0001:0007E0F0       Controls.IdentToCursor
 0003:00001E1C       Controls.IMM32DLL
 0001:00090A68       Controls.Imm32IsIME
 0001:00090B1C       Controls.InitControls
 0001:00090634       Controls.InitIMM32
 0001:0007DC2C       Controls.InitWndProc
 0003:00001D44       Controls.InnerStyles
 0001:00085414       Controls.InsertBefore
 0001:0007EAE4       Controls.IsBeforeTargetWindow
 0001:0007EF24       Controls.IsDelphiHandle
 0001:0008D2E4       Controls.IsOrientationSet
 0001:0007ECE0       Controls.IsSiteChildOfClient
 0001:0007DDCC       Controls.IsVCLControl
 0004:0000521C       Controls.IsVCLControlHook
 0001:00091D94       Controls.LatestHintWindow
 0001:0007FB1C       Controls.ListAdd
 0001:0007FB44       Controls.ListRemove
 0003:00001E08       Controls.MakeLast
 0001:0008441C       Controls.MinVar
 0003:00001E20       Controls.ModeMap
 0004:00005218       Controls.Mouse
 0001:0007DBDC       Controls.MouseOriginToShiftState
 0001:0007FB94       Controls.MoveWindowOrg
 0004:00005224       Controls.NewStyleControls
 0001:0008D2C8       Controls.NextVisibleZone
 0001:0007DD3C       Controls.ObjectFromHWnd
 0003:00001DD0       Controls.Options
 0003:00001E00       Controls.OrientArray
 0003:00001D54       Controls.OuterStyles
 0003:00001D34       Controls.PaintMessage
 0001:0008D6F4       Controls.ParentNotLast
 0001:0007E190       Controls.PerformEraseBackground
 0001:000867AC       Controls.PointsEqual
 0004:00005268       Controls.QualifyingSites
 0001:0008E464       Controls.ReadControlName
 0001:0007EE70       Controls.RegisterDockSite
 0004:00005238       Controls.RM_GetObjectInstance
 0001:0007DDFC       Controls.SendAppMessage
 0001:0007E208       Controls.SetCaptureControl
 0001:00090990       Controls.SetImeMode
 0001:00083C94       Controls.SetParentColor
 0003:00001D3C       Controls.ShowFlags
 0001:0008FB1C       Controls.ShowZone
 0003:00001E14       Controls.SizeCursors
 0001:0007E7E4       Controls.TBaseDragControlObject.Assign
 0001:0007E7A8       Controls.TBaseDragControlObject.Create
 0001:0007E810       Controls.TBaseDragControlObject.EndDrag
 0001:0007E83C       Controls.TBaseDragControlObject.Finished
 0001:0008414C       Controls.TControl.ActionChange
 0001:00084540       Controls.TControl.AdjustSize
 0001:00084370       Controls.TControl.AssignTo
 0001:00081FA4       Controls.TControl.BeginAutoDrag
 0001:00081FC0       Controls.TControl.BeginDrag
 0001:00081A54       Controls.TControl.BringToFront
 0001:00082B68       Controls.TControl.CalcCursorPos
 0001:00082D20       Controls.TControl.CalcDockSizes
 0001:00082A68       Controls.TControl.CanAutoSize
 0001:00082A6C       Controls.TControl.CanResize
 0001:000813B4       Controls.TControl.ChangeScale
 0001:000837C4       Controls.TControl.CheckNewSize
 0001:00083598       Controls.TControl.Click
 0001:0008477C       Controls.TControl.ClientToParent
 0001:000811B8       Controls.TControl.ClientToScreen
 0001:00083E10       Controls.TControl.CMBiDiModeChanged
 0001:00083C88       Controls.TControl.CMColorChanged
 0001:00083F8C       Controls.TControl.CMDesignHitTest
 0001:00083C70       Controls.TControl.CMEnabledChanged
 0001:000840EC       Controls.TControl.CMFloat
 0001:00083C7C       Controls.TControl.CMFontChanged
 0001:00083D9C       Controls.TControl.CMGesture
 0001:000845CC       Controls.TControl.CMHintShow
 0001:00083EBC       Controls.TControl.CMHitTest
 0001:0008499C       Controls.TControl.CMMouseActivate
 0001:00083EC4       Controls.TControl.CMMouseEnter
 0001:00083F28       Controls.TControl.CMMouseLeave
 0001:00083D2C       Controls.TControl.CMMouseWheel
 0001:00083D08       Controls.TControl.CMParentBiDiModeChanged
 0001:00083CCC       Controls.TControl.CMParentColorChanged
 0001:00083E68       Controls.TControl.CMParentFontChanged
 0001:00083E2C       Controls.TControl.CMParentShowHintChanged
 0001:00083F94       Controls.TControl.CMParentTabletOptionsChanged
 0001:00083E98       Controls.TControl.CMSysFontChanged
 0001:00083C48       Controls.TControl.CMVisibleChanged
 0001:00082B38       Controls.TControl.ConstrainedResize
 0001:0008041C       Controls.TControl.Create
 0001:00083FC8       Controls.TControl.CreateFloatingDockSite
 0001:00084048       Controls.TControl.CreateTouchManager
 0001:00083610       Controls.TControl.DblClick
 0001:000824A0       Controls.TControl.DefaultDockImage
 0001:000830B0       Controls.TControl.DefaultHandler
 0001:000833B8       Controls.TControl.DefineProperties
 0001:00082B94       Controls.TControl.DesignWndProc
 0001:00080564       Controls.TControl.Destroy
 0001:0008424C       Controls.TControl.DoActionChange
 0001:00082A9C       Controls.TControl.DoCanAutoSize
 0001:00082B08       Controls.TControl.DoCanResize
 0001:00080E64       Controls.TControl.Dock
 0001:0008228C       Controls.TControl.DockTrackNoTarget
 0001:00082BC8       Controls.TControl.DoConstrainedResize
 0001:00082A5C       Controls.TControl.DoConstraintsChange
 0001:0008473C       Controls.TControl.DoContextPopup
 0001:00080F94       Controls.TControl.DoDock
 0001:000825EC       Controls.TControl.DoDragMsg
 0001:000822A4       Controls.TControl.DoEndDock
 0001:0008218C       Controls.TControl.DoEndDrag
 0001:0008216C       Controls.TControl.DoGesture
 0001:00082170       Controls.TControl.DoGetGestureOptions
 0001:000849C0       Controls.TControl.DoMarginChange
 0001:00082300       Controls.TControl.DoMouseActivate
 0001:00083668       Controls.TControl.DoMouseDown
 0001:00083A04       Controls.TControl.DoMouseUp
 0001:00082334       Controls.TControl.DoMouseWheel
 0001:00082408       Controls.TControl.DoMouseWheelDown
 0001:00082454       Controls.TControl.DoMouseWheelUp
 0001:000822D0       Controls.TControl.DoStartDock
 0001:0008214C       Controls.TControl.DoStartDrag
 0001:000820D4       Controls.TControl.DragCanceled
 0001:00082120       Controls.TControl.DragDrop
 0001:000820D8       Controls.TControl.Dragging
 0001:000820E4       Controls.TControl.DragOver
 0001:000825CC       Controls.TControl.DrawDragDockImage
 0001:00084560       Controls.TControl.DrawTextBiDiModeFlags
 0001:000845A0       Controls.TControl.DrawTextBiDiModeFlagsReadingOnly
 0001:000820A0       Controls.TControl.EndDrag
 0001:000825DC       Controls.TControl.EraseDragDockImage
 0001:00081864       Controls.TControl.FontChanged
 0001:00080720       Controls.TControl.GetAction
 0001:00084270       Controls.TControl.GetActionLinkClass
 0001:000849E4       Controls.TControl.GetAlignWithMargins
 0001:0008104C       Controls.TControl.GetBoundsRect
 0001:000810E8       Controls.TControl.GetClientHeight
 0001:00081128       Controls.TControl.GetClientOrigin
 0001:00081090       Controls.TControl.GetClientRect
 0001:000810A8       Controls.TControl.GetClientWidth
 0001:00081F3C       Controls.TControl.GetControlsAlignment
 0001:00082CF8       Controls.TControl.GetCustomHint
 0001:00081B5C       Controls.TControl.GetDeviceContext
 0001:0008445C       Controls.TControl.GetDockEdge
 0001:00080660       Controls.TControl.GetDragImages
 0001:00080910       Controls.TControl.GetDragMode
 0001:00080664       Controls.TControl.GetEnabled
 0001:0008450C       Controls.TControl.GetFloating
 0001:00084538       Controls.TControl.GetFloatingDockSiteClass
 0001:00081774       Controls.TControl.GetLRDockWidth
 0001:00081A1C       Controls.TControl.GetMouseCapture
 0001:0008066C       Controls.TControl.GetPalette
 0001:00080678       Controls.TControl.GetParentComponent
 0001:000837C0       Controls.TControl.GetPopupMenu
 0001:00081760       Controls.TControl.GetTBDockHeight
 0001:000817AC       Controls.TControl.GetText
 0001:0008172C       Controls.TControl.GetTextBuf
 0001:0008171C       Controls.TControl.GetTextLen
 0001:00081738       Controls.TControl.GetUndockHeight
 0001:0008174C       Controls.TControl.GetUndockWidth
 0001:00080670       Controls.TControl.HasParent
 0001:00081DE8       Controls.TControl.Hide
 0001:000845BC       Controls.TControl.InitiateAction
 0001:00081D20       Controls.TControl.Invalidate
 0001:00081C8C       Controls.TControl.InvalidateControl
 0001:0008084C       Controls.TControl.IsAnchorsStored
 0001:000818D8       Controls.TControl.IsBiDiModeStored
 0001:00084278       Controls.TControl.IsCaptionStored
 0001:000819B0       Controls.TControl.IsColorStored
 0001:00084298       Controls.TControl.IsEnabledStored
 0001:000818B8       Controls.TControl.IsFontStored
 0001:000842D8       Controls.TControl.IsHelpContextStored
 0001:000842B8       Controls.TControl.IsHintStored
 0001:00084318       Controls.TControl.IsOnClickStored
 0001:00081F40       Controls.TControl.IsRightToLeft
 0001:000818CC       Controls.TControl.IsShowHintStored
 0001:00080864       Controls.TControl.IsTouchPropertyStored
 0001:000842F8       Controls.TControl.IsVisibleStored
 0001:00084338       Controls.TControl.Loaded
 0001:000826DC       Controls.TControl.ManualDock
 0001:000828C8       Controls.TControl.ManualFloat
 0001:00081D34       Controls.TControl.MouseActivate
 0001:00083630       Controls.TControl.MouseDown
 0001:00083910       Controls.TControl.MouseMove
 0001:000839CC       Controls.TControl.MouseUp
 0001:00081D7C       Controls.TControl.MouseWheelHandler
 0001:000809E8       Controls.TControl.Notification
 0001:000806A4       Controls.TControl.PaletteChanged
 0001:0008488C       Controls.TControl.ParentToClient
 0001:00082C9C       Controls.TControl.Perform
 0001:00082CD0       Controls.TControl.Perform
 0001:00082CE4       Controls.TControl.Perform
 0001:000821B8       Controls.TControl.PositionDockRect
 0001:00084ABC       Controls.TControl.ReadExplicitHeight
 0001:00084AD4       Controls.TControl.ReadExplicitLeft
 0001:00084AA4       Controls.TControl.ReadExplicitTop
 0001:00084A7C       Controls.TControl.ReadExplicitWidth
 0001:00083144       Controls.TControl.ReadIsControl
 0001:00080938       Controls.TControl.ReadState
 0001:00081E34       Controls.TControl.Refresh
 0001:00081E40       Controls.TControl.Repaint
 0001:00082968       Controls.TControl.ReplaceDockedControl
 0001:00080900       Controls.TControl.RequestAlign
 0001:00080918       Controls.TControl.Resize
 0001:000811E4       Controls.TControl.ScaleConstraints
 0001:00081268       Controls.TControl.ScaleMargins
 0001:000812EC       Controls.TControl.ScreenToClient
 0001:00081318       Controls.TControl.SendCancelMode
 0001:00081348       Controls.TControl.SendDockNotification
 0001:00081A64       Controls.TControl.SendToBack
 0001:000807D0       Controls.TControl.SetAction
 0001:00080A64       Controls.TControl.SetAlign
 0001:000849EC       Controls.TControl.SetAlignWithMargins
 0001:00080730       Controls.TControl.SetAnchors
 0001:0008157C       Controls.TControl.SetAutoSize
 0001:00081848       Controls.TControl.SetBiDiMode
 0001:00080B4C       Controls.TControl.SetBounds
 0001:0008106C       Controls.TControl.SetBoundsRect
 0001:00081100       Controls.TControl.SetClientHeight
 0001:00081638       Controls.TControl.SetClientSize
 0001:000810C0       Controls.TControl.SetClientWidth
 0001:00081964       Controls.TControl.SetColor
 0001:00084770       Controls.TControl.SetConstraints
 0001:00081A00       Controls.TControl.SetCursor
 0001:00081B24       Controls.TControl.SetCustomHint
 0001:000808C4       Controls.TControl.SetDesignVisible
 0001:000808FC       Controls.TControl.SetDragMode
 0001:00081704       Controls.TControl.SetEnabled
 0001:000818A8       Controls.TControl.SetFont
 0001:00080E30       Controls.TControl.SetHeight
 0001:00080FEC       Controls.TControl.SetHelpContext
 0001:00081000       Controls.TControl.SetHelpKeyword
 0001:00081024       Controls.TControl.SetHostDockSite
 0001:00080D94       Controls.TControl.SetLeft
 0001:000849CC       Controls.TControl.SetMargins
 0001:00081A2C       Controls.TControl.SetMouseCapture
 0001:00081594       Controls.TControl.SetName
 0001:00081680       Controls.TControl.SetParent
 0001:000819DC       Controls.TControl.SetParentBiDiMode
 0001:000819B8       Controls.TControl.SetParentColor
 0001:0008067C       Controls.TControl.SetParentComponent
 0001:00081954       Controls.TControl.SetParentCustomHint
 0001:000818E0       Controls.TControl.SetParentFont
 0001:00081928       Controls.TControl.SetParentShowHint
 0001:00081788       Controls.TControl.SetPopupMenu
 0001:00081904       Controls.TControl.SetShowHint
 0001:000817E4       Controls.TControl.SetText
 0001:00080BEC       Controls.TControl.SetTextBuf
 0001:00080DC8       Controls.TControl.SetTop
 0001:000849D8       Controls.TControl.SetTouchManager
 0001:000816CC       Controls.TControl.SetVisible
 0001:00080DFC       Controls.TControl.SetWidth
 0001:00081B00       Controls.TControl.SetZOrder
 0001:00081A74       Controls.TControl.SetZOrderPosition
 0001:00081DF0       Controls.TControl.Show
 0001:00081E20       Controls.TControl.Update
 0001:00080C10       Controls.TControl.UpdateAnchorRules
 0001:00082D94       Controls.TControl.UpdateBoundsRect
 0001:00084A18       Controls.TControl.UpdateExplicitBounds
 0001:00081F70       Controls.TControl.UseRightToLeftAlignment
 0001:00081F58       Controls.TControl.UseRightToLeftReading
 0001:00081F88       Controls.TControl.UseRightToLeftScrollBar
 0001:00082DC4       Controls.TControl.VisibleChanging
 0001:00083B5C       Controls.TControl.WMCancelMode
 0001:000845FC       Controls.TControl.WMContextMenu
 0001:0008376C       Controls.TControl.WMLButtonDblClk
 0001:00083704       Controls.TControl.WMLButtonDown
 0001:00083A48       Controls.TControl.WMLButtonUp
 0001:000838E4       Controls.TControl.WMMButtonDblClk
 0001:000838B8       Controls.TControl.WMMButtonDown
 0001:00083AE4       Controls.TControl.WMMButtonUp
 0001:00083944       Controls.TControl.WMMouseMove
 0001:00083B04       Controls.TControl.WMMouseWheel
 0001:00083750       Controls.TControl.WMNCLButtonDown
 0001:0008388C       Controls.TControl.WMRButtonDblClk
 0001:00083860       Controls.TControl.WMRButtonDown
 0001:00083AC4       Controls.TControl.WMRButtonUp
 0001:00083B98       Controls.TControl.WMWindowPosChanged
 0001:00082DC8       Controls.TControl.WndProc
 0001:00084A5C       Controls.TControl.WriteExplicitHeight
 0001:00084A6C       Controls.TControl.WriteExplicitLeft
 0001:00084A4C       Controls.TControl.WriteExplicitTop
 0001:00084A94       Controls.TControl.WriteExplicitWidth
 0001:00083158       Controls.TControl.WriteIsControl
 0001:0007FFBC       Controls.TControlActionLink.AssignClient
 0001:0007FFD8       Controls.TControlActionLink.DoShowHint
 0001:000800D4       Controls.TControlActionLink.IsCaptionLinked
 0001:00080148       Controls.TControlActionLink.IsDropdownMenuLinked
 0001:0008015C       Controls.TControlActionLink.IsEnabledLinked
 0001:00080190       Controls.TControlActionLink.IsEnableDropdownLinked
[...]
 0004:00002ADC       System.ExpectedMemoryLeaks
 0004:00002AE0       System.ExpectedMemoryLeaksListLocked
 0004:00002AE4       System.MappingObjectHandle
 0004:00002AE8       System.InitContext
 0004:00002B18       System.DLLThreadContext
 0004:00002B48       System.GetThreadPreferredUILanguages
 0004:00002B4C       System.SetThreadPreferredUILanguages
 0004:00002B50       System.GetThreadUILanguage
 0004:00002B54       System.UseThreadUILanguageAPI
 0004:00002B58       System.CrSec
 0004:00002B70       System.CachedLangID
 0004:00002B74       System.CachedLanguageNames
 0004:00002C20       System...
 0004:00002C38       SysInit.ModuleIsLib
 0004:00002C39       SysInit.ModuleIsCpp
 0004:00002C3C       SysInit.HInstance
 0004:00002C40       SysInit.tlsBuffer
 0004:00002C44       Windows..2
 0004:00002C48       Windows.HtmlHelpModule
 0004:00002C4C       CommCtrl.ComCtl32DLL
 0004:00002C50       CommCtrl._InitCommonControlsEx
 0004:00002C54       CommCtrl._TaskDialogIndirect
 0004:00002C58       Character.DataTable
 0004:00002C5C       Character.CatIndexPrimary
 0004:00002C60       Character.CatIndexSecondary
 0004:00002C64       Character.CategoryTable
 0004:00002C68       Character.NumIndexPrimary
 0004:00002C6C       Character.NumIndexSecondary
 0004:00002C70       Character.NumericValueTable
 0004:00002C74       SysUtils.Exception.$ClassInitFlag
 0004:00002C78       SysUtils.Exception.GetExceptionStackInfoProc
 0004:00002C7C       SysUtils.Exception.GetStackInfoStringProc
 0004:00002C80       SysUtils.Exception.CleanUpStackInfoProc
 0004:00002C84       SysUtils.CurrencyString
 0004:00002C88       SysUtils.CurrencyFormat
 0004:00002C89       SysUtils.NegCurrFormat
 0004:00002C8A       SysUtils.ThousandSeparator
 0004:00002C8C       SysUtils.DecimalSeparator
 0004:00002C8E       SysUtils.CurrencyDecimals
 0004:00002C90       SysUtils.DateSeparator
 0004:00002C94       SysUtils.ShortDateFormat
 0004:00002C98       SysUtils.LongDateFormat
 0004:00002C9C       SysUtils.TimeSeparator
 0004:00002CA0       SysUtils.TimeAMString
 0004:00002CA4       SysUtils.TimePMString
 0004:00002CA8       SysUtils.ShortTimeFormat
 0004:00002CAC       SysUtils.LongTimeFormat
 0004:00002CB0       SysUtils.ShortMonthNames
 0004:00002CE0       SysUtils.LongMonthNames
 0004:00002D10       SysUtils.ShortDayNames
 0004:00002D2C       SysUtils.LongDayNames
 0004:00002D48       SysUtils.SysLocale
 0004:00002D56       SysUtils.ListSeparator
 0004:00002D58       SysUtils.EraNames
 0004:00002D74       SysUtils.EraYearOffsets
 0004:00002D90       SysUtils.TrueBoolStrs
 0004:00002D94       SysUtils.FalseBoolStrs
 0004:00002D98       SysUtils.TEncoding.FASCIIEncoding
 0004:00002D9C       SysUtils.TEncoding.FBigEndianUnicodeEncoding
 0004:00002DA0       SysUtils.TEncoding.FDefaultEncoding
 0004:00002DA4       SysUtils.TEncoding.FUnicodeEncoding
 0004:00002DA8       SysUtils.TEncoding.FUTF7Encoding
 0004:00002DAC       SysUtils.TEncoding.FUTF8Encoding
 0004:00002DB0       SysUtils.TEncoding.$ClassInitFlag
 0004:00002DB4       SysUtils..76
 0004:00002DB8       SysUtils.OutOfMemory
 0004:00002DBC       SysUtils.InvalidPointer
 0004:00002DC0       SysUtils.SyncEventCache
 0004:00002EC0       SysUtils.EventCache
 0004:00002EC4       SysUtils.EventItemHolders
 0004:00002EC8       SysUtils.ValidatedUnitHashBuckets
 0004:00003EBC       SysUtils.UnitHashBuckets
 0004:00004EB0       SysUtils.LanguageArray
 0004:00004EB4       VarUtils.VariantChangeTypeEx
 0004:00004EB8       VarUtils.VarNeg
 0004:00004EBC       VarUtils.VarNot
 0004:00004EC0       VarUtils.VarAdd
 0004:00004EC4       VarUtils.VarSub
 0004:00004EC8       VarUtils.VarMul
 0004:00004ECC       VarUtils.VarDiv
 0004:00004ED0       VarUtils.VarIDiv
 0004:00004ED4       VarUtils.VarMod
 0004:00004ED8       VarUtils.VarAnd
 0004:00004EDC       VarUtils.VarOr
 0004:00004EE0       VarUtils.VarXor
 0004:00004EE4       VarUtils.VarCmp
 0004:00004EE8       VarUtils.VarI4FromStr
 0004:00004EEC       VarUtils.VarR4FromStr
 0004:00004EF0       VarUtils.VarR8FromStr
 0004:00004EF4       VarUtils.VarDateFromStr
 0004:00004EF8       VarUtils.VarCyFromStr
 0004:00004EFC       VarUtils.VarBoolFromStr
 0004:00004F00       VarUtils.VarBstrFromCy
 0004:00004F04       VarUtils.VarBstrFromDate
 0004:00004F08       VarUtils.VarBstrFromBool
 0004:00004F0C       VarUtils..5
 0004:00004F10       Variants.EmptyParam
 0004:00004F20       Variants.VarDispProc
 0004:00004F24       Variants.ClearAnyProc
 0004:00004F28       Variants.ChangeAnyProc
 0004:00004F2C       Variants.RefAnyProc
 0004:00004F30       Variants..81
 0004:00004F34       Variants.LVarTypes
 0004:00004F38       Variants.LVarTypeSync
 0004:00004F50       TypInfo..5
 0004:00004F54       Classes.TThread.$ClassInitFlag
 0004:00004F58       Classes.GlobalNameSpace
 0004:00004F5C       Classes.IsUniqueGlobalComponentNameProc
 0004:00004F60       Classes.SyncEvent
 0004:00004F64       Classes..66
 0004:00004F68       Classes.IntConstList
 0004:00004F6C       Classes.RegGroups
 0004:00004F70       Classes.FindGlobalComponentProcs
 0004:00004F74       Classes.GlobalFixupList
 0004:00004F78       Classes.ThreadLock
 0004:00004F90       Classes.ExternalThreads
 0004:00004F94       Classes.InstBlockList
 0004:00004F98       Classes.InstFreeList
 0004:00004F9C       TimeSpan.TTimeSpan.$ClassInitFlag
 0004:00004FA0       TimeSpan.TTimeSpan.FMinValue
 0004:00004FA8       TimeSpan.TTimeSpan.FMaxValue
 0004:00004FB0       SyncObjs..01
 0004:00004FB4       SyncObjs.CoWaitForMultipleHandlesProc
 0004:00004FB8       SyncObjs.InitializeConditionVariableProc
 0004:00004FBC       SyncObjs.SleepConditionVariableCSProc
 0004:00004FC0       SyncObjs.WakeConditionVariableProc
 0004:00004FC4       SyncObjs.WakeAllConditionVariableProc
 0004:00004FC8       UxTheme.OpenThemeData
 0004:00004FCC       UxTheme.CloseThemeData
 0004:00004FD0       UxTheme.DrawThemeBackground
 0004:00004FD4       UxTheme.DrawThemeText
 0004:00004FD8       UxTheme.GetThemeBackgroundContentRect
 0004:00004FDC       UxTheme.GetThemeBackgroundExtent
 0004:00004FE0       UxTheme.GetThemePartSize
 0004:00004FE4       UxTheme.GetThemeTextExtent
 0004:00004FE8       UxTheme.GetThemeTextMetrics
 0004:00004FEC       UxTheme.GetThemeBackgroundRegion
 0004:00004FF0       UxTheme.HitTestThemeBackground
 0004:00004FF4       UxTheme.DrawThemeEdge
 0004:00004FF8       UxTheme.DrawThemeIcon
 0004:00004FFC       UxTheme.IsThemePartDefined
 0004:00005000       UxTheme.IsThemeBackgroundPartiallyTransparent
 0004:00005004       UxTheme.GetThemeColor
 0004:00005008       UxTheme.GetThemeMetric
 0004:0000500C       UxTheme.GetThemeString
 0004:00005010       UxTheme.GetThemeBool
 0004:00005014       UxTheme.GetThemeInt
 0004:00005018       UxTheme.GetThemeEnumValue
 0004:0000501C       UxTheme.GetThemePosition
 0004:00005020       UxTheme.GetThemeFont
 0004:00005024       UxTheme.GetThemeRect
 0004:00005028       UxTheme.GetThemeMargins
 0004:0000502C       UxTheme.GetThemeIntList
 0004:00005030       UxTheme.GetThemePropertyOrigin
 0004:00005034       UxTheme.SetWindowTheme
 0004:00005038       UxTheme.GetThemeFilename
 0004:0000503C       UxTheme.GetThemeSysColor
 0004:00005040       UxTheme.GetThemeSysColorBrush
 0004:00005044       UxTheme.GetThemeSysBool
 0004:00005048       UxTheme.GetThemeSysSize
 0004:0000504C       UxTheme.GetThemeSysFont
 0004:00005050       UxTheme.GetThemeSysString
 0004:00005054       UxTheme.GetThemeSysInt
 0004:00005058       UxTheme.IsThemeActive
 0004:0000505C       UxTheme.IsAppThemed
 0004:00005060       UxTheme.GetWindowTheme
 0004:00005064       UxTheme.EnableThemeDialogTexture
 0004:00005068       UxTheme.IsThemeDialogTextureEnabled
 0004:0000506C       UxTheme.GetThemeAppProperties
 0004:00005070       UxTheme.SetThemeAppProperties
 0004:00005074       UxTheme.GetCurrentThemeName
 0004:00005078       UxTheme.GetThemeDocumentationProperty
 0004:0000507C       UxTheme.DrawThemeParentBackground
 0004:00005080       UxTheme.EnableTheming
 0004:00005084       UxTheme..1
 0004:00005088       UxTheme.ThemeLibrary
 0004:0000508C       UxTheme.ReferenceCount
 0004:00005090       UxTheme.Lock
 0004:00005094       HelpIntfs..2
 0004:00005098       HelpIntfs.HelpManager
 0004:0000509C       MultiMon.GetSystemMetrics
 0004:000050A0       MultiMon.MonitorFromWindow
 0004:000050A4       MultiMon.MonitorFromRect
 0004:000050A8       MultiMon.MonitorFromPoint
 0004:000050AC       MultiMon.GetMonitorInfo
 0004:000050B0       MultiMon.GetMonitorInfoA
 0004:000050B4       MultiMon.GetMonitorInfoW
 0004:000050B8       MultiMon.EnumDisplayMonitors
 0004:000050BC       MultiMon..1
 0004:000050C0       MultiMon.User32Dll
 0004:000050C4       MultiMon.InitApis
 0004:000050CC       MultiMon.MMAvailable
 0004:000050D0       IOUtils.TPath.FAltDirectorySeparatorChar
 0004:000050D2       IOUtils.TPath.FDirectorySeparatorChar
 0004:000050D4       IOUtils.TPath.FPathSeparator
 0004:000050D6       IOUtils.TPath.FVolumeSeparatorChar
 0004:000050D8       IOUtils.TPath.FExtensionSeparatorChar
 0004:000050DC       IOUtils.TPath.FInvalidPathChars
 0004:000050E0       IOUtils.TPath.FInvalidFileNameChars
 0004:000050E4       IOUtils.TPath.FPathWildcardChars
 0004:000050E8       IOUtils.TPath.FFileNameWildCardChars
 0004:000050EC       IOUtils.TPath.$ClassInitFlag
 0004:000050F0       IOUtils..1
 0004:000050F4       IniFiles..7
 0004:000050F8       Registry..5
 0004:000050FC       Graphics.TWICImage.FImagingFactory
 0004:00005100       Graphics.SystemPalette16
 0004:00005104       Graphics..32
 0004:00005108       Graphics.ScreenLogPixels
 0004:0000510C       Graphics.StockPen
 0004:00005110       Graphics.StockBrush
 0004:00005114       Graphics.StockFont
 0004:00005118       Graphics.StockIcon
 0004:0000511C       Graphics.BitmapImageLock
 0004:00005134       Graphics.CounterLock
 0004:0000514C       Graphics.FontManager
 0004:00005150       Graphics.PenManager
 0004:00005154       Graphics.BrushManager
 0004:00005158       Graphics.CanvasList
 0004:0000515C       Graphics.PatternManager
 0004:00005160       GraphUtil..2
 0004:00005164       GraphUtil.MsImgHandle
 0004:00005168       GraphUtil.MsImgInitialized
 0004:0000516C       GraphUtil.GradientFillFunc
 0004:00005170       Printers..3
 0004:00005174       Clipbrd.CF_PICTURE
 0004:00005176       Clipbrd.CF_COMPONENT
 0004:00005178       Clipbrd..3
 0004:0000517C       Clipbrd.FClipboard
 0004:00005180       ExtCtrls.TCustomTrayIcon.RM_TaskbarCreated
 0004:00005184       ExtCtrls..94
 0004:00005188       ComCtrls..96
 0004:0000518C       ComCtrls.ConversionFormatList
 0004:00005190       ComCtrls.ShellModule
 0004:00005194       ComCtrls.FRichEditModule
 0004:00005198       Dialogs..03
 0004:0000519C       Dialogs.HelpMsg
 0004:000051A0       Dialogs.FindMsg
 0004:000051A4       Dialogs.ButtonWidths
 0004:000051D4       FlatSB.FlatSB_EnableScrollBar
 0004:000051D8       FlatSB.FlatSB_ShowScrollBar
 0004:000051DC       FlatSB.FlatSB_GetScrollRange
 0004:000051E0       FlatSB.FlatSB_GetScrollInfo
 0004:000051E4       FlatSB.FlatSB_GetScrollPos
 0004:000051E8       FlatSB.FlatSB_SetScrollPos
 0004:000051EC       FlatSB.FlatSB_SetScrollInfo
 0004:000051F0       FlatSB.FlatSB_SetScrollRange
 0004:000051F4       FlatSB..1
 0004:000051F8       FlatSB._FlatSB_GetScrollProp
 0004:000051FC       FlatSB._FlatSB_SetScrollProp
 0004:00005200       FlatSB._InitializeFlatSB
 0004:00005204       FlatSB._UninitializeFlatSB
 0004:00005208       Menus.PopupList
 0004:0000520C       Menus.ShortCutItems
 0004:00005210       Menus..01
 0004:00005214       Menus.CommandPool
 0004:00005218       Controls.Mouse
 0004:0000521C       Controls.IsVCLControlHook
 0004:00005224       Controls.NewStyleControls
 0004:00005228       Controls..44
 0004:0000522C       Controls.WindowAtom
 0004:0000522E       Controls.ControlAtom
 0004:00005230       Controls.WindowAtomString
 0004:00005234       Controls.ControlAtomString
 0004:00005238       Controls.RM_GetObjectInstance
 0004:0000523C       Controls.DragControl
 0004:00005240       Controls.DragObject
 0004:00005244       Controls.DragInternalObject
 0004:00005248       Controls.DragCapture
 0004:0000524C       Controls.DragStartPos
 0004:00005254       Controls.DragSaveCursor
 0004:00005258       Controls.DragThreshold
 0004:0000525C       Controls.ActiveDrag
 0004:00005260       Controls.DragImageList
 0004:00005264       Controls.DockSiteList
 0004:00005268       Controls.QualifyingSites
 0004:0000526C       Controls.DragSave
 0004:00005270       Controls.CanvasList
 0004:00005274       Controls.FlagControl
 0004:00005278       Controls._WINNLSEnableIME
 0004:0000527C       Controls._ImmGetContext
 0004:00005280       Controls._ImmReleaseContext
 0004:00005284       Controls._ImmGetConversionStatus
 0004:00005288       Controls._ImmSetConversionStatus
 0004:0000528C       Controls._ImmSetOpenStatus
 0004:00005290       Controls._ImmSetCompositionWindow
 0004:00005294       Controls._ImmSetCompositionFont
 0004:00005298       Controls._ImmGetCompositionString
 0004:0000529C       Controls._ImmIsIME
 0004:000052A0       Controls._ImmNotifyIME
 0004:000052A4       Themes..2
 0004:000052A8       Themes.InternalServices
 0004:000052AC       Themes.RM_UnthemedDesigner
 0004:000052B0       ImgList.CachedComCtrlVer
 0004:000052B4       ImgList.ImageListWriteExProc
 0004:000052B8       ActnList..9
 0004:000052BC       Forms.Application
 0004:000052C0       Forms.Screen
 0004:000052C4       Forms..51
 0004:000052C8       Forms.RM_TaskbarCreated
 0004:000052CC       Forms.HintThreadID
 0004:000052D0       Forms.HintDoneEvent
 0004:000052D4       Forms.HintHook
 0004:000052D8       Forms.HintThread
 0004:000052DC       Forms.IdleTimerHandle
 0004:000052E0       Forms.IdleTimerDelegate
 0004:000052E4       SvcMgr..7
 0004:000052E8       ServMain.UFBackUp
 0004:000052EC       ServMain.First
 0004:000052F0       ServMain.Sec
 0004:000052F4       ServMain.Third
 0004:000052F8       ServMain.Four
 0004:000052FC       ServMain.ini
 0004:00005300       ServMain.IsDBWorking
 0005:00000000       System.RaiseListPtr
 0005:00000004       System.InOutRes
 0005:00000008       Classes.TThread.FCurrentThread
 0005:0000000C       Classes.GlobalLoaded
 0005:00000010       Classes.GlobalLists
 0005:00000014       SyncObjs.OleThreadWnd
 0005:00000018       GraphUtil.CachedHighlightLum
 0005:0000001C       GraphUtil.CachedHighlightColor
 0005:00000020       GraphUtil.CachedHighlight
 0005:00000024       GraphUtil.CachedShadowLum
 0005:00000028       GraphUtil.CachedShadowColor
 0005:0000002C       GraphUtil.CachedShadow
 0005:00000030       GraphUtil.CachedColorValue
 0005:00000034       GraphUtil.CachedLumValue
 0005:00000038       GraphUtil.CachedColorAdjustLuma
 0005:0000003C       SysInit.TlsLast


Line numbers for _Int_DLL(_Int_DLL.pas) segment .text

   153 0001:00000000

Line numbers for ServMain(ServMain.pas) segment .text

    60 0001:000B6CB4    62 0001:000B6CBC    80 0001:000B6CC4    81 0001:000B6CCE
    82 0001:000B6CDC    83 0001:000B6CE0    85 0001:000B6CF1    86 0001:000B6CFF
    95 0001:000B6D14    96 0001:000B6D34    97 0001:000B6D38    98 0001:000B6D3F
    99 0001:000B6D4D   100 0001:000B6D5B   101 0001:000B6D64   102 0001:000B6D6D
   103 0001:000B6D7F   104 0001:000B6D8B   106 0001:000B6DA4   108 0001:000B6DD4
   109 0001:000B6DED   111 0001:000B6DFF   113 0001:000B6E12   114 0001:000B6E2B
   116 0001:000B6E3D   118 0001:000B6E4D   121 0001:000B6E66   122 0001:000B6E74
   123 0001:000B6EC6   124 0001:000B6ED8   125 0001:000B6EE8   126 0001:000B6F03
   128 0001:000B6F16   131 0001:000B6F2F   133 0001:000B6F42   134 0001:000B6F5A
   135 0001:000B6F73   137 0001:000B6F85   139 0001:000B6F98   141 0001:000B6FAB
   142 0001:000B6FE3   145 0001:000B6FF5   146 0001:000B7015   149 0001:000B7022
   150 0001:000B7053   152 0001:000B7065   153 0001:000B707D   155 0001:000B7099
   156 0001:000B70A9   157 0001:000B70BA   158 0001:000B70CB   159 0001:000B70DC
   160 0001:000B7129   161 0001:000B7136   162 0001:000B714C   153 0001:000B714D
   163 0001:000B7156   164 0001:000B7177   166 0001:000B717D   167 0001:000B71B1
   169 0001:000B71D5   171 0001:000B71E6   172 0001:000B71EE   175 0001:000B720C
   177 0001:000B722A   182 0001:000B758C   183 0001:000B75BE   184 0001:000B75E5
   193 0001:000B7618   194 0001:000B7649   195 0001:000B7666   196 0001:000B766F
   203 0001:000B768A   207 0001:000B76AF   211 0001:000B76D0   212 0001:000B76E3
   213 0001:000B76F7   214 0001:000B7703   216 0001:000B7724   219 0001:000B7744
   220 0001:000B774E   221 0001:000B775A   222 0001:000B7766   224 0001:000B776B
   225 0001:000B776F   226 0001:000B7778   222 0001:000B7782   230 0001:000B778A
   231 0001:000B7793   232 0001:000B77AD   233 0001:000B77CF   234 0001:000B77D8
   236 0001:000B782A   240 0001:000B7842   241 0001:000B784D   244 0001:000B786B
   245 0001:000B7881   250 0001:000B78A0   251 0001:000B78AB   253 0001:000B78C6
   257 0001:000B78DE   228 0001:000B78FB   264 0001:000B7905   277 0001:000B79B4
   279 0001:000B79D2   284 0001:000B79E3   285 0001:000B79E7   286 0001:000B79F0
   288 0001:000B79FE   289 0001:000B7A17   291 0001:000B7A1E   292 0001:000B7A27
   289 0001:000B7A31   294 0001:000B7A34   298 0001:000B7A4C   299 0001:000B7A56
   300 0001:000B7A68   303 0001:000B7A81   304 0001:000B7A8A   305 0001:000B7AA4
   306 0001:000B7AC2   307 0001:000B7ACB   309 0001:000B7B0D   301 0001:000B7B20
   315 0001:000B7B2A   328 0001:000B7B54   329 0001:000B7B72   330 0001:000B7B7B
   332 0001:000B7B8C   333 0001:000B7B8F   334 0001:000B7B93   336 0001:000B7B98
   334 0001:000B7BA1   338 0001:000B7BA4   342 0001:000B7BBE   343 0001:000B7BD0
   344 0001:000B7BE4   347 0001:000B7BFD   348 0001:000B7C06   349 0001:000B7C20
   350 0001:000B7C42   351 0001:000B7C4B   353 0001:000B7C8D   345 0001:000B7C97
   360 0001:000B7CA3   364 0001:000B7CAD   380 0001:000B7CD4   381 0001:000B7CDD
   382 0001:000B7CFD   384 0001:000B7D04   385 0001:000B7D25   386 0001:000B7D72
   388 0001:000B7D7E   389 0001:000B7D9B   390 0001:000B7DD0   391 0001:000B7DF1
   394 0001:000B7E02   395 0001:000B7E06   397 0001:000B7E0A   398 0001:000B7E13
   395 0001:000B7E1D   402 0001:000B7E22   403 0001:000B7E34   404 0001:000B7E36
   405 0001:000B7E4B   406 0001:000B7E6F   409 0001:000B7E7A   410 0001:000B7E83
   411 0001:000B7E8C   412 0001:000B7E8D   414 0001:000B7E95   415 0001:000B7E97
   418 0001:000B7EA5   427 0001:000B7EB9   407 0001:000B7ECD   433 0001:000B7ED3
   437 0001:000B7F00   438 0001:000B7F03   439 0001:000B7F10   445 0001:000B7F14
   446 0001:000B7F19   449 0001:000B7F1C   451 0001:000B7F1F   455 0001:000B7F26
   461 0001:000B7F28   462 0001:000B7F3F   463 0001:000B7F48   465 0001:000B7F59
   466 0001:000B7F72   468 0001:000B7F77   469 0001:000B7F7E   470 0001:000B7F91
   471 0001:000B7F9B   472 0001:000B7FAE   473 0001:000B7FB8   474 0001:000B7FCB
   475 0001:000B7FD5   476 0001:000B7FE8   477 0001:000B7FF2   478 0001:000B7FF5
   481 0001:000B8050   482 0001:000B8056   483 0001:000B8060   484 0001:000B806A
   485 0001:000B8074   486 0001:000B807E   488 0001:000B8081   492 0001:000B808B

Line numbers for T3BackUp(T3BackUp.dpr) segment .itext

    11 0002:00000C64    13 0002:00000C75    14 0002:00000C81    15 0002:00000C95
    16 0002:00000CAD    18 0002:00000CB9

Bound resource files

d:\program files\embarcadero\rad studio\7.0\lib\character.res
d:\program files\embarcadero\rad studio\7.0\lib\Controls.res
ServMain.DFM
T3BackUp.RES
T3BackUp.drf


Program entry point at 0002:00000C64
